><<!DOCTYPE memetic-wikitext+tiddlywiki lar:///ha.ka.ba/lares/api/pono/sigils>>
#^^ text.html.tiddlywiki5.memetic-wikitext meta.variable.call.block.tiddlywiki5 meta.variable.macrocallblock.tiddlywiki5 punctuation.definition.call.block.begin.tiddlywiki5 punctuation.definition.macrocallblock.begin.tiddlywiki5
#  ^^^^^^^^ text.html.tiddlywiki5.memetic-wikitext meta.variable.call.block.tiddlywiki5 meta.variable.macrocallblock.tiddlywiki5 variable.name.call.tiddlywiki5 variable.name.macro.tiddlywiki5
#          ^ text.html.tiddlywiki5.memetic-wikitext meta.variable.call.block.tiddlywiki5 meta.variable.macrocallblock.tiddlywiki5 meta.variable.call.parameters.tiddlywiki5 meta.variable.macro.parameters.tiddlywiki5
#           ^^^^^^^^^^^^^^^^^^^^^^^^^^^ text.html.tiddlywiki5.memetic-wikitext meta.variable.call.block.tiddlywiki5 meta.variable.macrocallblock.tiddlywiki5 meta.variable.call.parameters.tiddlywiki5 meta.variable.macro.parameters.tiddlywiki5 meta.variable.call.parameter.tw-.tiddlywiki5 meta.variable.macro.parameter.tw-.tiddlywiki5 string.unquoted.html.tiddlywiki5
#                                      ^ text.html.tiddlywiki5.memetic-wikitext meta.variable.call.block.tiddlywiki5 meta.variable.macrocallblock.tiddlywiki5 meta.variable.call.parameters.tiddlywiki5 meta.variable.macro.parameters.tiddlywiki5
#                                       ^^^ text.html.tiddlywiki5.memetic-wikitext meta.variable.call.block.tiddlywiki5 meta.variable.macrocallblock.tiddlywiki5 meta.variable.call.parameters.tiddlywiki5 meta.variable.macro.parameters.tiddlywiki5 meta.variable.call.parameter.tw-lar.tiddlywiki5 meta.variable.macro.parameter.tw-lar.tiddlywiki5 variable.parameter.tiddlywiki5
#                                          ^ text.html.tiddlywiki5.memetic-wikitext meta.variable.call.block.tiddlywiki5 meta.variable.macrocallblock.tiddlywiki5 meta.variable.call.parameters.tiddlywiki5 meta.variable.macro.parameters.tiddlywiki5 meta.variable.call.parameter.tw-lar.tiddlywiki5 meta.variable.macro.parameter.tw-lar.tiddlywiki5 keyword.operator.assignment.tiddlywiki5
#                                           ^^^^^^^^^^^^^^^^^^^^^^^^^^^^^^^^^ text.html.tiddlywiki5.memetic-wikitext meta.variable.call.block.tiddlywiki5 meta.variable.macrocallblock.tiddlywiki5 meta.variable.call.parameters.tiddlywiki5 meta.variable.macro.parameters.tiddlywiki5 meta.variable.call.parameter.tw-lar.tiddlywiki5 meta.variable.macro.parameter.tw-lar.tiddlywiki5 string.unquoted.html.tiddlywiki5
#                                                                            ^^ text.html.tiddlywiki5.memetic-wikitext meta.variable.call.block.tiddlywiki5 meta.variable.macrocallblock.tiddlywiki5 punctuation.definition.call.block.end.tiddlywiki5 punctuation.definition.macrocallblock.end.tiddlywiki5
>
><<^ code="&#x0001;" namespace="⊙" from="?" -> to="lar:///ha.ka.ba/lares/api/pono/sigils">>
#^^ text.html.tiddlywiki5.memetic-wikitext meta.variable.call.block.tiddlywiki5 meta.variable.macrocallblock.tiddlywiki5 punctuation.definition.call.block.begin.tiddlywiki5 punctuation.definition.macrocallblock.begin.tiddlywiki5
#  ^ text.html.tiddlywiki5.memetic-wikitext meta.variable.call.block.tiddlywiki5 meta.variable.macrocallblock.tiddlywiki5 variable.name.call.tiddlywiki5 variable.name.macro.tiddlywiki5
#   ^ text.html.tiddlywiki5.memetic-wikitext meta.variable.call.block.tiddlywiki5 meta.variable.macrocallblock.tiddlywiki5 meta.variable.call.parameters.tiddlywiki5 meta.variable.macro.parameters.tiddlywiki5
#    ^^^^ text.html.tiddlywiki5.memetic-wikitext meta.variable.call.block.tiddlywiki5 meta.variable.macrocallblock.tiddlywiki5 meta.variable.call.parameters.tiddlywiki5 meta.variable.macro.parameters.tiddlywiki5 meta.variable.call.parameter.tw-code.tiddlywiki5 meta.variable.macro.parameter.tw-code.tiddlywiki5 variable.parameter.tiddlywiki5
#        ^ text.html.tiddlywiki5.memetic-wikitext meta.variable.call.block.tiddlywiki5 meta.variable.macrocallblock.tiddlywiki5 meta.variable.call.parameters.tiddlywiki5 meta.variable.macro.parameters.tiddlywiki5 meta.variable.call.parameter.tw-code.tiddlywiki5 meta.variable.macro.parameter.tw-code.tiddlywiki5 keyword.operator.assignment.tiddlywiki5
#         ^ text.html.tiddlywiki5.memetic-wikitext meta.variable.call.block.tiddlywiki5 meta.variable.macrocallblock.tiddlywiki5 meta.variable.call.parameters.tiddlywiki5 meta.variable.macro.parameters.tiddlywiki5 meta.variable.call.parameter.tw-code.tiddlywiki5 meta.variable.macro.parameter.tw-code.tiddlywiki5 string.quoted.double.html.tiddlywiki5 punctuation.definition.string.begin.html.tiddlywiki5
#          ^ text.html.tiddlywiki5.memetic-wikitext meta.variable.call.block.tiddlywiki5 meta.variable.macrocallblock.tiddlywiki5 meta.variable.call.parameters.tiddlywiki5 meta.variable.macro.parameters.tiddlywiki5 meta.variable.call.parameter.tw-code.tiddlywiki5 meta.variable.macro.parameter.tw-code.tiddlywiki5 string.quoted.double.html.tiddlywiki5 constant.character.entity.numeric.hexadecimal.html.tiddlywiki5 punctuation.definition.entity.html.tiddlywiki5
#           ^^^^^^ text.html.tiddlywiki5.memetic-wikitext meta.variable.call.block.tiddlywiki5 meta.variable.macrocallblock.tiddlywiki5 meta.variable.call.parameters.tiddlywiki5 meta.variable.macro.parameters.tiddlywiki5 meta.variable.call.parameter.tw-code.tiddlywiki5 meta.variable.macro.parameter.tw-code.tiddlywiki5 string.quoted.double.html.tiddlywiki5 constant.character.entity.numeric.hexadecimal.html.tiddlywiki5
#                 ^ text.html.tiddlywiki5.memetic-wikitext meta.variable.call.block.tiddlywiki5 meta.variable.macrocallblock.tiddlywiki5 meta.variable.call.parameters.tiddlywiki5 meta.variable.macro.parameters.tiddlywiki5 meta.variable.call.parameter.tw-code.tiddlywiki5 meta.variable.macro.parameter.tw-code.tiddlywiki5 string.quoted.double.html.tiddlywiki5 constant.character.entity.numeric.hexadecimal.html.tiddlywiki5 punctuation.definition.entity.html.tiddlywiki5
#                  ^ text.html.tiddlywiki5.memetic-wikitext meta.variable.call.block.tiddlywiki5 meta.variable.macrocallblock.tiddlywiki5 meta.variable.call.parameters.tiddlywiki5 meta.variable.macro.parameters.tiddlywiki5 meta.variable.call.parameter.tw-code.tiddlywiki5 meta.variable.macro.parameter.tw-code.tiddlywiki5 string.quoted.double.html.tiddlywiki5 punctuation.definition.string.end.html.tiddlywiki5
#                   ^ text.html.tiddlywiki5.memetic-wikitext meta.variable.call.block.tiddlywiki5 meta.variable.macrocallblock.tiddlywiki5 meta.variable.call.parameters.tiddlywiki5 meta.variable.macro.parameters.tiddlywiki5
#                    ^^^^^^^^^ text.html.tiddlywiki5.memetic-wikitext meta.variable.call.block.tiddlywiki5 meta.variable.macrocallblock.tiddlywiki5 meta.variable.call.parameters.tiddlywiki5 meta.variable.macro.parameters.tiddlywiki5 meta.variable.call.parameter.tw-namespace.tiddlywiki5 meta.variable.macro.parameter.tw-namespace.tiddlywiki5 variable.parameter.tiddlywiki5
#                             ^ text.html.tiddlywiki5.memetic-wikitext meta.variable.call.block.tiddlywiki5 meta.variable.macrocallblock.tiddlywiki5 meta.variable.call.parameters.tiddlywiki5 meta.variable.macro.parameters.tiddlywiki5 meta.variable.call.parameter.tw-namespace.tiddlywiki5 meta.variable.macro.parameter.tw-namespace.tiddlywiki5 keyword.operator.assignment.tiddlywiki5
#                              ^ text.html.tiddlywiki5.memetic-wikitext meta.variable.call.block.tiddlywiki5 meta.variable.macrocallblock.tiddlywiki5 meta.variable.call.parameters.tiddlywiki5 meta.variable.macro.parameters.tiddlywiki5 meta.variable.call.parameter.tw-namespace.tiddlywiki5 meta.variable.macro.parameter.tw-namespace.tiddlywiki5 string.quoted.double.html.tiddlywiki5 punctuation.definition.string.begin.html.tiddlywiki5
#                               ^ text.html.tiddlywiki5.memetic-wikitext meta.variable.call.block.tiddlywiki5 meta.variable.macrocallblock.tiddlywiki5 meta.variable.call.parameters.tiddlywiki5 meta.variable.macro.parameters.tiddlywiki5 meta.variable.call.parameter.tw-namespace.tiddlywiki5 meta.variable.macro.parameter.tw-namespace.tiddlywiki5 string.quoted.double.html.tiddlywiki5
#                                ^ text.html.tiddlywiki5.memetic-wikitext meta.variable.call.block.tiddlywiki5 meta.variable.macrocallblock.tiddlywiki5 meta.variable.call.parameters.tiddlywiki5 meta.variable.macro.parameters.tiddlywiki5 meta.variable.call.parameter.tw-namespace.tiddlywiki5 meta.variable.macro.parameter.tw-namespace.tiddlywiki5 string.quoted.double.html.tiddlywiki5 punctuation.definition.string.end.html.tiddlywiki5
#                                 ^ text.html.tiddlywiki5.memetic-wikitext meta.variable.call.block.tiddlywiki5 meta.variable.macrocallblock.tiddlywiki5 meta.variable.call.parameters.tiddlywiki5 meta.variable.macro.parameters.tiddlywiki5
#                                  ^^^^ text.html.tiddlywiki5.memetic-wikitext meta.variable.call.block.tiddlywiki5 meta.variable.macrocallblock.tiddlywiki5 meta.variable.call.parameters.tiddlywiki5 meta.variable.macro.parameters.tiddlywiki5 meta.variable.call.parameter.tw-from.tiddlywiki5 meta.variable.macro.parameter.tw-from.tiddlywiki5 variable.parameter.tiddlywiki5
#                                      ^ text.html.tiddlywiki5.memetic-wikitext meta.variable.call.block.tiddlywiki5 meta.variable.macrocallblock.tiddlywiki5 meta.variable.call.parameters.tiddlywiki5 meta.variable.macro.parameters.tiddlywiki5 meta.variable.call.parameter.tw-from.tiddlywiki5 meta.variable.macro.parameter.tw-from.tiddlywiki5 keyword.operator.assignment.tiddlywiki5
#                                       ^ text.html.tiddlywiki5.memetic-wikitext meta.variable.call.block.tiddlywiki5 meta.variable.macrocallblock.tiddlywiki5 meta.variable.call.parameters.tiddlywiki5 meta.variable.macro.parameters.tiddlywiki5 meta.variable.call.parameter.tw-from.tiddlywiki5 meta.variable.macro.parameter.tw-from.tiddlywiki5 string.quoted.double.html.tiddlywiki5 punctuation.definition.string.begin.html.tiddlywiki5
#                                        ^ text.html.tiddlywiki5.memetic-wikitext meta.variable.call.block.tiddlywiki5 meta.variable.macrocallblock.tiddlywiki5 meta.variable.call.parameters.tiddlywiki5 meta.variable.macro.parameters.tiddlywiki5 meta.variable.call.parameter.tw-from.tiddlywiki5 meta.variable.macro.parameter.tw-from.tiddlywiki5 string.quoted.double.html.tiddlywiki5
#                                         ^ text.html.tiddlywiki5.memetic-wikitext meta.variable.call.block.tiddlywiki5 meta.variable.macrocallblock.tiddlywiki5 meta.variable.call.parameters.tiddlywiki5 meta.variable.macro.parameters.tiddlywiki5 meta.variable.call.parameter.tw-from.tiddlywiki5 meta.variable.macro.parameter.tw-from.tiddlywiki5 string.quoted.double.html.tiddlywiki5 punctuation.definition.string.end.html.tiddlywiki5
#                                          ^ text.html.tiddlywiki5.memetic-wikitext meta.variable.call.block.tiddlywiki5 meta.variable.macrocallblock.tiddlywiki5 meta.variable.call.parameters.tiddlywiki5 meta.variable.macro.parameters.tiddlywiki5
#                                           ^ text.html.tiddlywiki5.memetic-wikitext meta.variable.call.block.tiddlywiki5 meta.variable.macrocallblock.tiddlywiki5 meta.variable.call.parameters.tiddlywiki5 meta.variable.macro.parameters.tiddlywiki5 meta.variable.call.parameter.tw-.tiddlywiki5 meta.variable.macro.parameter.tw-.tiddlywiki5 string.unquoted.html.tiddlywiki5
#                                            ^^ text.html.tiddlywiki5.memetic-wikitext meta.variable.call.block.tiddlywiki5 meta.variable.macrocallblock.tiddlywiki5 meta.variable.call.parameters.tiddlywiki5 meta.variable.macro.parameters.tiddlywiki5
#                                              ^^ text.html.tiddlywiki5.memetic-wikitext meta.variable.call.block.tiddlywiki5 meta.variable.macrocallblock.tiddlywiki5 meta.variable.call.parameters.tiddlywiki5 meta.variable.macro.parameters.tiddlywiki5 meta.variable.call.parameter.tw-to.tiddlywiki5 meta.variable.macro.parameter.tw-to.tiddlywiki5 variable.parameter.tiddlywiki5
#                                                ^ text.html.tiddlywiki5.memetic-wikitext meta.variable.call.block.tiddlywiki5 meta.variable.macrocallblock.tiddlywiki5 meta.variable.call.parameters.tiddlywiki5 meta.variable.macro.parameters.tiddlywiki5 meta.variable.call.parameter.tw-to.tiddlywiki5 meta.variable.macro.parameter.tw-to.tiddlywiki5 keyword.operator.assignment.tiddlywiki5
#                                                 ^ text.html.tiddlywiki5.memetic-wikitext meta.variable.call.block.tiddlywiki5 meta.variable.macrocallblock.tiddlywiki5 meta.variable.call.parameters.tiddlywiki5 meta.variable.macro.parameters.tiddlywiki5 meta.variable.call.parameter.tw-to.tiddlywiki5 meta.variable.macro.parameter.tw-to.tiddlywiki5 string.quoted.double.html.tiddlywiki5 punctuation.definition.string.begin.html.tiddlywiki5
#                                                  ^^^ text.html.tiddlywiki5.memetic-wikitext meta.variable.call.block.tiddlywiki5 meta.variable.macrocallblock.tiddlywiki5 meta.variable.call.parameters.tiddlywiki5 meta.variable.macro.parameters.tiddlywiki5 meta.variable.call.parameter.tw-to.tiddlywiki5 meta.variable.macro.parameter.tw-to.tiddlywiki5 string.quoted.double.html.tiddlywiki5 markup.underline.link.lar.memetic-wikitext keyword.other.scheme.lar.memetic-wikitext
#                                                     ^ text.html.tiddlywiki5.memetic-wikitext meta.variable.call.block.tiddlywiki5 meta.variable.macrocallblock.tiddlywiki5 meta.variable.call.parameters.tiddlywiki5 meta.variable.macro.parameters.tiddlywiki5 meta.variable.call.parameter.tw-to.tiddlywiki5 meta.variable.macro.parameter.tw-to.tiddlywiki5 string.quoted.double.html.tiddlywiki5 markup.underline.link.lar.memetic-wikitext punctuation.separator.scheme.lar.memetic-wikitext
#                                                      ^^ text.html.tiddlywiki5.memetic-wikitext meta.variable.call.block.tiddlywiki5 meta.variable.macrocallblock.tiddlywiki5 meta.variable.call.parameters.tiddlywiki5 meta.variable.macro.parameters.tiddlywiki5 meta.variable.call.parameter.tw-to.tiddlywiki5 meta.variable.macro.parameter.tw-to.tiddlywiki5 string.quoted.double.html.tiddlywiki5 markup.underline.link.lar.memetic-wikitext string.unquoted.uri.lar.memetic-wikitext punctuation.definition.authority.lar.memetic-wikitext
#                                                        ^ text.html.tiddlywiki5.memetic-wikitext meta.variable.call.block.tiddlywiki5 meta.variable.macrocallblock.tiddlywiki5 meta.variable.call.parameters.tiddlywiki5 meta.variable.macro.parameters.tiddlywiki5 meta.variable.call.parameter.tw-to.tiddlywiki5 meta.variable.macro.parameter.tw-to.tiddlywiki5 string.quoted.double.html.tiddlywiki5 markup.underline.link.lar.memetic-wikitext string.unquoted.uri.lar.memetic-wikitext punctuation.separator.path.lar.memetic-wikitext
#                                                         ^^ text.html.tiddlywiki5.memetic-wikitext meta.variable.call.block.tiddlywiki5 meta.variable.macrocallblock.tiddlywiki5 meta.variable.call.parameters.tiddlywiki5 meta.variable.macro.parameters.tiddlywiki5 meta.variable.call.parameter.tw-to.tiddlywiki5 meta.variable.macro.parameter.tw-to.tiddlywiki5 string.quoted.double.html.tiddlywiki5 markup.underline.link.lar.memetic-wikitext string.unquoted.uri.lar.memetic-wikitext entity.name.tag.heading.lar.memetic-wikitext
#                                                           ^ text.html.tiddlywiki5.memetic-wikitext meta.variable.call.block.tiddlywiki5 meta.variable.macrocallblock.tiddlywiki5 meta.variable.call.parameters.tiddlywiki5 meta.variable.macro.parameters.tiddlywiki5 meta.variable.call.parameter.tw-to.tiddlywiki5 meta.variable.macro.parameter.tw-to.tiddlywiki5 string.quoted.double.html.tiddlywiki5 markup.underline.link.lar.memetic-wikitext string.unquoted.uri.lar.memetic-wikitext punctuation.separator.root.lar.memetic-wikitext
#                                                            ^^ text.html.tiddlywiki5.memetic-wikitext meta.variable.call.block.tiddlywiki5 meta.variable.macrocallblock.tiddlywiki5 meta.variable.call.parameters.tiddlywiki5 meta.variable.macro.parameters.tiddlywiki5 meta.variable.call.parameter.tw-to.tiddlywiki5 meta.variable.macro.parameter.tw-to.tiddlywiki5 string.quoted.double.html.tiddlywiki5 markup.underline.link.lar.memetic-wikitext string.unquoted.uri.lar.memetic-wikitext entity.name.tag.angle.lar.memetic-wikitext
#                                                              ^ text.html.tiddlywiki5.memetic-wikitext meta.variable.call.block.tiddlywiki5 meta.variable.macrocallblock.tiddlywiki5 meta.variable.call.parameters.tiddlywiki5 meta.variable.macro.parameters.tiddlywiki5 meta.variable.call.parameter.tw-to.tiddlywiki5 meta.variable.macro.parameter.tw-to.tiddlywiki5 string.quoted.double.html.tiddlywiki5 markup.underline.link.lar.memetic-wikitext string.unquoted.uri.lar.memetic-wikitext punctuation.separator.root.lar.memetic-wikitext
#                                                               ^^ text.html.tiddlywiki5.memetic-wikitext meta.variable.call.block.tiddlywiki5 meta.variable.macrocallblock.tiddlywiki5 meta.variable.call.parameters.tiddlywiki5 meta.variable.macro.parameters.tiddlywiki5 meta.variable.call.parameter.tw-to.tiddlywiki5 meta.variable.macro.parameter.tw-to.tiddlywiki5 string.quoted.double.html.tiddlywiki5 markup.underline.link.lar.memetic-wikitext string.unquoted.uri.lar.memetic-wikitext entity.name.tag.dynamic.lar.memetic-wikitext
#                                                                 ^ text.html.tiddlywiki5.memetic-wikitext meta.variable.call.block.tiddlywiki5 meta.variable.macrocallblock.tiddlywiki5 meta.variable.call.parameters.tiddlywiki5 meta.variable.macro.parameters.tiddlywiki5 meta.variable.call.parameter.tw-to.tiddlywiki5 meta.variable.macro.parameter.tw-to.tiddlywiki5 string.quoted.double.html.tiddlywiki5 markup.underline.link.lar.memetic-wikitext string.unquoted.uri.lar.memetic-wikitext punctuation.separator.path.lar.memetic-wikitext
#                                                                  ^^^^^ text.html.tiddlywiki5.memetic-wikitext meta.variable.call.block.tiddlywiki5 meta.variable.macrocallblock.tiddlywiki5 meta.variable.call.parameters.tiddlywiki5 meta.variable.macro.parameters.tiddlywiki5 meta.variable.call.parameter.tw-to.tiddlywiki5 meta.variable.macro.parameter.tw-to.tiddlywiki5 string.quoted.double.html.tiddlywiki5 markup.underline.link.lar.memetic-wikitext string.unquoted.uri.lar.memetic-wikitext
#                                                                       ^ text.html.tiddlywiki5.memetic-wikitext meta.variable.call.block.tiddlywiki5 meta.variable.macrocallblock.tiddlywiki5 meta.variable.call.parameters.tiddlywiki5 meta.variable.macro.parameters.tiddlywiki5 meta.variable.call.parameter.tw-to.tiddlywiki5 meta.variable.macro.parameter.tw-to.tiddlywiki5 string.quoted.double.html.tiddlywiki5 markup.underline.link.lar.memetic-wikitext string.unquoted.uri.lar.memetic-wikitext punctuation.separator.path.lar.memetic-wikitext
#                                                                        ^^^ text.html.tiddlywiki5.memetic-wikitext meta.variable.call.block.tiddlywiki5 meta.variable.macrocallblock.tiddlywiki5 meta.variable.call.parameters.tiddlywiki5 meta.variable.macro.parameters.tiddlywiki5 meta.variable.call.parameter.tw-to.tiddlywiki5 meta.variable.macro.parameter.tw-to.tiddlywiki5 string.quoted.double.html.tiddlywiki5 markup.underline.link.lar.memetic-wikitext string.unquoted.uri.lar.memetic-wikitext
#                                                                           ^ text.html.tiddlywiki5.memetic-wikitext meta.variable.call.block.tiddlywiki5 meta.variable.macrocallblock.tiddlywiki5 meta.variable.call.parameters.tiddlywiki5 meta.variable.macro.parameters.tiddlywiki5 meta.variable.call.parameter.tw-to.tiddlywiki5 meta.variable.macro.parameter.tw-to.tiddlywiki5 string.quoted.double.html.tiddlywiki5 markup.underline.link.lar.memetic-wikitext string.unquoted.uri.lar.memetic-wikitext punctuation.separator.path.lar.memetic-wikitext
#                                                                            ^^^^ text.html.tiddlywiki5.memetic-wikitext meta.variable.call.block.tiddlywiki5 meta.variable.macrocallblock.tiddlywiki5 meta.variable.call.parameters.tiddlywiki5 meta.variable.macro.parameters.tiddlywiki5 meta.variable.call.parameter.tw-to.tiddlywiki5 meta.variable.macro.parameter.tw-to.tiddlywiki5 string.quoted.double.html.tiddlywiki5 markup.underline.link.lar.memetic-wikitext string.unquoted.uri.lar.memetic-wikitext
#                                                                                ^ text.html.tiddlywiki5.memetic-wikitext meta.variable.call.block.tiddlywiki5 meta.variable.macrocallblock.tiddlywiki5 meta.variable.call.parameters.tiddlywiki5 meta.variable.macro.parameters.tiddlywiki5 meta.variable.call.parameter.tw-to.tiddlywiki5 meta.variable.macro.parameter.tw-to.tiddlywiki5 string.quoted.double.html.tiddlywiki5 markup.underline.link.lar.memetic-wikitext string.unquoted.uri.lar.memetic-wikitext punctuation.separator.path.lar.memetic-wikitext
#                                                                                 ^^^^^^ text.html.tiddlywiki5.memetic-wikitext meta.variable.call.block.tiddlywiki5 meta.variable.macrocallblock.tiddlywiki5 meta.variable.call.parameters.tiddlywiki5 meta.variable.macro.parameters.tiddlywiki5 meta.variable.call.parameter.tw-to.tiddlywiki5 meta.variable.macro.parameter.tw-to.tiddlywiki5 string.quoted.double.html.tiddlywiki5 markup.underline.link.lar.memetic-wikitext string.unquoted.uri.lar.memetic-wikitext
#                                                                                       ^ text.html.tiddlywiki5.memetic-wikitext meta.variable.call.block.tiddlywiki5 meta.variable.macrocallblock.tiddlywiki5 meta.variable.call.parameters.tiddlywiki5 meta.variable.macro.parameters.tiddlywiki5 meta.variable.call.parameter.tw-to.tiddlywiki5 meta.variable.macro.parameter.tw-to.tiddlywiki5 string.quoted.double.html.tiddlywiki5 punctuation.definition.string.end.html.tiddlywiki5
#                                                                                        ^^ text.html.tiddlywiki5.memetic-wikitext meta.variable.call.block.tiddlywiki5 meta.variable.macrocallblock.tiddlywiki5 punctuation.definition.call.block.end.tiddlywiki5 punctuation.definition.macrocallblock.end.tiddlywiki5
>```toml meta
#^^^ text.html.tiddlywiki5.memetic-wikitext markup.fenced_code.block.tiddlywiki5 meta.codeblock.tiddlywiki5 keyword.control.raw.fence.tiddlywiki5 punctuation.definition.raw.markup.begin.tiddlywiki5
#   ^^^^ text.html.tiddlywiki5.memetic-wikitext markup.fenced_code.block.tiddlywiki5 meta.codeblock.tiddlywiki5 markup.inline.raw.block.tiddlywiki5 entity.other.attribute-name.language.tiddlywiki5
#       ^^^^^ text.html.tiddlywiki5.memetic-wikitext markup.fenced_code.block.tiddlywiki5 meta.codeblock.tiddlywiki5 markup.inline.raw.block.tiddlywiki5
>uri-path = "ha.ka.ba/lares/api/pono/sigils"
#^^^^^^^^ text.html.tiddlywiki5.memetic-wikitext markup.fenced_code.block.tiddlywiki5 meta.codeblock.tiddlywiki5 markup.inline.raw.block.tiddlywiki5 meta.embedded.block.toml source.toml variable.other.key.toml
#        ^ text.html.tiddlywiki5.memetic-wikitext markup.fenced_code.block.tiddlywiki5 meta.codeblock.tiddlywiki5 markup.inline.raw.block.tiddlywiki5 meta.embedded.block.toml source.toml
#         ^ text.html.tiddlywiki5.memetic-wikitext markup.fenced_code.block.tiddlywiki5 meta.codeblock.tiddlywiki5 markup.inline.raw.block.tiddlywiki5 meta.embedded.block.toml source.toml punctuation.separator.key-value.toml
#          ^ text.html.tiddlywiki5.memetic-wikitext markup.fenced_code.block.tiddlywiki5 meta.codeblock.tiddlywiki5 markup.inline.raw.block.tiddlywiki5 meta.embedded.block.toml source.toml
#           ^ text.html.tiddlywiki5.memetic-wikitext markup.fenced_code.block.tiddlywiki5 meta.codeblock.tiddlywiki5 markup.inline.raw.block.tiddlywiki5 meta.embedded.block.toml source.toml string.quoted.double.toml punctuation.definition.string.begin.toml
#            ^^^^^^^^^^^^^^^^^^^^^^^^^^^^^^ text.html.tiddlywiki5.memetic-wikitext markup.fenced_code.block.tiddlywiki5 meta.codeblock.tiddlywiki5 markup.inline.raw.block.tiddlywiki5 meta.embedded.block.toml source.toml string.quoted.double.toml
#                                          ^ text.html.tiddlywiki5.memetic-wikitext markup.fenced_code.block.tiddlywiki5 meta.codeblock.tiddlywiki5 markup.inline.raw.block.tiddlywiki5 meta.embedded.block.toml source.toml string.quoted.double.toml punctuation.definition.string.end.toml
>```
#^^^ text.html.tiddlywiki5.memetic-wikitext markup.fenced_code.block.tiddlywiki5 meta.codeblock.tiddlywiki5 keyword.control.raw.fence.tiddlywiki5 punctuation.definition.raw.markup.end.tiddlywiki5
>
><<^ code="&#x0002;">>
#^^ text.html.tiddlywiki5.memetic-wikitext meta.variable.call.block.tiddlywiki5 meta.variable.macrocallblock.tiddlywiki5 punctuation.definition.call.block.begin.tiddlywiki5 punctuation.definition.macrocallblock.begin.tiddlywiki5
#  ^ text.html.tiddlywiki5.memetic-wikitext meta.variable.call.block.tiddlywiki5 meta.variable.macrocallblock.tiddlywiki5 variable.name.call.tiddlywiki5 variable.name.macro.tiddlywiki5
#   ^ text.html.tiddlywiki5.memetic-wikitext meta.variable.call.block.tiddlywiki5 meta.variable.macrocallblock.tiddlywiki5 meta.variable.call.parameters.tiddlywiki5 meta.variable.macro.parameters.tiddlywiki5
#    ^^^^ text.html.tiddlywiki5.memetic-wikitext meta.variable.call.block.tiddlywiki5 meta.variable.macrocallblock.tiddlywiki5 meta.variable.call.parameters.tiddlywiki5 meta.variable.macro.parameters.tiddlywiki5 meta.variable.call.parameter.tw-code.tiddlywiki5 meta.variable.macro.parameter.tw-code.tiddlywiki5 variable.parameter.tiddlywiki5
#        ^ text.html.tiddlywiki5.memetic-wikitext meta.variable.call.block.tiddlywiki5 meta.variable.macrocallblock.tiddlywiki5 meta.variable.call.parameters.tiddlywiki5 meta.variable.macro.parameters.tiddlywiki5 meta.variable.call.parameter.tw-code.tiddlywiki5 meta.variable.macro.parameter.tw-code.tiddlywiki5 keyword.operator.assignment.tiddlywiki5
#         ^ text.html.tiddlywiki5.memetic-wikitext meta.variable.call.block.tiddlywiki5 meta.variable.macrocallblock.tiddlywiki5 meta.variable.call.parameters.tiddlywiki5 meta.variable.macro.parameters.tiddlywiki5 meta.variable.call.parameter.tw-code.tiddlywiki5 meta.variable.macro.parameter.tw-code.tiddlywiki5 string.quoted.double.html.tiddlywiki5 punctuation.definition.string.begin.html.tiddlywiki5
#          ^ text.html.tiddlywiki5.memetic-wikitext meta.variable.call.block.tiddlywiki5 meta.variable.macrocallblock.tiddlywiki5 meta.variable.call.parameters.tiddlywiki5 meta.variable.macro.parameters.tiddlywiki5 meta.variable.call.parameter.tw-code.tiddlywiki5 meta.variable.macro.parameter.tw-code.tiddlywiki5 string.quoted.double.html.tiddlywiki5 constant.character.entity.numeric.hexadecimal.html.tiddlywiki5 punctuation.definition.entity.html.tiddlywiki5
#           ^^^^^^ text.html.tiddlywiki5.memetic-wikitext meta.variable.call.block.tiddlywiki5 meta.variable.macrocallblock.tiddlywiki5 meta.variable.call.parameters.tiddlywiki5 meta.variable.macro.parameters.tiddlywiki5 meta.variable.call.parameter.tw-code.tiddlywiki5 meta.variable.macro.parameter.tw-code.tiddlywiki5 string.quoted.double.html.tiddlywiki5 constant.character.entity.numeric.hexadecimal.html.tiddlywiki5
#                 ^ text.html.tiddlywiki5.memetic-wikitext meta.variable.call.block.tiddlywiki5 meta.variable.macrocallblock.tiddlywiki5 meta.variable.call.parameters.tiddlywiki5 meta.variable.macro.parameters.tiddlywiki5 meta.variable.call.parameter.tw-code.tiddlywiki5 meta.variable.macro.parameter.tw-code.tiddlywiki5 string.quoted.double.html.tiddlywiki5 constant.character.entity.numeric.hexadecimal.html.tiddlywiki5 punctuation.definition.entity.html.tiddlywiki5
#                  ^ text.html.tiddlywiki5.memetic-wikitext meta.variable.call.block.tiddlywiki5 meta.variable.macrocallblock.tiddlywiki5 meta.variable.call.parameters.tiddlywiki5 meta.variable.macro.parameters.tiddlywiki5 meta.variable.call.parameter.tw-code.tiddlywiki5 meta.variable.macro.parameter.tw-code.tiddlywiki5 string.quoted.double.html.tiddlywiki5 punctuation.definition.string.end.html.tiddlywiki5
#                   ^^ text.html.tiddlywiki5.memetic-wikitext meta.variable.call.block.tiddlywiki5 meta.variable.macrocallblock.tiddlywiki5 punctuation.definition.call.block.end.tiddlywiki5 punctuation.definition.macrocallblock.end.tiddlywiki5
>
><<~ ahu #sigils>>
#^^ text.html.tiddlywiki5.memetic-wikitext meta.variable.call.block.tiddlywiki5 meta.variable.macrocallblock.tiddlywiki5 punctuation.definition.call.block.begin.tiddlywiki5 punctuation.definition.macrocallblock.begin.tiddlywiki5
#  ^ text.html.tiddlywiki5.memetic-wikitext meta.variable.call.block.tiddlywiki5 meta.variable.macrocallblock.tiddlywiki5 variable.name.call.tiddlywiki5 variable.name.macro.tiddlywiki5
#   ^ text.html.tiddlywiki5.memetic-wikitext meta.variable.call.block.tiddlywiki5 meta.variable.macrocallblock.tiddlywiki5 meta.variable.call.parameters.tiddlywiki5 meta.variable.macro.parameters.tiddlywiki5
#    ^^^ text.html.tiddlywiki5.memetic-wikitext meta.variable.call.block.tiddlywiki5 meta.variable.macrocallblock.tiddlywiki5 meta.variable.call.parameters.tiddlywiki5 meta.variable.macro.parameters.tiddlywiki5 meta.variable.call.parameter.tw-.tiddlywiki5 meta.variable.macro.parameter.tw-.tiddlywiki5 string.unquoted.html.tiddlywiki5
#       ^ text.html.tiddlywiki5.memetic-wikitext meta.variable.call.block.tiddlywiki5 meta.variable.macrocallblock.tiddlywiki5 meta.variable.call.parameters.tiddlywiki5 meta.variable.macro.parameters.tiddlywiki5
#        ^^^^^^^ text.html.tiddlywiki5.memetic-wikitext meta.variable.call.block.tiddlywiki5 meta.variable.macrocallblock.tiddlywiki5 meta.variable.call.parameters.tiddlywiki5 meta.variable.macro.parameters.tiddlywiki5 meta.variable.call.parameter.tw-.tiddlywiki5 meta.variable.macro.parameter.tw-.tiddlywiki5 string.unquoted.html.tiddlywiki5
#               ^^ text.html.tiddlywiki5.memetic-wikitext meta.variable.call.block.tiddlywiki5 meta.variable.macrocallblock.tiddlywiki5 punctuation.definition.call.block.end.tiddlywiki5 punctuation.definition.macrocallblock.end.tiddlywiki5
>
>!! Sigils, each on its own line
#^^ text.html.tiddlywiki5.memetic-wikitext markup.heading.2.tiddlywiki5 meta.heading.heading-2.tiddlywiki5 punctuation.definition.heading.tiddlywiki5 markup.heading.punctuation.definition.tiddlywiki5
#  ^^^^^^^^^^^^^^^^^^^^^^^^^^^^^ text.html.tiddlywiki5.memetic-wikitext markup.heading.2.tiddlywiki5 meta.heading.heading-2.tiddlywiki5 entity.name.section.tiddlywiki5
>
><<~ stance "🏛️ 🗡️">>
#^^ text.html.tiddlywiki5.memetic-wikitext meta.variable.call.block.tiddlywiki5 meta.variable.macrocallblock.tiddlywiki5 punctuation.definition.call.block.begin.tiddlywiki5 punctuation.definition.macrocallblock.begin.tiddlywiki5
#  ^ text.html.tiddlywiki5.memetic-wikitext meta.variable.call.block.tiddlywiki5 meta.variable.macrocallblock.tiddlywiki5 variable.name.call.tiddlywiki5 variable.name.macro.tiddlywiki5
#   ^ text.html.tiddlywiki5.memetic-wikitext meta.variable.call.block.tiddlywiki5 meta.variable.macrocallblock.tiddlywiki5 meta.variable.call.parameters.tiddlywiki5 meta.variable.macro.parameters.tiddlywiki5
#    ^^^^^^ text.html.tiddlywiki5.memetic-wikitext meta.variable.call.block.tiddlywiki5 meta.variable.macrocallblock.tiddlywiki5 meta.variable.call.parameters.tiddlywiki5 meta.variable.macro.parameters.tiddlywiki5 meta.variable.call.parameter.tw-.tiddlywiki5 meta.variable.macro.parameter.tw-.tiddlywiki5 string.unquoted.html.tiddlywiki5
#          ^ text.html.tiddlywiki5.memetic-wikitext meta.variable.call.block.tiddlywiki5 meta.variable.macrocallblock.tiddlywiki5 meta.variable.call.parameters.tiddlywiki5 meta.variable.macro.parameters.tiddlywiki5
#           ^ text.html.tiddlywiki5.memetic-wikitext meta.variable.call.block.tiddlywiki5 meta.variable.macrocallblock.tiddlywiki5 meta.variable.call.parameters.tiddlywiki5 meta.variable.macro.parameters.tiddlywiki5 meta.variable.call.parameter.tw-.tiddlywiki5 meta.variable.macro.parameter.tw-.tiddlywiki5 string.quoted.double.html.tiddlywiki5 punctuation.definition.string.begin.html.tiddlywiki5
#            ^^^^^^^ text.html.tiddlywiki5.memetic-wikitext meta.variable.call.block.tiddlywiki5 meta.variable.macrocallblock.tiddlywiki5 meta.variable.call.parameters.tiddlywiki5 meta.variable.macro.parameters.tiddlywiki5 meta.variable.call.parameter.tw-.tiddlywiki5 meta.variable.macro.parameter.tw-.tiddlywiki5 string.quoted.double.html.tiddlywiki5
#                   ^ text.html.tiddlywiki5.memetic-wikitext meta.variable.call.block.tiddlywiki5 meta.variable.macrocallblock.tiddlywiki5 meta.variable.call.parameters.tiddlywiki5 meta.variable.macro.parameters.tiddlywiki5 meta.variable.call.parameter.tw-.tiddlywiki5 meta.variable.macro.parameter.tw-.tiddlywiki5 string.quoted.double.html.tiddlywiki5 punctuation.definition.string.end.html.tiddlywiki5
#                    ^^ text.html.tiddlywiki5.memetic-wikitext meta.variable.call.block.tiddlywiki5 meta.variable.macrocallblock.tiddlywiki5 punctuation.definition.call.block.end.tiddlywiki5 punctuation.definition.macrocallblock.end.tiddlywiki5
><<~ mu Wand "ascii/* glyph/🜂 element/Fire">>
#^^ text.html.tiddlywiki5.memetic-wikitext meta.variable.call.block.tiddlywiki5 meta.variable.macrocallblock.tiddlywiki5 punctuation.definition.call.block.begin.tiddlywiki5 punctuation.definition.macrocallblock.begin.tiddlywiki5
#  ^ text.html.tiddlywiki5.memetic-wikitext meta.variable.call.block.tiddlywiki5 meta.variable.macrocallblock.tiddlywiki5 variable.name.call.tiddlywiki5 variable.name.macro.tiddlywiki5
#   ^ text.html.tiddlywiki5.memetic-wikitext meta.variable.call.block.tiddlywiki5 meta.variable.macrocallblock.tiddlywiki5 meta.variable.call.parameters.tiddlywiki5 meta.variable.macro.parameters.tiddlywiki5
#    ^^ text.html.tiddlywiki5.memetic-wikitext meta.variable.call.block.tiddlywiki5 meta.variable.macrocallblock.tiddlywiki5 meta.variable.call.parameters.tiddlywiki5 meta.variable.macro.parameters.tiddlywiki5 meta.variable.call.parameter.tw-.tiddlywiki5 meta.variable.macro.parameter.tw-.tiddlywiki5 string.unquoted.html.tiddlywiki5
#      ^ text.html.tiddlywiki5.memetic-wikitext meta.variable.call.block.tiddlywiki5 meta.variable.macrocallblock.tiddlywiki5 meta.variable.call.parameters.tiddlywiki5 meta.variable.macro.parameters.tiddlywiki5
#       ^^^^ text.html.tiddlywiki5.memetic-wikitext meta.variable.call.block.tiddlywiki5 meta.variable.macrocallblock.tiddlywiki5 meta.variable.call.parameters.tiddlywiki5 meta.variable.macro.parameters.tiddlywiki5 meta.variable.call.parameter.tw-.tiddlywiki5 meta.variable.macro.parameter.tw-.tiddlywiki5 string.unquoted.html.tiddlywiki5
#           ^ text.html.tiddlywiki5.memetic-wikitext meta.variable.call.block.tiddlywiki5 meta.variable.macrocallblock.tiddlywiki5 meta.variable.call.parameters.tiddlywiki5 meta.variable.macro.parameters.tiddlywiki5
#            ^ text.html.tiddlywiki5.memetic-wikitext meta.variable.call.block.tiddlywiki5 meta.variable.macrocallblock.tiddlywiki5 meta.variable.call.parameters.tiddlywiki5 meta.variable.macro.parameters.tiddlywiki5 meta.variable.call.parameter.tw-.tiddlywiki5 meta.variable.macro.parameter.tw-.tiddlywiki5 string.quoted.double.html.tiddlywiki5 punctuation.definition.string.begin.html.tiddlywiki5
#             ^^^^^^^^^^^^^^^^^^^^^^^^^^^^^ text.html.tiddlywiki5.memetic-wikitext meta.variable.call.block.tiddlywiki5 meta.variable.macrocallblock.tiddlywiki5 meta.variable.call.parameters.tiddlywiki5 meta.variable.macro.parameters.tiddlywiki5 meta.variable.call.parameter.tw-.tiddlywiki5 meta.variable.macro.parameter.tw-.tiddlywiki5 string.quoted.double.html.tiddlywiki5
#                                          ^ text.html.tiddlywiki5.memetic-wikitext meta.variable.call.block.tiddlywiki5 meta.variable.macrocallblock.tiddlywiki5 meta.variable.call.parameters.tiddlywiki5 meta.variable.macro.parameters.tiddlywiki5 meta.variable.call.parameter.tw-.tiddlywiki5 meta.variable.macro.parameter.tw-.tiddlywiki5 string.quoted.double.html.tiddlywiki5 punctuation.definition.string.end.html.tiddlywiki5
#                                           ^^ text.html.tiddlywiki5.memetic-wikitext meta.variable.call.block.tiddlywiki5 meta.variable.macrocallblock.tiddlywiki5 punctuation.definition.call.block.end.tiddlywiki5 punctuation.definition.macrocallblock.end.tiddlywiki5
><<~ carry Detail "ascii/* ascii/!">>
#^^ text.html.tiddlywiki5.memetic-wikitext meta.variable.call.block.tiddlywiki5 meta.variable.macrocallblock.tiddlywiki5 punctuation.definition.call.block.begin.tiddlywiki5 punctuation.definition.macrocallblock.begin.tiddlywiki5
#  ^ text.html.tiddlywiki5.memetic-wikitext meta.variable.call.block.tiddlywiki5 meta.variable.macrocallblock.tiddlywiki5 variable.name.call.tiddlywiki5 variable.name.macro.tiddlywiki5
#   ^ text.html.tiddlywiki5.memetic-wikitext meta.variable.call.block.tiddlywiki5 meta.variable.macrocallblock.tiddlywiki5 meta.variable.call.parameters.tiddlywiki5 meta.variable.macro.parameters.tiddlywiki5
#    ^^^^^ text.html.tiddlywiki5.memetic-wikitext meta.variable.call.block.tiddlywiki5 meta.variable.macrocallblock.tiddlywiki5 meta.variable.call.parameters.tiddlywiki5 meta.variable.macro.parameters.tiddlywiki5 meta.variable.call.parameter.tw-.tiddlywiki5 meta.variable.macro.parameter.tw-.tiddlywiki5 string.unquoted.html.tiddlywiki5
#         ^ text.html.tiddlywiki5.memetic-wikitext meta.variable.call.block.tiddlywiki5 meta.variable.macrocallblock.tiddlywiki5 meta.variable.call.parameters.tiddlywiki5 meta.variable.macro.parameters.tiddlywiki5
#          ^^^^^^ text.html.tiddlywiki5.memetic-wikitext meta.variable.call.block.tiddlywiki5 meta.variable.macrocallblock.tiddlywiki5 meta.variable.call.parameters.tiddlywiki5 meta.variable.macro.parameters.tiddlywiki5 meta.variable.call.parameter.tw-.tiddlywiki5 meta.variable.macro.parameter.tw-.tiddlywiki5 string.unquoted.html.tiddlywiki5
#                ^ text.html.tiddlywiki5.memetic-wikitext meta.variable.call.block.tiddlywiki5 meta.variable.macrocallblock.tiddlywiki5 meta.variable.call.parameters.tiddlywiki5 meta.variable.macro.parameters.tiddlywiki5
#                 ^ text.html.tiddlywiki5.memetic-wikitext meta.variable.call.block.tiddlywiki5 meta.variable.macrocallblock.tiddlywiki5 meta.variable.call.parameters.tiddlywiki5 meta.variable.macro.parameters.tiddlywiki5 meta.variable.call.parameter.tw-.tiddlywiki5 meta.variable.macro.parameter.tw-.tiddlywiki5 string.quoted.double.html.tiddlywiki5 punctuation.definition.string.begin.html.tiddlywiki5
#                  ^^^^^^^^^^^^^^^ text.html.tiddlywiki5.memetic-wikitext meta.variable.call.block.tiddlywiki5 meta.variable.macrocallblock.tiddlywiki5 meta.variable.call.parameters.tiddlywiki5 meta.variable.macro.parameters.tiddlywiki5 meta.variable.call.parameter.tw-.tiddlywiki5 meta.variable.macro.parameter.tw-.tiddlywiki5 string.quoted.double.html.tiddlywiki5
#                                 ^ text.html.tiddlywiki5.memetic-wikitext meta.variable.call.block.tiddlywiki5 meta.variable.macrocallblock.tiddlywiki5 meta.variable.call.parameters.tiddlywiki5 meta.variable.macro.parameters.tiddlywiki5 meta.variable.call.parameter.tw-.tiddlywiki5 meta.variable.macro.parameter.tw-.tiddlywiki5 string.quoted.double.html.tiddlywiki5 punctuation.definition.string.end.html.tiddlywiki5
#                                  ^^ text.html.tiddlywiki5.memetic-wikitext meta.variable.call.block.tiddlywiki5 meta.variable.macrocallblock.tiddlywiki5 punctuation.definition.call.block.end.tiddlywiki5 punctuation.definition.macrocallblock.end.tiddlywiki5
><<~ aka "https://www.rfc-editor.org/rfc/rfc2119">>
#^^ text.html.tiddlywiki5.memetic-wikitext meta.variable.call.block.tiddlywiki5 meta.variable.macrocallblock.tiddlywiki5 punctuation.definition.call.block.begin.tiddlywiki5 punctuation.definition.macrocallblock.begin.tiddlywiki5
#  ^ text.html.tiddlywiki5.memetic-wikitext meta.variable.call.block.tiddlywiki5 meta.variable.macrocallblock.tiddlywiki5 variable.name.call.tiddlywiki5 variable.name.macro.tiddlywiki5
#   ^ text.html.tiddlywiki5.memetic-wikitext meta.variable.call.block.tiddlywiki5 meta.variable.macrocallblock.tiddlywiki5 meta.variable.call.parameters.tiddlywiki5 meta.variable.macro.parameters.tiddlywiki5
#    ^^^ text.html.tiddlywiki5.memetic-wikitext meta.variable.call.block.tiddlywiki5 meta.variable.macrocallblock.tiddlywiki5 meta.variable.call.parameters.tiddlywiki5 meta.variable.macro.parameters.tiddlywiki5 meta.variable.call.parameter.tw-.tiddlywiki5 meta.variable.macro.parameter.tw-.tiddlywiki5 string.unquoted.html.tiddlywiki5
#       ^ text.html.tiddlywiki5.memetic-wikitext meta.variable.call.block.tiddlywiki5 meta.variable.macrocallblock.tiddlywiki5 meta.variable.call.parameters.tiddlywiki5 meta.variable.macro.parameters.tiddlywiki5
#        ^ text.html.tiddlywiki5.memetic-wikitext meta.variable.call.block.tiddlywiki5 meta.variable.macrocallblock.tiddlywiki5 meta.variable.call.parameters.tiddlywiki5 meta.variable.macro.parameters.tiddlywiki5 meta.variable.call.parameter.tw-.tiddlywiki5 meta.variable.macro.parameter.tw-.tiddlywiki5 string.quoted.double.html.tiddlywiki5 punctuation.definition.string.begin.html.tiddlywiki5
#         ^^^^^ text.html.tiddlywiki5.memetic-wikitext meta.variable.call.block.tiddlywiki5 meta.variable.macrocallblock.tiddlywiki5 meta.variable.call.parameters.tiddlywiki5 meta.variable.macro.parameters.tiddlywiki5 meta.variable.call.parameter.tw-.tiddlywiki5 meta.variable.macro.parameter.tw-.tiddlywiki5 string.quoted.double.html.tiddlywiki5 markup.underline.link.external.tiddlywiki5 string.other.link.title.tiddlywiki5 markup.underline.link.external.https.tiddlywiki5
#              ^^^^^^^^^^^^^^^^^^^^^^^^^^^^^^^^^ text.html.tiddlywiki5.memetic-wikitext meta.variable.call.block.tiddlywiki5 meta.variable.macrocallblock.tiddlywiki5 meta.variable.call.parameters.tiddlywiki5 meta.variable.macro.parameters.tiddlywiki5 meta.variable.call.parameter.tw-.tiddlywiki5 meta.variable.macro.parameter.tw-.tiddlywiki5 string.quoted.double.html.tiddlywiki5 markup.underline.link.external.tiddlywiki5 string.other.link.title.tiddlywiki5
#                                               ^ text.html.tiddlywiki5.memetic-wikitext meta.variable.call.block.tiddlywiki5 meta.variable.macrocallblock.tiddlywiki5 meta.variable.call.parameters.tiddlywiki5 meta.variable.macro.parameters.tiddlywiki5 meta.variable.call.parameter.tw-.tiddlywiki5 meta.variable.macro.parameter.tw-.tiddlywiki5 string.quoted.double.html.tiddlywiki5 punctuation.definition.string.end.html.tiddlywiki5
#                                                ^^ text.html.tiddlywiki5.memetic-wikitext meta.variable.call.block.tiddlywiki5 meta.variable.macrocallblock.tiddlywiki5 punctuation.definition.call.block.end.tiddlywiki5 punctuation.definition.macrocallblock.end.tiddlywiki5
>
>An address in prose: lar://alias:grant@host/heading.angle.dynamic/path#/fragment and one
#^^^^^^^^^^^^^^^^^^^^^ text.html.tiddlywiki5.memetic-wikitext meta.paragraph.tiddlywiki5
#                     ^^^ text.html.tiddlywiki5.memetic-wikitext meta.paragraph.tiddlywiki5 markup.underline.link.lar.memetic-wikitext keyword.other.scheme.lar.memetic-wikitext
#                        ^ text.html.tiddlywiki5.memetic-wikitext meta.paragraph.tiddlywiki5 markup.underline.link.lar.memetic-wikitext punctuation.separator.scheme.lar.memetic-wikitext
#                         ^^ text.html.tiddlywiki5.memetic-wikitext meta.paragraph.tiddlywiki5 markup.underline.link.lar.memetic-wikitext string.unquoted.uri.lar.memetic-wikitext punctuation.definition.authority.lar.memetic-wikitext
#                           ^^^^^ text.html.tiddlywiki5.memetic-wikitext meta.paragraph.tiddlywiki5 markup.underline.link.lar.memetic-wikitext string.unquoted.uri.lar.memetic-wikitext entity.name.persona.lar.memetic-wikitext
#                                ^ text.html.tiddlywiki5.memetic-wikitext meta.paragraph.tiddlywiki5 markup.underline.link.lar.memetic-wikitext string.unquoted.uri.lar.memetic-wikitext punctuation.separator.role.lar.memetic-wikitext
#                                 ^^^^^ text.html.tiddlywiki5.memetic-wikitext meta.paragraph.tiddlywiki5 markup.underline.link.lar.memetic-wikitext string.unquoted.uri.lar.memetic-wikitext support.role.lar.memetic-wikitext
#                                      ^ text.html.tiddlywiki5.memetic-wikitext meta.paragraph.tiddlywiki5 markup.underline.link.lar.memetic-wikitext string.unquoted.uri.lar.memetic-wikitext punctuation.separator.authority.lar.memetic-wikitext
#                                       ^^^^ text.html.tiddlywiki5.memetic-wikitext meta.paragraph.tiddlywiki5 markup.underline.link.lar.memetic-wikitext string.unquoted.uri.lar.memetic-wikitext entity.name.place.lar.memetic-wikitext
#                                           ^ text.html.tiddlywiki5.memetic-wikitext meta.paragraph.tiddlywiki5 markup.underline.link.lar.memetic-wikitext string.unquoted.uri.lar.memetic-wikitext punctuation.separator.path.lar.memetic-wikitext
#                                            ^^^^^^^ text.html.tiddlywiki5.memetic-wikitext meta.paragraph.tiddlywiki5 markup.underline.link.lar.memetic-wikitext string.unquoted.uri.lar.memetic-wikitext entity.name.tag.heading.lar.memetic-wikitext
#                                                   ^ text.html.tiddlywiki5.memetic-wikitext meta.paragraph.tiddlywiki5 markup.underline.link.lar.memetic-wikitext string.unquoted.uri.lar.memetic-wikitext punctuation.separator.root.lar.memetic-wikitext
#                                                    ^^^^^ text.html.tiddlywiki5.memetic-wikitext meta.paragraph.tiddlywiki5 markup.underline.link.lar.memetic-wikitext string.unquoted.uri.lar.memetic-wikitext entity.name.tag.angle.lar.memetic-wikitext
#                                                         ^ text.html.tiddlywiki5.memetic-wikitext meta.paragraph.tiddlywiki5 markup.underline.link.lar.memetic-wikitext string.unquoted.uri.lar.memetic-wikitext punctuation.separator.root.lar.memetic-wikitext
#                                                          ^^^^^^^ text.html.tiddlywiki5.memetic-wikitext meta.paragraph.tiddlywiki5 markup.underline.link.lar.memetic-wikitext string.unquoted.uri.lar.memetic-wikitext entity.name.tag.dynamic.lar.memetic-wikitext
#                                                                 ^ text.html.tiddlywiki5.memetic-wikitext meta.paragraph.tiddlywiki5 markup.underline.link.lar.memetic-wikitext string.unquoted.uri.lar.memetic-wikitext punctuation.separator.path.lar.memetic-wikitext
#                                                                  ^^^^ text.html.tiddlywiki5.memetic-wikitext meta.paragraph.tiddlywiki5 markup.underline.link.lar.memetic-wikitext string.unquoted.uri.lar.memetic-wikitext
#                                                                      ^ text.html.tiddlywiki5.memetic-wikitext meta.paragraph.tiddlywiki5 markup.underline.link.lar.memetic-wikitext punctuation.definition.anchor.memetic-wikitext
#                                                                       ^^^^^^^^^ text.html.tiddlywiki5.memetic-wikitext meta.paragraph.tiddlywiki5 markup.underline.link.lar.memetic-wikitext entity.name.tag.anchor.memetic-wikitext
#                                                                                ^^^^^^^^^ text.html.tiddlywiki5.memetic-wikitext meta.paragraph.tiddlywiki5
>without an authority: lar:///ha.ka.ba/lares/docs/handoff#shift-grammar-watch.
#^^^^^^^^^^^^^^^^^^^^^^ text.html.tiddlywiki5.memetic-wikitext meta.paragraph.tiddlywiki5
#                      ^^^ text.html.tiddlywiki5.memetic-wikitext meta.paragraph.tiddlywiki5 markup.underline.link.lar.memetic-wikitext keyword.other.scheme.lar.memetic-wikitext
#                         ^ text.html.tiddlywiki5.memetic-wikitext meta.paragraph.tiddlywiki5 markup.underline.link.lar.memetic-wikitext punctuation.separator.scheme.lar.memetic-wikitext
#                          ^^ text.html.tiddlywiki5.memetic-wikitext meta.paragraph.tiddlywiki5 markup.underline.link.lar.memetic-wikitext string.unquoted.uri.lar.memetic-wikitext punctuation.definition.authority.lar.memetic-wikitext
#                            ^ text.html.tiddlywiki5.memetic-wikitext meta.paragraph.tiddlywiki5 markup.underline.link.lar.memetic-wikitext string.unquoted.uri.lar.memetic-wikitext punctuation.separator.path.lar.memetic-wikitext
#                             ^^ text.html.tiddlywiki5.memetic-wikitext meta.paragraph.tiddlywiki5 markup.underline.link.lar.memetic-wikitext string.unquoted.uri.lar.memetic-wikitext entity.name.tag.heading.lar.memetic-wikitext
#                               ^ text.html.tiddlywiki5.memetic-wikitext meta.paragraph.tiddlywiki5 markup.underline.link.lar.memetic-wikitext string.unquoted.uri.lar.memetic-wikitext punctuation.separator.root.lar.memetic-wikitext
#                                ^^ text.html.tiddlywiki5.memetic-wikitext meta.paragraph.tiddlywiki5 markup.underline.link.lar.memetic-wikitext string.unquoted.uri.lar.memetic-wikitext entity.name.tag.angle.lar.memetic-wikitext
#                                  ^ text.html.tiddlywiki5.memetic-wikitext meta.paragraph.tiddlywiki5 markup.underline.link.lar.memetic-wikitext string.unquoted.uri.lar.memetic-wikitext punctuation.separator.root.lar.memetic-wikitext
#                                   ^^ text.html.tiddlywiki5.memetic-wikitext meta.paragraph.tiddlywiki5 markup.underline.link.lar.memetic-wikitext string.unquoted.uri.lar.memetic-wikitext entity.name.tag.dynamic.lar.memetic-wikitext
#                                     ^ text.html.tiddlywiki5.memetic-wikitext meta.paragraph.tiddlywiki5 markup.underline.link.lar.memetic-wikitext string.unquoted.uri.lar.memetic-wikitext punctuation.separator.path.lar.memetic-wikitext
#                                      ^^^^^ text.html.tiddlywiki5.memetic-wikitext meta.paragraph.tiddlywiki5 markup.underline.link.lar.memetic-wikitext string.unquoted.uri.lar.memetic-wikitext
#                                           ^ text.html.tiddlywiki5.memetic-wikitext meta.paragraph.tiddlywiki5 markup.underline.link.lar.memetic-wikitext string.unquoted.uri.lar.memetic-wikitext punctuation.separator.path.lar.memetic-wikitext
#                                            ^^^^ text.html.tiddlywiki5.memetic-wikitext meta.paragraph.tiddlywiki5 markup.underline.link.lar.memetic-wikitext string.unquoted.uri.lar.memetic-wikitext
#                                                ^ text.html.tiddlywiki5.memetic-wikitext meta.paragraph.tiddlywiki5 markup.underline.link.lar.memetic-wikitext string.unquoted.uri.lar.memetic-wikitext punctuation.separator.path.lar.memetic-wikitext
#                                                 ^^^^^^^ text.html.tiddlywiki5.memetic-wikitext meta.paragraph.tiddlywiki5 markup.underline.link.lar.memetic-wikitext string.unquoted.uri.lar.memetic-wikitext
#                                                        ^ text.html.tiddlywiki5.memetic-wikitext meta.paragraph.tiddlywiki5 markup.underline.link.lar.memetic-wikitext punctuation.definition.anchor.memetic-wikitext
#                                                         ^^^^^^^^^^^^^^^^^^^^ text.html.tiddlywiki5.memetic-wikitext meta.paragraph.tiddlywiki5 markup.underline.link.lar.memetic-wikitext entity.name.tag.anchor.memetic-wikitext
>
><<~/ahu>>
#^^ text.html.tiddlywiki5.memetic-wikitext meta.variable.call.block.tiddlywiki5 meta.variable.macrocallblock.tiddlywiki5 punctuation.definition.call.block.begin.tiddlywiki5 punctuation.definition.macrocallblock.begin.tiddlywiki5
#  ^^^^^ text.html.tiddlywiki5.memetic-wikitext meta.variable.call.block.tiddlywiki5 meta.variable.macrocallblock.tiddlywiki5 variable.name.call.tiddlywiki5 variable.name.macro.tiddlywiki5
#       ^^ text.html.tiddlywiki5.memetic-wikitext meta.variable.call.block.tiddlywiki5 meta.variable.macrocallblock.tiddlywiki5 punctuation.definition.call.block.end.tiddlywiki5 punctuation.definition.macrocallblock.end.tiddlywiki5
>
><<^ code="&#x0003;">>
#^^ text.html.tiddlywiki5.memetic-wikitext meta.variable.call.block.tiddlywiki5 meta.variable.macrocallblock.tiddlywiki5 punctuation.definition.call.block.begin.tiddlywiki5 punctuation.definition.macrocallblock.begin.tiddlywiki5
#  ^ text.html.tiddlywiki5.memetic-wikitext meta.variable.call.block.tiddlywiki5 meta.variable.macrocallblock.tiddlywiki5 variable.name.call.tiddlywiki5 variable.name.macro.tiddlywiki5
#   ^ text.html.tiddlywiki5.memetic-wikitext meta.variable.call.block.tiddlywiki5 meta.variable.macrocallblock.tiddlywiki5 meta.variable.call.parameters.tiddlywiki5 meta.variable.macro.parameters.tiddlywiki5
#    ^^^^ text.html.tiddlywiki5.memetic-wikitext meta.variable.call.block.tiddlywiki5 meta.variable.macrocallblock.tiddlywiki5 meta.variable.call.parameters.tiddlywiki5 meta.variable.macro.parameters.tiddlywiki5 meta.variable.call.parameter.tw-code.tiddlywiki5 meta.variable.macro.parameter.tw-code.tiddlywiki5 variable.parameter.tiddlywiki5
#        ^ text.html.tiddlywiki5.memetic-wikitext meta.variable.call.block.tiddlywiki5 meta.variable.macrocallblock.tiddlywiki5 meta.variable.call.parameters.tiddlywiki5 meta.variable.macro.parameters.tiddlywiki5 meta.variable.call.parameter.tw-code.tiddlywiki5 meta.variable.macro.parameter.tw-code.tiddlywiki5 keyword.operator.assignment.tiddlywiki5
#         ^ text.html.tiddlywiki5.memetic-wikitext meta.variable.call.block.tiddlywiki5 meta.variable.macrocallblock.tiddlywiki5 meta.variable.call.parameters.tiddlywiki5 meta.variable.macro.parameters.tiddlywiki5 meta.variable.call.parameter.tw-code.tiddlywiki5 meta.variable.macro.parameter.tw-code.tiddlywiki5 string.quoted.double.html.tiddlywiki5 punctuation.definition.string.begin.html.tiddlywiki5
#          ^ text.html.tiddlywiki5.memetic-wikitext meta.variable.call.block.tiddlywiki5 meta.variable.macrocallblock.tiddlywiki5 meta.variable.call.parameters.tiddlywiki5 meta.variable.macro.parameters.tiddlywiki5 meta.variable.call.parameter.tw-code.tiddlywiki5 meta.variable.macro.parameter.tw-code.tiddlywiki5 string.quoted.double.html.tiddlywiki5 constant.character.entity.numeric.hexadecimal.html.tiddlywiki5 punctuation.definition.entity.html.tiddlywiki5
#           ^^^^^^ text.html.tiddlywiki5.memetic-wikitext meta.variable.call.block.tiddlywiki5 meta.variable.macrocallblock.tiddlywiki5 meta.variable.call.parameters.tiddlywiki5 meta.variable.macro.parameters.tiddlywiki5 meta.variable.call.parameter.tw-code.tiddlywiki5 meta.variable.macro.parameter.tw-code.tiddlywiki5 string.quoted.double.html.tiddlywiki5 constant.character.entity.numeric.hexadecimal.html.tiddlywiki5
#                 ^ text.html.tiddlywiki5.memetic-wikitext meta.variable.call.block.tiddlywiki5 meta.variable.macrocallblock.tiddlywiki5 meta.variable.call.parameters.tiddlywiki5 meta.variable.macro.parameters.tiddlywiki5 meta.variable.call.parameter.tw-code.tiddlywiki5 meta.variable.macro.parameter.tw-code.tiddlywiki5 string.quoted.double.html.tiddlywiki5 constant.character.entity.numeric.hexadecimal.html.tiddlywiki5 punctuation.definition.entity.html.tiddlywiki5
#                  ^ text.html.tiddlywiki5.memetic-wikitext meta.variable.call.block.tiddlywiki5 meta.variable.macrocallblock.tiddlywiki5 meta.variable.call.parameters.tiddlywiki5 meta.variable.macro.parameters.tiddlywiki5 meta.variable.call.parameter.tw-code.tiddlywiki5 meta.variable.macro.parameter.tw-code.tiddlywiki5 string.quoted.double.html.tiddlywiki5 punctuation.definition.string.end.html.tiddlywiki5
#                   ^^ text.html.tiddlywiki5.memetic-wikitext meta.variable.call.block.tiddlywiki5 meta.variable.macrocallblock.tiddlywiki5 punctuation.definition.call.block.end.tiddlywiki5 punctuation.definition.macrocallblock.end.tiddlywiki5
>
><<^ code="&#x0004;" -> to="?">>
#^^ text.html.tiddlywiki5.memetic-wikitext meta.variable.call.block.tiddlywiki5 meta.variable.macrocallblock.tiddlywiki5 punctuation.definition.call.block.begin.tiddlywiki5 punctuation.definition.macrocallblock.begin.tiddlywiki5
#  ^ text.html.tiddlywiki5.memetic-wikitext meta.variable.call.block.tiddlywiki5 meta.variable.macrocallblock.tiddlywiki5 variable.name.call.tiddlywiki5 variable.name.macro.tiddlywiki5
#   ^ text.html.tiddlywiki5.memetic-wikitext meta.variable.call.block.tiddlywiki5 meta.variable.macrocallblock.tiddlywiki5 meta.variable.call.parameters.tiddlywiki5 meta.variable.macro.parameters.tiddlywiki5
#    ^^^^ text.html.tiddlywiki5.memetic-wikitext meta.variable.call.block.tiddlywiki5 meta.variable.macrocallblock.tiddlywiki5 meta.variable.call.parameters.tiddlywiki5 meta.variable.macro.parameters.tiddlywiki5 meta.variable.call.parameter.tw-code.tiddlywiki5 meta.variable.macro.parameter.tw-code.tiddlywiki5 variable.parameter.tiddlywiki5
#        ^ text.html.tiddlywiki5.memetic-wikitext meta.variable.call.block.tiddlywiki5 meta.variable.macrocallblock.tiddlywiki5 meta.variable.call.parameters.tiddlywiki5 meta.variable.macro.parameters.tiddlywiki5 meta.variable.call.parameter.tw-code.tiddlywiki5 meta.variable.macro.parameter.tw-code.tiddlywiki5 keyword.operator.assignment.tiddlywiki5
#         ^ text.html.tiddlywiki5.memetic-wikitext meta.variable.call.block.tiddlywiki5 meta.variable.macrocallblock.tiddlywiki5 meta.variable.call.parameters.tiddlywiki5 meta.variable.macro.parameters.tiddlywiki5 meta.variable.call.parameter.tw-code.tiddlywiki5 meta.variable.macro.parameter.tw-code.tiddlywiki5 string.quoted.double.html.tiddlywiki5 punctuation.definition.string.begin.html.tiddlywiki5
#          ^ text.html.tiddlywiki5.memetic-wikitext meta.variable.call.block.tiddlywiki5 meta.variable.macrocallblock.tiddlywiki5 meta.variable.call.parameters.tiddlywiki5 meta.variable.macro.parameters.tiddlywiki5 meta.variable.call.parameter.tw-code.tiddlywiki5 meta.variable.macro.parameter.tw-code.tiddlywiki5 string.quoted.double.html.tiddlywiki5 constant.character.entity.numeric.hexadecimal.html.tiddlywiki5 punctuation.definition.entity.html.tiddlywiki5
#           ^^^^^^ text.html.tiddlywiki5.memetic-wikitext meta.variable.call.block.tiddlywiki5 meta.variable.macrocallblock.tiddlywiki5 meta.variable.call.parameters.tiddlywiki5 meta.variable.macro.parameters.tiddlywiki5 meta.variable.call.parameter.tw-code.tiddlywiki5 meta.variable.macro.parameter.tw-code.tiddlywiki5 string.quoted.double.html.tiddlywiki5 constant.character.entity.numeric.hexadecimal.html.tiddlywiki5
#                 ^ text.html.tiddlywiki5.memetic-wikitext meta.variable.call.block.tiddlywiki5 meta.variable.macrocallblock.tiddlywiki5 meta.variable.call.parameters.tiddlywiki5 meta.variable.macro.parameters.tiddlywiki5 meta.variable.call.parameter.tw-code.tiddlywiki5 meta.variable.macro.parameter.tw-code.tiddlywiki5 string.quoted.double.html.tiddlywiki5 constant.character.entity.numeric.hexadecimal.html.tiddlywiki5 punctuation.definition.entity.html.tiddlywiki5
#                  ^ text.html.tiddlywiki5.memetic-wikitext meta.variable.call.block.tiddlywiki5 meta.variable.macrocallblock.tiddlywiki5 meta.variable.call.parameters.tiddlywiki5 meta.variable.macro.parameters.tiddlywiki5 meta.variable.call.parameter.tw-code.tiddlywiki5 meta.variable.macro.parameter.tw-code.tiddlywiki5 string.quoted.double.html.tiddlywiki5 punctuation.definition.string.end.html.tiddlywiki5
#                   ^ text.html.tiddlywiki5.memetic-wikitext meta.variable.call.block.tiddlywiki5 meta.variable.macrocallblock.tiddlywiki5 meta.variable.call.parameters.tiddlywiki5 meta.variable.macro.parameters.tiddlywiki5
#                    ^ text.html.tiddlywiki5.memetic-wikitext meta.variable.call.block.tiddlywiki5 meta.variable.macrocallblock.tiddlywiki5 meta.variable.call.parameters.tiddlywiki5 meta.variable.macro.parameters.tiddlywiki5 meta.variable.call.parameter.tw-.tiddlywiki5 meta.variable.macro.parameter.tw-.tiddlywiki5 string.unquoted.html.tiddlywiki5
#                     ^^ text.html.tiddlywiki5.memetic-wikitext meta.variable.call.block.tiddlywiki5 meta.variable.macrocallblock.tiddlywiki5 meta.variable.call.parameters.tiddlywiki5 meta.variable.macro.parameters.tiddlywiki5
#                       ^^ text.html.tiddlywiki5.memetic-wikitext meta.variable.call.block.tiddlywiki5 meta.variable.macrocallblock.tiddlywiki5 meta.variable.call.parameters.tiddlywiki5 meta.variable.macro.parameters.tiddlywiki5 meta.variable.call.parameter.tw-to.tiddlywiki5 meta.variable.macro.parameter.tw-to.tiddlywiki5 variable.parameter.tiddlywiki5
#                         ^ text.html.tiddlywiki5.memetic-wikitext meta.variable.call.block.tiddlywiki5 meta.variable.macrocallblock.tiddlywiki5 meta.variable.call.parameters.tiddlywiki5 meta.variable.macro.parameters.tiddlywiki5 meta.variable.call.parameter.tw-to.tiddlywiki5 meta.variable.macro.parameter.tw-to.tiddlywiki5 keyword.operator.assignment.tiddlywiki5
#                          ^ text.html.tiddlywiki5.memetic-wikitext meta.variable.call.block.tiddlywiki5 meta.variable.macrocallblock.tiddlywiki5 meta.variable.call.parameters.tiddlywiki5 meta.variable.macro.parameters.tiddlywiki5 meta.variable.call.parameter.tw-to.tiddlywiki5 meta.variable.macro.parameter.tw-to.tiddlywiki5 string.quoted.double.html.tiddlywiki5 punctuation.definition.string.begin.html.tiddlywiki5
#                           ^ text.html.tiddlywiki5.memetic-wikitext meta.variable.call.block.tiddlywiki5 meta.variable.macrocallblock.tiddlywiki5 meta.variable.call.parameters.tiddlywiki5 meta.variable.macro.parameters.tiddlywiki5 meta.variable.call.parameter.tw-to.tiddlywiki5 meta.variable.macro.parameter.tw-to.tiddlywiki5 string.quoted.double.html.tiddlywiki5
#                            ^ text.html.tiddlywiki5.memetic-wikitext meta.variable.call.block.tiddlywiki5 meta.variable.macrocallblock.tiddlywiki5 meta.variable.call.parameters.tiddlywiki5 meta.variable.macro.parameters.tiddlywiki5 meta.variable.call.parameter.tw-to.tiddlywiki5 meta.variable.macro.parameter.tw-to.tiddlywiki5 string.quoted.double.html.tiddlywiki5 punctuation.definition.string.end.html.tiddlywiki5
#                             ^^ text.html.tiddlywiki5.memetic-wikitext meta.variable.call.block.tiddlywiki5 meta.variable.macrocallblock.tiddlywiki5 punctuation.definition.call.block.end.tiddlywiki5 punctuation.definition.macrocallblock.end.tiddlywiki5
>