>title: common title prefix/
#^^^^^ source.tiddlywiki5.multids-file meta.multids.tiddler.fields.tiddlywiki5 meta.tiddler.field.tiddlywiki5 entity.other.attribute-name.field.tiddlywiki5
#     ^ source.tiddlywiki5.multids-file meta.multids.tiddler.fields.tiddlywiki5 meta.tiddler.field.tiddlywiki5 punctuation.separator.key-value.field.tiddlywiki5
#      ^^^^^^^^^^^^^^^^^^^^^ source.tiddlywiki5.multids-file meta.multids.tiddler.fields.tiddlywiki5 meta.tiddler.field.tiddlywiki5 string.unquoted.field.value.tiddlywiki5
>tags: common tags list {{test}}
#^^^^ source.tiddlywiki5.multids-file meta.multids.tiddler.fields.tiddlywiki5 meta.tiddler.field.tiddlywiki5 entity.other.attribute-name.field.tiddlywiki5
#    ^ source.tiddlywiki5.multids-file meta.multids.tiddler.fields.tiddlywiki5 meta.tiddler.field.tiddlywiki5 punctuation.separator.key-value.field.tiddlywiki5
#     ^^^^^^^^^^^^^^^^^^^^^^^^^^ source.tiddlywiki5.multids-file meta.multids.tiddler.fields.tiddlywiki5 meta.tiddler.field.tiddlywiki5 string.unquoted.field.value.tiddlywiki5
>text: this field will be overwritten by text fields of individual tiddlers. <<test>> {{tid}}
#^^^^ source.tiddlywiki5.multids-file meta.multids.tiddler.fields.tiddlywiki5 meta.tiddler.field.tiddlywiki5 entity.other.attribute-name.field.wikitext.tiddlywiki5
#    ^ source.tiddlywiki5.multids-file meta.multids.tiddler.fields.tiddlywiki5 meta.tiddler.field.tiddlywiki5 punctuation.separator.key-value.field.tiddlywiki5
#     ^^^^^^^^^^^^^^^^^^^^^^^^^^^^^^^^^^^^^^^^^^^^^^^^^^^^^^^^^^^^^^^^^^^^^^^ source.tiddlywiki5.multids-file meta.multids.tiddler.fields.tiddlywiki5 meta.tiddler.field.tiddlywiki5 meta.tiddler.field.value.wikitext.tiddlywiki5 text.html.tiddlywiki5 meta.paragraph.tiddlywiki5
#                                                                            ^^ source.tiddlywiki5.multids-file meta.multids.tiddler.fields.tiddlywiki5 meta.tiddler.field.tiddlywiki5 meta.tiddler.field.value.wikitext.tiddlywiki5 text.html.tiddlywiki5 meta.paragraph.tiddlywiki5 meta.variable.macrocallinline.tiddlywiki5 punctuation.definition.macrocallinline.begin.tiddlywiki5
#                                                                              ^^^^ source.tiddlywiki5.multids-file meta.multids.tiddler.fields.tiddlywiki5 meta.tiddler.field.tiddlywiki5 meta.tiddler.field.value.wikitext.tiddlywiki5 text.html.tiddlywiki5 meta.paragraph.tiddlywiki5 meta.variable.macrocallinline.tiddlywiki5 variable.name.macro.tiddlywiki5
#                                                                                  ^^ source.tiddlywiki5.multids-file meta.multids.tiddler.fields.tiddlywiki5 meta.tiddler.field.tiddlywiki5 meta.tiddler.field.value.wikitext.tiddlywiki5 text.html.tiddlywiki5 meta.paragraph.tiddlywiki5 meta.variable.macrocallinline.tiddlywiki5 punctuation.definition.macrocallinline.end.tiddlywiki5
#                                                                                    ^ source.tiddlywiki5.multids-file meta.multids.tiddler.fields.tiddlywiki5 meta.tiddler.field.tiddlywiki5 meta.tiddler.field.value.wikitext.tiddlywiki5 text.html.tiddlywiki5 meta.paragraph.tiddlywiki5
#                                                                                     ^^ source.tiddlywiki5.multids-file meta.multids.tiddler.fields.tiddlywiki5 meta.tiddler.field.tiddlywiki5 meta.tiddler.field.value.wikitext.tiddlywiki5 text.html.tiddlywiki5 meta.paragraph.tiddlywiki5 meta.transclusion.transcludeinline.tiddlywiki5 punctuation.definition.transclusion.transcludeinline.begin.tiddlywiki5
#                                                                                       ^^^ source.tiddlywiki5.multids-file meta.multids.tiddler.fields.tiddlywiki5 meta.tiddler.field.tiddlywiki5 meta.tiddler.field.value.wikitext.tiddlywiki5 text.html.tiddlywiki5 meta.paragraph.tiddlywiki5 meta.transclusion.transcludeinline.tiddlywiki5 meta.transclusion.tokenize.tiddlywiki5 meta.transclusion.text-reference.tiddlywiki5 meta.support.text-reference.tiddlywiki5 string.text-reference.tiddlywiki5 entity.name.tiddler.field.title.tiddlywiki5
#                                                                                          ^^ source.tiddlywiki5.multids-file meta.multids.tiddler.fields.tiddlywiki5 meta.tiddler.field.tiddlywiki5 meta.tiddler.field.value.wikitext.tiddlywiki5 text.html.tiddlywiki5 meta.paragraph.tiddlywiki5 meta.transclusion.transcludeinline.tiddlywiki5 punctuation.definition.transclusion.transcludeinline.end.tiddlywiki5
>
># Tiddler title suffixes and text fields
#^ source.tiddlywiki5.multids-file meta.multids.text.html.tiddlywiki5 comment.line.number-sign.tiddlywiki5.multids-file punctuation.definition.comment.tiddlywiki5.multids-file
# ^^^^^^^^^^^^^^^^^^^^^^^^^^^^^^^^^^^^^^^ source.tiddlywiki5.multids-file meta.multids.text.html.tiddlywiki5 comment.line.number-sign.tiddlywiki5.multids-file
>tiddler: text
#^^^^^^^ source.tiddlywiki5.multids-file meta.multids.text.html.tiddlywiki5 meta.multids.tiddler.title.text.htmltiddlywiki5.multids-file string.value.title.field.tiddlywiki5.multids-file
#       ^^ source.tiddlywiki5.multids-file meta.multids.text.html.tiddlywiki5 meta.multids.tiddler.title.text.htmltiddlywiki5.multids-file punctuation.separator.key-value.title-text.tiddlywiki5.multids-file
#         ^^^^ source.tiddlywiki5.multids-file meta.multids.text.html.tiddlywiki5 meta.multids.tiddler.title.text.htmltiddlywiki5.multids-file meta.tiddle.field.text.tiddlywiki5.multids-file text.html.tiddlywiki5 meta.paragraph.tiddlywiki5
>tiddler: text
#^^^^^^^ source.tiddlywiki5.multids-file meta.multids.text.html.tiddlywiki5 meta.multids.tiddler.title.text.htmltiddlywiki5.multids-file string.value.title.field.tiddlywiki5.multids-file
#       ^^ source.tiddlywiki5.multids-file meta.multids.text.html.tiddlywiki5 meta.multids.tiddler.title.text.htmltiddlywiki5.multids-file punctuation.separator.key-value.title-text.tiddlywiki5.multids-file
#         ^^^^ source.tiddlywiki5.multids-file meta.multids.text.html.tiddlywiki5 meta.multids.tiddler.title.text.htmltiddlywiki5.multids-file meta.tiddle.field.text.tiddlywiki5.multids-file text.html.tiddlywiki5 meta.paragraph.tiddlywiki5
>tiddler : text
#^^^^^^^^ source.tiddlywiki5.multids-file meta.multids.text.html.tiddlywiki5 meta.multids.tiddler.title.text.htmltiddlywiki5.multids-file string.value.title.field.tiddlywiki5.multids-file
#        ^^ source.tiddlywiki5.multids-file meta.multids.text.html.tiddlywiki5 meta.multids.tiddler.title.text.htmltiddlywiki5.multids-file punctuation.separator.key-value.title-text.tiddlywiki5.multids-file
#          ^^^^ source.tiddlywiki5.multids-file meta.multids.text.html.tiddlywiki5 meta.multids.tiddler.title.text.htmltiddlywiki5.multids-file meta.tiddle.field.text.tiddlywiki5.multids-file text.html.tiddlywiki5 meta.paragraph.tiddlywiki5
>tiddler   :   text 
#^^^^^^^^^^ source.tiddlywiki5.multids-file meta.multids.text.html.tiddlywiki5 meta.multids.tiddler.title.text.htmltiddlywiki5.multids-file string.value.title.field.tiddlywiki5.multids-file
#          ^^ source.tiddlywiki5.multids-file meta.multids.text.html.tiddlywiki5 meta.multids.tiddler.title.text.htmltiddlywiki5.multids-file punctuation.separator.key-value.title-text.tiddlywiki5.multids-file
#            ^^^^^^^ source.tiddlywiki5.multids-file meta.multids.text.html.tiddlywiki5 meta.multids.tiddler.title.text.htmltiddlywiki5.multids-file meta.tiddle.field.text.tiddlywiki5.multids-file text.html.tiddlywiki5 meta.paragraph.tiddlywiki5
>  tiddler   :   text <<var>> {{tiddler}}
#^^^^^^^^^^^^ source.tiddlywiki5.multids-file meta.multids.text.html.tiddlywiki5 meta.multids.tiddler.title.text.htmltiddlywiki5.multids-file string.value.title.field.tiddlywiki5.multids-file
#            ^^ source.tiddlywiki5.multids-file meta.multids.text.html.tiddlywiki5 meta.multids.tiddler.title.text.htmltiddlywiki5.multids-file punctuation.separator.key-value.title-text.tiddlywiki5.multids-file
#              ^^^^^^^ source.tiddlywiki5.multids-file meta.multids.text.html.tiddlywiki5 meta.multids.tiddler.title.text.htmltiddlywiki5.multids-file meta.tiddle.field.text.tiddlywiki5.multids-file text.html.tiddlywiki5 meta.paragraph.tiddlywiki5
#                     ^^ source.tiddlywiki5.multids-file meta.multids.text.html.tiddlywiki5 meta.multids.tiddler.title.text.htmltiddlywiki5.multids-file meta.tiddle.field.text.tiddlywiki5.multids-file text.html.tiddlywiki5 meta.paragraph.tiddlywiki5 meta.variable.macrocallinline.tiddlywiki5 punctuation.definition.macrocallinline.begin.tiddlywiki5
#                       ^^^ source.tiddlywiki5.multids-file meta.multids.text.html.tiddlywiki5 meta.multids.tiddler.title.text.htmltiddlywiki5.multids-file meta.tiddle.field.text.tiddlywiki5.multids-file text.html.tiddlywiki5 meta.paragraph.tiddlywiki5 meta.variable.macrocallinline.tiddlywiki5 variable.name.macro.tiddlywiki5
#                          ^^ source.tiddlywiki5.multids-file meta.multids.text.html.tiddlywiki5 meta.multids.tiddler.title.text.htmltiddlywiki5.multids-file meta.tiddle.field.text.tiddlywiki5.multids-file text.html.tiddlywiki5 meta.paragraph.tiddlywiki5 meta.variable.macrocallinline.tiddlywiki5 punctuation.definition.macrocallinline.end.tiddlywiki5
#                            ^ source.tiddlywiki5.multids-file meta.multids.text.html.tiddlywiki5 meta.multids.tiddler.title.text.htmltiddlywiki5.multids-file meta.tiddle.field.text.tiddlywiki5.multids-file text.html.tiddlywiki5 meta.paragraph.tiddlywiki5
#                             ^^ source.tiddlywiki5.multids-file meta.multids.text.html.tiddlywiki5 meta.multids.tiddler.title.text.htmltiddlywiki5.multids-file meta.tiddle.field.text.tiddlywiki5.multids-file text.html.tiddlywiki5 meta.paragraph.tiddlywiki5 meta.transclusion.transcludeinline.tiddlywiki5 punctuation.definition.transclusion.transcludeinline.begin.tiddlywiki5
#                               ^^^^^^^ source.tiddlywiki5.multids-file meta.multids.text.html.tiddlywiki5 meta.multids.tiddler.title.text.htmltiddlywiki5.multids-file meta.tiddle.field.text.tiddlywiki5.multids-file text.html.tiddlywiki5 meta.paragraph.tiddlywiki5 meta.transclusion.transcludeinline.tiddlywiki5 meta.transclusion.tokenize.tiddlywiki5 meta.transclusion.text-reference.tiddlywiki5 meta.support.text-reference.tiddlywiki5 string.text-reference.tiddlywiki5 entity.name.tiddler.field.title.tiddlywiki5
#                                      ^^ source.tiddlywiki5.multids-file meta.multids.text.html.tiddlywiki5 meta.multids.tiddler.title.text.htmltiddlywiki5.multids-file meta.tiddle.field.text.tiddlywiki5.multids-file text.html.tiddlywiki5 meta.paragraph.tiddlywiki5 meta.transclusion.transcludeinline.tiddlywiki5 punctuation.definition.transclusion.transcludeinline.end.tiddlywiki5
>  tiddler:: text
#^^^^^^^^^ source.tiddlywiki5.multids-file meta.multids.text.html.tiddlywiki5 meta.multids.tiddler.title.text.htmltiddlywiki5.multids-file string.value.title.field.tiddlywiki5.multids-file
#         ^ source.tiddlywiki5.multids-file meta.multids.text.html.tiddlywiki5 meta.multids.tiddler.title.text.htmltiddlywiki5.multids-file punctuation.separator.key-value.title-text.tiddlywiki5.multids-file
#          ^ source.tiddlywiki5.multids-file meta.multids.text.html.tiddlywiki5 meta.multids.tiddler.title.text.htmltiddlywiki5.multids-file meta.tiddle.field.text.tiddlywiki5.multids-file text.html.tiddlywiki5 markup.list.unnumbered.description.dl.dd.tiddlywiki5 punctuation.definition.unnumbered.description.dl.dd.list.markup.tiddlywiki5
#           ^^^^^ source.tiddlywiki5.multids-file meta.multids.text.html.tiddlywiki5 meta.multids.tiddler.title.text.htmltiddlywiki5.multids-file meta.tiddle.field.text.tiddlywiki5.multids-file text.html.tiddlywiki5 markup.list.unnumbered.description.dl.dd.tiddlywiki5
>  tiddler  ::   text 
#^^^^^^^^^^^ source.tiddlywiki5.multids-file meta.multids.text.html.tiddlywiki5 meta.multids.tiddler.title.text.htmltiddlywiki5.multids-file string.value.title.field.tiddlywiki5.multids-file
#           ^ source.tiddlywiki5.multids-file meta.multids.text.html.tiddlywiki5 meta.multids.tiddler.title.text.htmltiddlywiki5.multids-file punctuation.separator.key-value.title-text.tiddlywiki5.multids-file
#            ^ source.tiddlywiki5.multids-file meta.multids.text.html.tiddlywiki5 meta.multids.tiddler.title.text.htmltiddlywiki5.multids-file meta.tiddle.field.text.tiddlywiki5.multids-file text.html.tiddlywiki5 markup.list.unnumbered.description.dl.dd.tiddlywiki5 punctuation.definition.unnumbered.description.dl.dd.list.markup.tiddlywiki5
#             ^^^^^^^^ source.tiddlywiki5.multids-file meta.multids.text.html.tiddlywiki5 meta.multids.tiddler.title.text.htmltiddlywiki5.multids-file meta.tiddle.field.text.tiddlywiki5.multids-file text.html.tiddlywiki5 markup.list.unnumbered.description.dl.dd.tiddlywiki5
>  tiddler   : :text 
#^^^^^^^^^^^^ source.tiddlywiki5.multids-file meta.multids.text.html.tiddlywiki5 meta.multids.tiddler.title.text.htmltiddlywiki5.multids-file string.value.title.field.tiddlywiki5.multids-file
#            ^^ source.tiddlywiki5.multids-file meta.multids.text.html.tiddlywiki5 meta.multids.tiddler.title.text.htmltiddlywiki5.multids-file punctuation.separator.key-value.title-text.tiddlywiki5.multids-file
#              ^ source.tiddlywiki5.multids-file meta.multids.text.html.tiddlywiki5 meta.multids.tiddler.title.text.htmltiddlywiki5.multids-file meta.tiddle.field.text.tiddlywiki5.multids-file text.html.tiddlywiki5 markup.list.unnumbered.description.dl.dd.tiddlywiki5 punctuation.definition.unnumbered.description.dl.dd.list.markup.tiddlywiki5
#               ^^^^^ source.tiddlywiki5.multids-file meta.multids.text.html.tiddlywiki5 meta.multids.tiddler.title.text.htmltiddlywiki5.multids-file meta.tiddle.field.text.tiddlywiki5.multids-file text.html.tiddlywiki5 markup.list.unnumbered.description.dl.dd.tiddlywiki5
> :
#^ source.tiddlywiki5.multids-file meta.multids.text.html.tiddlywiki5 meta.multids.tiddler.title.text.htmltiddlywiki5.multids-file string.value.title.field.tiddlywiki5.multids-file
# ^ source.tiddlywiki5.multids-file meta.multids.text.html.tiddlywiki5 meta.multids.tiddler.title.text.htmltiddlywiki5.multids-file punctuation.separator.key-value.title-text.tiddlywiki5.multids-file
>:
#^ source.tiddlywiki5.multids-file meta.multids.text.html.tiddlywiki5 meta.multids.tiddler.title.text.htmltiddlywiki5.multids-file punctuation.separator.key-value.title-text.tiddlywiki5.multids-file
> : 
#^ source.tiddlywiki5.multids-file meta.multids.text.html.tiddlywiki5 meta.multids.tiddler.title.text.htmltiddlywiki5.multids-file string.value.title.field.tiddlywiki5.multids-file
# ^^ source.tiddlywiki5.multids-file meta.multids.text.html.tiddlywiki5 meta.multids.tiddler.title.text.htmltiddlywiki5.multids-file punctuation.separator.key-value.title-text.tiddlywiki5.multids-file
>: 
#^^ source.tiddlywiki5.multids-file meta.multids.text.html.tiddlywiki5 meta.multids.tiddler.title.text.htmltiddlywiki5.multids-file punctuation.separator.key-value.title-text.tiddlywiki5.multids-file
> # No valid title-text pair in this line, just ignore it
#^^^^^^^^^^^^^^^^^^^^^^^^^^^^^^^^^^^^^^^^^^^^^^^^^^^^^^^^^ source.tiddlywiki5.multids-file meta.multids.text.html.tiddlywiki5
>