>title: X
#^^^^^ source.tiddlywiki5.multids-file meta.multids.tiddler.fields.tiddlywiki5.multids-file meta.tiddler.field.tiddlywiki5.fields entity.other.attribute-name.field.wikitext.tiddlywiki5.fields
#     ^ source.tiddlywiki5.multids-file meta.multids.tiddler.fields.tiddlywiki5.multids-file meta.tiddler.field.tiddlywiki5.fields punctuation.separator.key-value.field.tiddlywiki5.fields
#      ^^ source.tiddlywiki5.multids-file meta.multids.tiddler.fields.tiddlywiki5.multids-file meta.tiddler.field.tiddlywiki5.fields meta.tiddler.field.value.wikitext.tiddlywiki5.fields text.html.tiddlywiki5 meta.paragraph.tiddlywiki5
>type: image/svg+xml
#^^^^ source.tiddlywiki5.multids-file entity.other.attribute-name.field.tiddlywiki5.multids-file
#    ^ source.tiddlywiki5.multids-file punctuation.separator.key-value.field.tiddlywiki5.multids-file
#     ^^^^^^^^^^^^^^ source.tiddlywiki5.multids-file string.unquoted.field.value.tiddlywiki5.multids-file
>
>S: <rect width="1" />
#^ source.tiddlywiki5.multids-file meta.multids.text.html.tiddlywiki5.multids-file meta.multids.tiddler.title.text.html.tiddlywiki5.multids-file string.value.title.field.tiddlywiki5.multids-file
# ^^ source.tiddlywiki5.multids-file meta.multids.text.html.tiddlywiki5.multids-file meta.multids.tiddler.title.text.html.tiddlywiki5.multids-file punctuation.separator.key-value.title-text.tiddlywiki5.multids-file
#   ^ source.tiddlywiki5.multids-file meta.multids.text.html.tiddlywiki5.multids-file meta.multids.tiddler.title.text.html.tiddlywiki5.multids-file meta.tiddle.field.text.tiddlywiki5.multids-file meta.embedded.line.xml meta.tag.xml punctuation.definition.tag.xml
#    ^^^^ source.tiddlywiki5.multids-file meta.multids.text.html.tiddlywiki5.multids-file meta.multids.tiddler.title.text.html.tiddlywiki5.multids-file meta.tiddle.field.text.tiddlywiki5.multids-file meta.embedded.line.xml meta.tag.xml entity.name.tag.localname.xml
#        ^ source.tiddlywiki5.multids-file meta.multids.text.html.tiddlywiki5.multids-file meta.multids.tiddler.title.text.html.tiddlywiki5.multids-file meta.tiddle.field.text.tiddlywiki5.multids-file meta.embedded.line.xml meta.tag.xml
#         ^^^^^ source.tiddlywiki5.multids-file meta.multids.text.html.tiddlywiki5.multids-file meta.multids.tiddler.title.text.html.tiddlywiki5.multids-file meta.tiddle.field.text.tiddlywiki5.multids-file meta.embedded.line.xml meta.tag.xml entity.other.attribute-name.localname.xml
#              ^ source.tiddlywiki5.multids-file meta.multids.text.html.tiddlywiki5.multids-file meta.multids.tiddler.title.text.html.tiddlywiki5.multids-file meta.tiddle.field.text.tiddlywiki5.multids-file meta.embedded.line.xml meta.tag.xml
#               ^ source.tiddlywiki5.multids-file meta.multids.text.html.tiddlywiki5.multids-file meta.multids.tiddler.title.text.html.tiddlywiki5.multids-file meta.tiddle.field.text.tiddlywiki5.multids-file meta.embedded.line.xml meta.tag.xml string.quoted.double.xml punctuation.definition.string.begin.xml
#                ^ source.tiddlywiki5.multids-file meta.multids.text.html.tiddlywiki5.multids-file meta.multids.tiddler.title.text.html.tiddlywiki5.multids-file meta.tiddle.field.text.tiddlywiki5.multids-file meta.embedded.line.xml meta.tag.xml string.quoted.double.xml
#                 ^ source.tiddlywiki5.multids-file meta.multids.text.html.tiddlywiki5.multids-file meta.multids.tiddler.title.text.html.tiddlywiki5.multids-file meta.tiddle.field.text.tiddlywiki5.multids-file meta.embedded.line.xml meta.tag.xml string.quoted.double.xml punctuation.definition.string.end.xml
#                  ^ source.tiddlywiki5.multids-file meta.multids.text.html.tiddlywiki5.multids-file meta.multids.tiddler.title.text.html.tiddlywiki5.multids-file meta.tiddle.field.text.tiddlywiki5.multids-file meta.embedded.line.xml meta.tag.xml
#                   ^^ source.tiddlywiki5.multids-file meta.multids.text.html.tiddlywiki5.multids-file meta.multids.tiddler.title.text.html.tiddlywiki5.multids-file meta.tiddle.field.text.tiddlywiki5.multids-file meta.embedded.line.xml meta.tag.xml punctuation.definition.tag.xml
>