>title: X
#^^^^^ source.tiddlywiki5.multids-file meta.multids.tiddler.fields.tiddlywiki5 meta.tiddler.field.tiddlywiki5 entity.other.attribute-name.field.wikitext.tiddlywiki5
#     ^ source.tiddlywiki5.multids-file meta.multids.tiddler.fields.tiddlywiki5 meta.tiddler.field.tiddlywiki5 punctuation.separator.key-value.field.tiddlywiki5
#      ^^ source.tiddlywiki5.multids-file meta.multids.tiddler.fields.tiddlywiki5 meta.tiddler.field.tiddlywiki5 meta.tiddler.field.value.wikitext.tiddlywiki5 text.html.tiddlywiki5 meta.paragraph.tiddlywiki5
>type: application/json
#^^^^ source.tiddlywiki5.multids-file entity.other.attribute-name.field.tiddlywiki5
#    ^ source.tiddlywiki5.multids-file punctuation.separator.key-value.field.tiddlywiki5
#     ^^^^^^^^^^^^^^^^^ source.tiddlywiki5.multids-file string.unquoted.field.value.tiddlywiki5
>
>J: {"a": 1}
#^ source.tiddlywiki5.multids-file meta.multids.text.html.tiddlywiki5 meta.multids.tiddler.title.text.html.tiddlywiki5.multids-file string.value.title.field.tiddlywiki5.multids-file
# ^^ source.tiddlywiki5.multids-file meta.multids.text.html.tiddlywiki5 meta.multids.tiddler.title.text.html.tiddlywiki5.multids-file punctuation.separator.key-value.title-text.tiddlywiki5.multids-file
#   ^ source.tiddlywiki5.multids-file meta.multids.text.html.tiddlywiki5 meta.multids.tiddler.title.text.html.tiddlywiki5.multids-file meta.tiddle.field.text.tiddlywiki5.multids-file meta.embedded.line.json meta.structure.dictionary.json punctuation.definition.dictionary.begin.json
#    ^ source.tiddlywiki5.multids-file meta.multids.text.html.tiddlywiki5 meta.multids.tiddler.title.text.html.tiddlywiki5.multids-file meta.tiddle.field.text.tiddlywiki5.multids-file meta.embedded.line.json meta.structure.dictionary.json string.json support.type.property-name.json punctuation.support.type.property-name.begin.json
#     ^ source.tiddlywiki5.multids-file meta.multids.text.html.tiddlywiki5 meta.multids.tiddler.title.text.html.tiddlywiki5.multids-file meta.tiddle.field.text.tiddlywiki5.multids-file meta.embedded.line.json meta.structure.dictionary.json string.json support.type.property-name.json
#      ^ source.tiddlywiki5.multids-file meta.multids.text.html.tiddlywiki5 meta.multids.tiddler.title.text.html.tiddlywiki5.multids-file meta.tiddle.field.text.tiddlywiki5.multids-file meta.embedded.line.json meta.structure.dictionary.json string.json support.type.property-name.json punctuation.support.type.property-name.end.json
#       ^ source.tiddlywiki5.multids-file meta.multids.text.html.tiddlywiki5 meta.multids.tiddler.title.text.html.tiddlywiki5.multids-file meta.tiddle.field.text.tiddlywiki5.multids-file meta.embedded.line.json meta.structure.dictionary.json meta.structure.dictionary.value.json punctuation.separator.dictionary.key-value.json
#        ^ source.tiddlywiki5.multids-file meta.multids.text.html.tiddlywiki5 meta.multids.tiddler.title.text.html.tiddlywiki5.multids-file meta.tiddle.field.text.tiddlywiki5.multids-file meta.embedded.line.json meta.structure.dictionary.json meta.structure.dictionary.value.json
#         ^ source.tiddlywiki5.multids-file meta.multids.text.html.tiddlywiki5 meta.multids.tiddler.title.text.html.tiddlywiki5.multids-file meta.tiddle.field.text.tiddlywiki5.multids-file meta.embedded.line.json meta.structure.dictionary.json meta.structure.dictionary.value.json constant.numeric.json
#          ^ source.tiddlywiki5.multids-file meta.multids.text.html.tiddlywiki5 meta.multids.tiddler.title.text.html.tiddlywiki5.multids-file meta.tiddle.field.text.tiddlywiki5.multids-file meta.embedded.line.json meta.structure.dictionary.json punctuation.definition.dictionary.end.json
>