>\function __testFunction() [<itemTemplate>!is[blank]then[text]]
#^ text.html.tiddlywiki5 meta.directive.variable.function.tiddlywiki5 punctuation.definition.directive.tiddlywiki5
# ^^^^^^^^ text.html.tiddlywiki5 meta.directive.variable.function.tiddlywiki5 keyword.control.directive.function.tiddlywiki5
#         ^ text.html.tiddlywiki5 meta.directive.variable.function.tiddlywiki5
#          ^^^^^^^^^^^^^^ text.html.tiddlywiki5 meta.directive.variable.function.tiddlywiki5 entity.name.variable.function.tiddlywiki5
#                        ^ text.html.tiddlywiki5 meta.directive.variable.function.tiddlywiki5 meta.variable.pragma.parameters.tiddlywiki5 punctuation.definition.variable.pragma.parameters.begin.tiddlywiki5
#                         ^ text.html.tiddlywiki5 meta.directive.variable.function.tiddlywiki5 meta.variable.pragma.parameters.tiddlywiki5 punctuation.definition.variable.pragma.parameters.end.tiddlywiki5
#                          ^ text.html.tiddlywiki5 meta.directive.variable.function.tiddlywiki5 meta.variable.function-inline.tiddlywiki5
#                           ^ text.html.tiddlywiki5 meta.directive.variable.function.tiddlywiki5 meta.variable.function-inline.tiddlywiki5 meta.variable.function.body.tiddlywiki5 meta.filter.run.tiddlywiki5 punctuation.definition.filter.run.begin.tiddlywiki5
#                            ^ text.html.tiddlywiki5 meta.directive.variable.function.tiddlywiki5 meta.variable.function-inline.tiddlywiki5 meta.variable.function.body.tiddlywiki5 meta.filter.run.tiddlywiki5 entity.filter.operator.title.tiddlywiki5 meta.filter.operator.step.tiddlywiki5 meta.variable.entity.filter.operand.tiddlywiki5 variable.punctuation.definition.operand.begin.tiddlywiki5
#                             ^^^^^^^^^^^^ text.html.tiddlywiki5 meta.directive.variable.function.tiddlywiki5 meta.variable.function-inline.tiddlywiki5 meta.variable.function.body.tiddlywiki5 meta.filter.run.tiddlywiki5 entity.filter.operator.title.tiddlywiki5 meta.filter.operator.step.tiddlywiki5 meta.variable.entity.filter.operand.tiddlywiki5 variable.entity.filter.operand.tiddlywiki5
#                                         ^ text.html.tiddlywiki5 meta.directive.variable.function.tiddlywiki5 meta.variable.function-inline.tiddlywiki5 meta.variable.function.body.tiddlywiki5 meta.filter.run.tiddlywiki5 entity.filter.operator.title.tiddlywiki5 meta.filter.operator.step.tiddlywiki5 meta.variable.entity.filter.operand.tiddlywiki5 variable.punctuation.definition.operand.end.tiddlywiki5
#                                          ^ text.html.tiddlywiki5 meta.directive.variable.function.tiddlywiki5 meta.variable.function-inline.tiddlywiki5 meta.variable.function.body.tiddlywiki5 meta.filter.run.tiddlywiki5 entity.filter.operator.title.tiddlywiki5 meta.filter.operator.step.tiddlywiki5 keyword.control.operator.prefix.negation.tiddlywiki5
#                                           ^^ text.html.tiddlywiki5 meta.directive.variable.function.tiddlywiki5 meta.variable.function-inline.tiddlywiki5 meta.variable.function.body.tiddlywiki5 meta.filter.run.tiddlywiki5 entity.filter.operator.title.tiddlywiki5 meta.filter.operator.step.tiddlywiki5 keyword.operator.filter.tiddlywiki5
#                                             ^ text.html.tiddlywiki5 meta.directive.variable.function.tiddlywiki5 meta.variable.function-inline.tiddlywiki5 meta.variable.function.body.tiddlywiki5 meta.filter.run.tiddlywiki5 entity.filter.operator.title.tiddlywiki5 meta.filter.operator.step.tiddlywiki5 meta.string.entity.filter.operand.tiddlywiki5 string.punctuation.definition.operand.begin.tiddlywiki5
#                                              ^^^^^ text.html.tiddlywiki5 meta.directive.variable.function.tiddlywiki5 meta.variable.function-inline.tiddlywiki5 meta.variable.function.body.tiddlywiki5 meta.filter.run.tiddlywiki5 entity.filter.operator.title.tiddlywiki5 meta.filter.operator.step.tiddlywiki5 string.entity.filter.operand.tiddlywiki5
#                                                   ^ text.html.tiddlywiki5 meta.directive.variable.function.tiddlywiki5 meta.variable.function-inline.tiddlywiki5 meta.variable.function.body.tiddlywiki5 meta.filter.run.tiddlywiki5 entity.filter.operator.title.tiddlywiki5 meta.filter.operator.step.tiddlywiki5 meta.string.entity.filter.operand.tiddlywiki5 string.punctuation.definition.operand.end.tiddlywiki5
#                                                    ^^^^ text.html.tiddlywiki5 meta.directive.variable.function.tiddlywiki5 meta.variable.function-inline.tiddlywiki5 meta.variable.function.body.tiddlywiki5 meta.filter.run.tiddlywiki5 entity.filter.operator.title.tiddlywiki5 meta.filter.operator.step.tiddlywiki5 keyword.operator.filter.tiddlywiki5
#                                                        ^ text.html.tiddlywiki5 meta.directive.variable.function.tiddlywiki5 meta.variable.function-inline.tiddlywiki5 meta.variable.function.body.tiddlywiki5 meta.filter.run.tiddlywiki5 entity.filter.operator.title.tiddlywiki5 meta.filter.operator.step.tiddlywiki5 meta.string.entity.filter.operand.tiddlywiki5 string.punctuation.definition.operand.begin.tiddlywiki5
#                                                         ^^^^ text.html.tiddlywiki5 meta.directive.variable.function.tiddlywiki5 meta.variable.function-inline.tiddlywiki5 meta.variable.function.body.tiddlywiki5 meta.filter.run.tiddlywiki5 entity.filter.operator.title.tiddlywiki5 meta.filter.operator.step.tiddlywiki5 string.entity.filter.operand.tiddlywiki5
#                                                             ^ text.html.tiddlywiki5 meta.directive.variable.function.tiddlywiki5 meta.variable.function-inline.tiddlywiki5 meta.variable.function.body.tiddlywiki5 meta.filter.run.tiddlywiki5 entity.filter.operator.title.tiddlywiki5 meta.filter.operator.step.tiddlywiki5 meta.string.entity.filter.operand.tiddlywiki5 string.punctuation.definition.operand.end.tiddlywiki5
#                                                              ^ text.html.tiddlywiki5 meta.directive.variable.function.tiddlywiki5 meta.variable.function-inline.tiddlywiki5 meta.variable.function.body.tiddlywiki5 meta.filter.run.tiddlywiki5 punctuation.definition.filter.run.end.tiddlywiki5
>\procedure __test(animal, __plant)
#^ text.html.tiddlywiki5 meta.directive.variable.procedure.tiddlywiki5 punctuation.definition.directive.tiddlywiki5
# ^^^^^^^^^ text.html.tiddlywiki5 meta.directive.variable.procedure.tiddlywiki5 keyword.control.directive.procedure.tiddlywiki5
#          ^ text.html.tiddlywiki5 meta.directive.variable.procedure.tiddlywiki5
#           ^^^^^^ text.html.tiddlywiki5 meta.directive.variable.procedure.tiddlywiki5 entity.name.variable.procedure.tiddlywiki5
#                 ^ text.html.tiddlywiki5 meta.directive.variable.procedure.tiddlywiki5 meta.variable.pragma.parameters.tiddlywiki5 punctuation.definition.variable.pragma.parameters.begin.tiddlywiki5
#                  ^^^^^^ text.html.tiddlywiki5 meta.directive.variable.procedure.tiddlywiki5 meta.variable.pragma.parameters.tiddlywiki5 meta.variable.pragma.parameter.tw-animal.tiddlywiki5 variable.parameter.tiddlywiki5
#                        ^ text.html.tiddlywiki5 meta.directive.variable.procedure.tiddlywiki5 meta.variable.pragma.parameters.tiddlywiki5 punctuation.separator.variable.pragma.parameter.tiddlywiki5
#                         ^ text.html.tiddlywiki5 meta.directive.variable.procedure.tiddlywiki5 meta.variable.pragma.parameters.tiddlywiki5
#                          ^^^^^^^ text.html.tiddlywiki5 meta.directive.variable.procedure.tiddlywiki5 meta.variable.pragma.parameters.tiddlywiki5 meta.variable.pragma.parameter.tw-__plant.tiddlywiki5 variable.parameter.tiddlywiki5
#                                 ^ text.html.tiddlywiki5 meta.directive.variable.procedure.tiddlywiki5 meta.variable.pragma.parameters.tiddlywiki5 punctuation.definition.variable.pragma.parameters.end.tiddlywiki5
><% if [<animal>match[Elephant]] %>
#^ text.html.tiddlywiki5 meta.directive.variable.procedure.tiddlywiki5 meta.variable.procedure-block.tiddlywiki5 meta.variable.procedure.body.tiddlywiki5 meta.shortcut.tiddlywiki5 punctuation.definition.tag.begin.html.tiddlywiki5
# ^ text.html.tiddlywiki5 meta.directive.variable.procedure.tiddlywiki5 meta.variable.procedure-block.tiddlywiki5 meta.variable.procedure.body.tiddlywiki5 meta.shortcut.tiddlywiki5 punctuation.definition.tag.shortcut.html.tiddlywiki5
#  ^ text.html.tiddlywiki5 meta.directive.variable.procedure.tiddlywiki5 meta.variable.procedure-block.tiddlywiki5 meta.variable.procedure.body.tiddlywiki5 meta.shortcut.tiddlywiki5
#   ^^ text.html.tiddlywiki5 meta.directive.variable.procedure.tiddlywiki5 meta.variable.procedure-block.tiddlywiki5 meta.variable.procedure.body.tiddlywiki5 meta.shortcut.tiddlywiki5 keyword.control.shortcut.conditional.if.tiddlywiki5
#     ^ text.html.tiddlywiki5 meta.directive.variable.procedure.tiddlywiki5 meta.variable.procedure-block.tiddlywiki5 meta.variable.procedure.body.tiddlywiki5 meta.shortcut.tiddlywiki5 meta.conditional.content.tiddlywiki5
#      ^ text.html.tiddlywiki5 meta.directive.variable.procedure.tiddlywiki5 meta.variable.procedure-block.tiddlywiki5 meta.variable.procedure.body.tiddlywiki5 meta.shortcut.tiddlywiki5 meta.conditional.content.tiddlywiki5 meta.filter.run.tiddlywiki5 punctuation.definition.filter.run.begin.tiddlywiki5
#       ^ text.html.tiddlywiki5 meta.directive.variable.procedure.tiddlywiki5 meta.variable.procedure-block.tiddlywiki5 meta.variable.procedure.body.tiddlywiki5 meta.shortcut.tiddlywiki5 meta.conditional.content.tiddlywiki5 meta.filter.run.tiddlywiki5 entity.filter.operator.title.tiddlywiki5 meta.filter.operator.step.tiddlywiki5 meta.variable.entity.filter.operand.tiddlywiki5 variable.punctuation.definition.operand.begin.tiddlywiki5
#        ^^^^^^ text.html.tiddlywiki5 meta.directive.variable.procedure.tiddlywiki5 meta.variable.procedure-block.tiddlywiki5 meta.variable.procedure.body.tiddlywiki5 meta.shortcut.tiddlywiki5 meta.conditional.content.tiddlywiki5 meta.filter.run.tiddlywiki5 entity.filter.operator.title.tiddlywiki5 meta.filter.operator.step.tiddlywiki5 meta.variable.entity.filter.operand.tiddlywiki5 variable.entity.filter.operand.tiddlywiki5
#              ^ text.html.tiddlywiki5 meta.directive.variable.procedure.tiddlywiki5 meta.variable.procedure-block.tiddlywiki5 meta.variable.procedure.body.tiddlywiki5 meta.shortcut.tiddlywiki5 meta.conditional.content.tiddlywiki5 meta.filter.run.tiddlywiki5 entity.filter.operator.title.tiddlywiki5 meta.filter.operator.step.tiddlywiki5 meta.variable.entity.filter.operand.tiddlywiki5 variable.punctuation.definition.operand.end.tiddlywiki5
#               ^^^^^ text.html.tiddlywiki5 meta.directive.variable.procedure.tiddlywiki5 meta.variable.procedure-block.tiddlywiki5 meta.variable.procedure.body.tiddlywiki5 meta.shortcut.tiddlywiki5 meta.conditional.content.tiddlywiki5 meta.filter.run.tiddlywiki5 entity.filter.operator.title.tiddlywiki5 meta.filter.operator.step.tiddlywiki5 keyword.operator.filter.tiddlywiki5
#                    ^ text.html.tiddlywiki5 meta.directive.variable.procedure.tiddlywiki5 meta.variable.procedure-block.tiddlywiki5 meta.variable.procedure.body.tiddlywiki5 meta.shortcut.tiddlywiki5 meta.conditional.content.tiddlywiki5 meta.filter.run.tiddlywiki5 entity.filter.operator.title.tiddlywiki5 meta.filter.operator.step.tiddlywiki5 meta.string.entity.filter.operand.tiddlywiki5 string.punctuation.definition.operand.begin.tiddlywiki5
#                     ^^^^^^^^ text.html.tiddlywiki5 meta.directive.variable.procedure.tiddlywiki5 meta.variable.procedure-block.tiddlywiki5 meta.variable.procedure.body.tiddlywiki5 meta.shortcut.tiddlywiki5 meta.conditional.content.tiddlywiki5 meta.filter.run.tiddlywiki5 entity.filter.operator.title.tiddlywiki5 meta.filter.operator.step.tiddlywiki5 string.entity.filter.operand.tiddlywiki5
#                             ^ text.html.tiddlywiki5 meta.directive.variable.procedure.tiddlywiki5 meta.variable.procedure-block.tiddlywiki5 meta.variable.procedure.body.tiddlywiki5 meta.shortcut.tiddlywiki5 meta.conditional.content.tiddlywiki5 meta.filter.run.tiddlywiki5 entity.filter.operator.title.tiddlywiki5 meta.filter.operator.step.tiddlywiki5 meta.string.entity.filter.operand.tiddlywiki5 string.punctuation.definition.operand.end.tiddlywiki5
#                              ^ text.html.tiddlywiki5 meta.directive.variable.procedure.tiddlywiki5 meta.variable.procedure-block.tiddlywiki5 meta.variable.procedure.body.tiddlywiki5 meta.shortcut.tiddlywiki5 meta.conditional.content.tiddlywiki5 meta.filter.run.tiddlywiki5 punctuation.definition.filter.run.end.tiddlywiki5
#                               ^ text.html.tiddlywiki5 meta.directive.variable.procedure.tiddlywiki5 meta.variable.procedure-block.tiddlywiki5 meta.variable.procedure.body.tiddlywiki5 meta.shortcut.tiddlywiki5
#                                ^ text.html.tiddlywiki5 meta.directive.variable.procedure.tiddlywiki5 meta.variable.procedure-block.tiddlywiki5 meta.variable.procedure.body.tiddlywiki5 meta.shortcut.tiddlywiki5 punctuation.definition.tag.shortcut.html.tiddlywiki5
#                                 ^ text.html.tiddlywiki5 meta.directive.variable.procedure.tiddlywiki5 meta.variable.procedure-block.tiddlywiki5 meta.variable.procedure.body.tiddlywiki5 meta.shortcut.tiddlywiki5 punctuation.definition.tag.end.html.tiddlywiki5
>  It is an elephant
#^^^^^^^^^^^^^^^^^^^^ text.html.tiddlywiki5 meta.directive.variable.procedure.tiddlywiki5 meta.variable.procedure-block.tiddlywiki5 meta.variable.procedure.body.tiddlywiki5 markup.other.paragraph.tiddlywiki5
><% else %>
#^ text.html.tiddlywiki5 meta.directive.variable.procedure.tiddlywiki5 meta.variable.procedure-block.tiddlywiki5 meta.variable.procedure.body.tiddlywiki5 markup.other.paragraph.tiddlywiki5 meta.shortcut.tiddlywiki5 punctuation.definition.tag.begin.html.tiddlywiki5
# ^ text.html.tiddlywiki5 meta.directive.variable.procedure.tiddlywiki5 meta.variable.procedure-block.tiddlywiki5 meta.variable.procedure.body.tiddlywiki5 markup.other.paragraph.tiddlywiki5 meta.shortcut.tiddlywiki5 punctuation.definition.tag.shortcut.html.tiddlywiki5
#  ^ text.html.tiddlywiki5 meta.directive.variable.procedure.tiddlywiki5 meta.variable.procedure-block.tiddlywiki5 meta.variable.procedure.body.tiddlywiki5 markup.other.paragraph.tiddlywiki5 meta.shortcut.tiddlywiki5
#   ^^^^ text.html.tiddlywiki5 meta.directive.variable.procedure.tiddlywiki5 meta.variable.procedure-block.tiddlywiki5 meta.variable.procedure.body.tiddlywiki5 markup.other.paragraph.tiddlywiki5 meta.shortcut.tiddlywiki5 keyword.control.shortcut.conditional.else.tiddlywiki5
#       ^ text.html.tiddlywiki5 meta.directive.variable.procedure.tiddlywiki5 meta.variable.procedure-block.tiddlywiki5 meta.variable.procedure.body.tiddlywiki5 markup.other.paragraph.tiddlywiki5 meta.shortcut.tiddlywiki5
#        ^ text.html.tiddlywiki5 meta.directive.variable.procedure.tiddlywiki5 meta.variable.procedure-block.tiddlywiki5 meta.variable.procedure.body.tiddlywiki5 markup.other.paragraph.tiddlywiki5 meta.shortcut.tiddlywiki5 punctuation.definition.tag.shortcut.html.tiddlywiki5
#         ^ text.html.tiddlywiki5 meta.directive.variable.procedure.tiddlywiki5 meta.variable.procedure-block.tiddlywiki5 meta.variable.procedure.body.tiddlywiki5 markup.other.paragraph.tiddlywiki5 meta.shortcut.tiddlywiki5 punctuation.definition.tag.end.html.tiddlywiki5
>  <% if [<animal>match[Giraffe]] %>
#^^ text.html.tiddlywiki5 meta.directive.variable.procedure.tiddlywiki5 meta.variable.procedure-block.tiddlywiki5 meta.variable.procedure.body.tiddlywiki5 markup.other.paragraph.tiddlywiki5
#  ^ text.html.tiddlywiki5 meta.directive.variable.procedure.tiddlywiki5 meta.variable.procedure-block.tiddlywiki5 meta.variable.procedure.body.tiddlywiki5 markup.other.paragraph.tiddlywiki5 meta.shortcut.tiddlywiki5 punctuation.definition.tag.begin.html.tiddlywiki5
#   ^ text.html.tiddlywiki5 meta.directive.variable.procedure.tiddlywiki5 meta.variable.procedure-block.tiddlywiki5 meta.variable.procedure.body.tiddlywiki5 markup.other.paragraph.tiddlywiki5 meta.shortcut.tiddlywiki5 punctuation.definition.tag.shortcut.html.tiddlywiki5
#    ^ text.html.tiddlywiki5 meta.directive.variable.procedure.tiddlywiki5 meta.variable.procedure-block.tiddlywiki5 meta.variable.procedure.body.tiddlywiki5 markup.other.paragraph.tiddlywiki5 meta.shortcut.tiddlywiki5
#     ^^ text.html.tiddlywiki5 meta.directive.variable.procedure.tiddlywiki5 meta.variable.procedure-block.tiddlywiki5 meta.variable.procedure.body.tiddlywiki5 markup.other.paragraph.tiddlywiki5 meta.shortcut.tiddlywiki5 keyword.control.shortcut.conditional.if.tiddlywiki5
#       ^ text.html.tiddlywiki5 meta.directive.variable.procedure.tiddlywiki5 meta.variable.procedure-block.tiddlywiki5 meta.variable.procedure.body.tiddlywiki5 markup.other.paragraph.tiddlywiki5 meta.shortcut.tiddlywiki5 meta.conditional.content.tiddlywiki5
#        ^ text.html.tiddlywiki5 meta.directive.variable.procedure.tiddlywiki5 meta.variable.procedure-block.tiddlywiki5 meta.variable.procedure.body.tiddlywiki5 markup.other.paragraph.tiddlywiki5 meta.shortcut.tiddlywiki5 meta.conditional.content.tiddlywiki5 meta.filter.run.tiddlywiki5 punctuation.definition.filter.run.begin.tiddlywiki5
#         ^ text.html.tiddlywiki5 meta.directive.variable.procedure.tiddlywiki5 meta.variable.procedure-block.tiddlywiki5 meta.variable.procedure.body.tiddlywiki5 markup.other.paragraph.tiddlywiki5 meta.shortcut.tiddlywiki5 meta.conditional.content.tiddlywiki5 meta.filter.run.tiddlywiki5 entity.filter.operator.title.tiddlywiki5 meta.filter.operator.step.tiddlywiki5 meta.variable.entity.filter.operand.tiddlywiki5 variable.punctuation.definition.operand.begin.tiddlywiki5
#          ^^^^^^ text.html.tiddlywiki5 meta.directive.variable.procedure.tiddlywiki5 meta.variable.procedure-block.tiddlywiki5 meta.variable.procedure.body.tiddlywiki5 markup.other.paragraph.tiddlywiki5 meta.shortcut.tiddlywiki5 meta.conditional.content.tiddlywiki5 meta.filter.run.tiddlywiki5 entity.filter.operator.title.tiddlywiki5 meta.filter.operator.step.tiddlywiki5 meta.variable.entity.filter.operand.tiddlywiki5 variable.entity.filter.operand.tiddlywiki5
#                ^ text.html.tiddlywiki5 meta.directive.variable.procedure.tiddlywiki5 meta.variable.procedure-block.tiddlywiki5 meta.variable.procedure.body.tiddlywiki5 markup.other.paragraph.tiddlywiki5 meta.shortcut.tiddlywiki5 meta.conditional.content.tiddlywiki5 meta.filter.run.tiddlywiki5 entity.filter.operator.title.tiddlywiki5 meta.filter.operator.step.tiddlywiki5 meta.variable.entity.filter.operand.tiddlywiki5 variable.punctuation.definition.operand.end.tiddlywiki5
#                 ^^^^^ text.html.tiddlywiki5 meta.directive.variable.procedure.tiddlywiki5 meta.variable.procedure-block.tiddlywiki5 meta.variable.procedure.body.tiddlywiki5 markup.other.paragraph.tiddlywiki5 meta.shortcut.tiddlywiki5 meta.conditional.content.tiddlywiki5 meta.filter.run.tiddlywiki5 entity.filter.operator.title.tiddlywiki5 meta.filter.operator.step.tiddlywiki5 keyword.operator.filter.tiddlywiki5
#                      ^ text.html.tiddlywiki5 meta.directive.variable.procedure.tiddlywiki5 meta.variable.procedure-block.tiddlywiki5 meta.variable.procedure.body.tiddlywiki5 markup.other.paragraph.tiddlywiki5 meta.shortcut.tiddlywiki5 meta.conditional.content.tiddlywiki5 meta.filter.run.tiddlywiki5 entity.filter.operator.title.tiddlywiki5 meta.filter.operator.step.tiddlywiki5 meta.string.entity.filter.operand.tiddlywiki5 string.punctuation.definition.operand.begin.tiddlywiki5
#                       ^^^^^^^ text.html.tiddlywiki5 meta.directive.variable.procedure.tiddlywiki5 meta.variable.procedure-block.tiddlywiki5 meta.variable.procedure.body.tiddlywiki5 markup.other.paragraph.tiddlywiki5 meta.shortcut.tiddlywiki5 meta.conditional.content.tiddlywiki5 meta.filter.run.tiddlywiki5 entity.filter.operator.title.tiddlywiki5 meta.filter.operator.step.tiddlywiki5 string.entity.filter.operand.tiddlywiki5
#                              ^ text.html.tiddlywiki5 meta.directive.variable.procedure.tiddlywiki5 meta.variable.procedure-block.tiddlywiki5 meta.variable.procedure.body.tiddlywiki5 markup.other.paragraph.tiddlywiki5 meta.shortcut.tiddlywiki5 meta.conditional.content.tiddlywiki5 meta.filter.run.tiddlywiki5 entity.filter.operator.title.tiddlywiki5 meta.filter.operator.step.tiddlywiki5 meta.string.entity.filter.operand.tiddlywiki5 string.punctuation.definition.operand.end.tiddlywiki5
#                               ^ text.html.tiddlywiki5 meta.directive.variable.procedure.tiddlywiki5 meta.variable.procedure-block.tiddlywiki5 meta.variable.procedure.body.tiddlywiki5 markup.other.paragraph.tiddlywiki5 meta.shortcut.tiddlywiki5 meta.conditional.content.tiddlywiki5 meta.filter.run.tiddlywiki5 punctuation.definition.filter.run.end.tiddlywiki5
#                                ^ text.html.tiddlywiki5 meta.directive.variable.procedure.tiddlywiki5 meta.variable.procedure-block.tiddlywiki5 meta.variable.procedure.body.tiddlywiki5 markup.other.paragraph.tiddlywiki5 meta.shortcut.tiddlywiki5
#                                 ^ text.html.tiddlywiki5 meta.directive.variable.procedure.tiddlywiki5 meta.variable.procedure-block.tiddlywiki5 meta.variable.procedure.body.tiddlywiki5 markup.other.paragraph.tiddlywiki5 meta.shortcut.tiddlywiki5 punctuation.definition.tag.shortcut.html.tiddlywiki5
#                                  ^ text.html.tiddlywiki5 meta.directive.variable.procedure.tiddlywiki5 meta.variable.procedure-block.tiddlywiki5 meta.variable.procedure.body.tiddlywiki5 markup.other.paragraph.tiddlywiki5 meta.shortcut.tiddlywiki5 punctuation.definition.tag.end.html.tiddlywiki5
>    It is a giraffe
#^^^^^^^^^^^^^^^^^^^^ text.html.tiddlywiki5 meta.directive.variable.procedure.tiddlywiki5 meta.variable.procedure-block.tiddlywiki5 meta.variable.procedure.body.tiddlywiki5 markup.other.paragraph.tiddlywiki5
>  <% else %>
#^^ text.html.tiddlywiki5 meta.directive.variable.procedure.tiddlywiki5 meta.variable.procedure-block.tiddlywiki5 meta.variable.procedure.body.tiddlywiki5 markup.other.paragraph.tiddlywiki5
#  ^ text.html.tiddlywiki5 meta.directive.variable.procedure.tiddlywiki5 meta.variable.procedure-block.tiddlywiki5 meta.variable.procedure.body.tiddlywiki5 markup.other.paragraph.tiddlywiki5 meta.shortcut.tiddlywiki5 punctuation.definition.tag.begin.html.tiddlywiki5
#   ^ text.html.tiddlywiki5 meta.directive.variable.procedure.tiddlywiki5 meta.variable.procedure-block.tiddlywiki5 meta.variable.procedure.body.tiddlywiki5 markup.other.paragraph.tiddlywiki5 meta.shortcut.tiddlywiki5 punctuation.definition.tag.shortcut.html.tiddlywiki5
#    ^ text.html.tiddlywiki5 meta.directive.variable.procedure.tiddlywiki5 meta.variable.procedure-block.tiddlywiki5 meta.variable.procedure.body.tiddlywiki5 markup.other.paragraph.tiddlywiki5 meta.shortcut.tiddlywiki5
#     ^^^^ text.html.tiddlywiki5 meta.directive.variable.procedure.tiddlywiki5 meta.variable.procedure-block.tiddlywiki5 meta.variable.procedure.body.tiddlywiki5 markup.other.paragraph.tiddlywiki5 meta.shortcut.tiddlywiki5 keyword.control.shortcut.conditional.else.tiddlywiki5
#         ^ text.html.tiddlywiki5 meta.directive.variable.procedure.tiddlywiki5 meta.variable.procedure-block.tiddlywiki5 meta.variable.procedure.body.tiddlywiki5 markup.other.paragraph.tiddlywiki5 meta.shortcut.tiddlywiki5
#          ^ text.html.tiddlywiki5 meta.directive.variable.procedure.tiddlywiki5 meta.variable.procedure-block.tiddlywiki5 meta.variable.procedure.body.tiddlywiki5 markup.other.paragraph.tiddlywiki5 meta.shortcut.tiddlywiki5 punctuation.definition.tag.shortcut.html.tiddlywiki5
#           ^ text.html.tiddlywiki5 meta.directive.variable.procedure.tiddlywiki5 meta.variable.procedure-block.tiddlywiki5 meta.variable.procedure.body.tiddlywiki5 markup.other.paragraph.tiddlywiki5 meta.shortcut.tiddlywiki5 punctuation.definition.tag.end.html.tiddlywiki5
>    It is completely unknown
#^^^^^^^^^^^^^^^^^^^^^^^^^^^^^ text.html.tiddlywiki5 meta.directive.variable.procedure.tiddlywiki5 meta.variable.procedure-block.tiddlywiki5 meta.variable.procedure.body.tiddlywiki5 markup.other.paragraph.tiddlywiki5
>  <% endif %>
#^^ text.html.tiddlywiki5 meta.directive.variable.procedure.tiddlywiki5 meta.variable.procedure-block.tiddlywiki5 meta.variable.procedure.body.tiddlywiki5 markup.other.paragraph.tiddlywiki5
#  ^ text.html.tiddlywiki5 meta.directive.variable.procedure.tiddlywiki5 meta.variable.procedure-block.tiddlywiki5 meta.variable.procedure.body.tiddlywiki5 markup.other.paragraph.tiddlywiki5 meta.shortcut.tiddlywiki5 punctuation.definition.tag.begin.html.tiddlywiki5
#   ^ text.html.tiddlywiki5 meta.directive.variable.procedure.tiddlywiki5 meta.variable.procedure-block.tiddlywiki5 meta.variable.procedure.body.tiddlywiki5 markup.other.paragraph.tiddlywiki5 meta.shortcut.tiddlywiki5 punctuation.definition.tag.shortcut.html.tiddlywiki5
#    ^ text.html.tiddlywiki5 meta.directive.variable.procedure.tiddlywiki5 meta.variable.procedure-block.tiddlywiki5 meta.variable.procedure.body.tiddlywiki5 markup.other.paragraph.tiddlywiki5 meta.shortcut.tiddlywiki5
#     ^^^^^ text.html.tiddlywiki5 meta.directive.variable.procedure.tiddlywiki5 meta.variable.procedure-block.tiddlywiki5 meta.variable.procedure.body.tiddlywiki5 markup.other.paragraph.tiddlywiki5 meta.shortcut.tiddlywiki5 keyword.control.shortcut.conditional.endif.tiddlywiki5
#          ^ text.html.tiddlywiki5 meta.directive.variable.procedure.tiddlywiki5 meta.variable.procedure-block.tiddlywiki5 meta.variable.procedure.body.tiddlywiki5 markup.other.paragraph.tiddlywiki5 meta.shortcut.tiddlywiki5
#           ^ text.html.tiddlywiki5 meta.directive.variable.procedure.tiddlywiki5 meta.variable.procedure-block.tiddlywiki5 meta.variable.procedure.body.tiddlywiki5 markup.other.paragraph.tiddlywiki5 meta.shortcut.tiddlywiki5 punctuation.definition.tag.shortcut.html.tiddlywiki5
#            ^ text.html.tiddlywiki5 meta.directive.variable.procedure.tiddlywiki5 meta.variable.procedure-block.tiddlywiki5 meta.variable.procedure.body.tiddlywiki5 markup.other.paragraph.tiddlywiki5 meta.shortcut.tiddlywiki5 punctuation.definition.tag.end.html.tiddlywiki5
><% endif %>
#^ text.html.tiddlywiki5 meta.directive.variable.procedure.tiddlywiki5 meta.variable.procedure-block.tiddlywiki5 meta.variable.procedure.body.tiddlywiki5 markup.other.paragraph.tiddlywiki5 meta.shortcut.tiddlywiki5 punctuation.definition.tag.begin.html.tiddlywiki5
# ^ text.html.tiddlywiki5 meta.directive.variable.procedure.tiddlywiki5 meta.variable.procedure-block.tiddlywiki5 meta.variable.procedure.body.tiddlywiki5 markup.other.paragraph.tiddlywiki5 meta.shortcut.tiddlywiki5 punctuation.definition.tag.shortcut.html.tiddlywiki5
#  ^ text.html.tiddlywiki5 meta.directive.variable.procedure.tiddlywiki5 meta.variable.procedure-block.tiddlywiki5 meta.variable.procedure.body.tiddlywiki5 markup.other.paragraph.tiddlywiki5 meta.shortcut.tiddlywiki5
#   ^^^^^ text.html.tiddlywiki5 meta.directive.variable.procedure.tiddlywiki5 meta.variable.procedure-block.tiddlywiki5 meta.variable.procedure.body.tiddlywiki5 markup.other.paragraph.tiddlywiki5 meta.shortcut.tiddlywiki5 keyword.control.shortcut.conditional.endif.tiddlywiki5
#        ^ text.html.tiddlywiki5 meta.directive.variable.procedure.tiddlywiki5 meta.variable.procedure-block.tiddlywiki5 meta.variable.procedure.body.tiddlywiki5 markup.other.paragraph.tiddlywiki5 meta.shortcut.tiddlywiki5
#         ^ text.html.tiddlywiki5 meta.directive.variable.procedure.tiddlywiki5 meta.variable.procedure-block.tiddlywiki5 meta.variable.procedure.body.tiddlywiki5 markup.other.paragraph.tiddlywiki5 meta.shortcut.tiddlywiki5 punctuation.definition.tag.shortcut.html.tiddlywiki5
#          ^ text.html.tiddlywiki5 meta.directive.variable.procedure.tiddlywiki5 meta.variable.procedure-block.tiddlywiki5 meta.variable.procedure.body.tiddlywiki5 markup.other.paragraph.tiddlywiki5 meta.shortcut.tiddlywiki5 punctuation.definition.tag.end.html.tiddlywiki5
>
><<__test__>>
#^^ text.html.tiddlywiki5 meta.directive.variable.procedure.tiddlywiki5 meta.variable.procedure-block.tiddlywiki5 meta.variable.procedure.body.tiddlywiki5 meta.variable.macrocallblock.tiddlywiki5 punctuation.definition.macrocallblock.begin.tiddlywiki5
#  ^^^^^^^^ text.html.tiddlywiki5 meta.directive.variable.procedure.tiddlywiki5 meta.variable.procedure-block.tiddlywiki5 meta.variable.procedure.body.tiddlywiki5 meta.variable.macrocallblock.tiddlywiki5 variable.name.macro.tiddlywiki5
#          ^^ text.html.tiddlywiki5 meta.directive.variable.procedure.tiddlywiki5 meta.variable.procedure-block.tiddlywiki5 meta.variable.procedure.body.tiddlywiki5 meta.variable.macrocallblock.tiddlywiki5 punctuation.definition.macrocallblock.end.tiddlywiki5
>\end
#^ text.html.tiddlywiki5 meta.directive.variable.procedure.tiddlywiki5 meta.variable.procedure-block.tiddlywiki5 punctuation.definition.directive.tiddlywiki5
# ^^^ text.html.tiddlywiki5 meta.directive.variable.procedure.tiddlywiki5 meta.variable.procedure-block.tiddlywiki5 keyword.control.directive.end.tiddlywiki5
>
>
><<test "Giraffe">>
#^^ text.html.tiddlywiki5 meta.variable.macrocallblock.tiddlywiki5 punctuation.definition.macrocallblock.begin.tiddlywiki5
#  ^^^^ text.html.tiddlywiki5 meta.variable.macrocallblock.tiddlywiki5 variable.name.macro.tiddlywiki5
#      ^ text.html.tiddlywiki5 meta.variable.macrocallblock.tiddlywiki5 meta.variable.macro.parameters.tiddlywiki5
#       ^ text.html.tiddlywiki5 meta.variable.macrocallblock.tiddlywiki5 meta.variable.macro.parameters.tiddlywiki5 meta.variable.macro.parameter.tw-.tiddlywiki5 string.quoted.double.html.tiddlywiki5 punctuation.definition.string.begin.html.tiddlywiki5
#        ^^^^^^^ text.html.tiddlywiki5 meta.variable.macrocallblock.tiddlywiki5 meta.variable.macro.parameters.tiddlywiki5 meta.variable.macro.parameter.tw-.tiddlywiki5 string.quoted.double.html.tiddlywiki5
#               ^ text.html.tiddlywiki5 meta.variable.macrocallblock.tiddlywiki5 meta.variable.macro.parameters.tiddlywiki5 meta.variable.macro.parameter.tw-.tiddlywiki5 string.quoted.double.html.tiddlywiki5 punctuation.definition.string.end.html.tiddlywiki5
#                ^^ text.html.tiddlywiki5 meta.variable.macrocallblock.tiddlywiki5 punctuation.definition.macrocallblock.end.tiddlywiki5
>
><<test "Elephant">>
#^^ text.html.tiddlywiki5 meta.variable.macrocallblock.tiddlywiki5 punctuation.definition.macrocallblock.begin.tiddlywiki5
#  ^^^^ text.html.tiddlywiki5 meta.variable.macrocallblock.tiddlywiki5 variable.name.macro.tiddlywiki5
#      ^ text.html.tiddlywiki5 meta.variable.macrocallblock.tiddlywiki5 meta.variable.macro.parameters.tiddlywiki5
#       ^ text.html.tiddlywiki5 meta.variable.macrocallblock.tiddlywiki5 meta.variable.macro.parameters.tiddlywiki5 meta.variable.macro.parameter.tw-.tiddlywiki5 string.quoted.double.html.tiddlywiki5 punctuation.definition.string.begin.html.tiddlywiki5
#        ^^^^^^^^ text.html.tiddlywiki5 meta.variable.macrocallblock.tiddlywiki5 meta.variable.macro.parameters.tiddlywiki5 meta.variable.macro.parameter.tw-.tiddlywiki5 string.quoted.double.html.tiddlywiki5
#                ^ text.html.tiddlywiki5 meta.variable.macrocallblock.tiddlywiki5 meta.variable.macro.parameters.tiddlywiki5 meta.variable.macro.parameter.tw-.tiddlywiki5 string.quoted.double.html.tiddlywiki5 punctuation.definition.string.end.html.tiddlywiki5
#                 ^^ text.html.tiddlywiki5 meta.variable.macrocallblock.tiddlywiki5 punctuation.definition.macrocallblock.end.tiddlywiki5
>
><<test "Antelope">>
#^^ text.html.tiddlywiki5 meta.variable.macrocallblock.tiddlywiki5 punctuation.definition.macrocallblock.begin.tiddlywiki5
#  ^^^^ text.html.tiddlywiki5 meta.variable.macrocallblock.tiddlywiki5 variable.name.macro.tiddlywiki5
#      ^ text.html.tiddlywiki5 meta.variable.macrocallblock.tiddlywiki5 meta.variable.macro.parameters.tiddlywiki5
#       ^ text.html.tiddlywiki5 meta.variable.macrocallblock.tiddlywiki5 meta.variable.macro.parameters.tiddlywiki5 meta.variable.macro.parameter.tw-.tiddlywiki5 string.quoted.double.html.tiddlywiki5 punctuation.definition.string.begin.html.tiddlywiki5
#        ^^^^^^^^ text.html.tiddlywiki5 meta.variable.macrocallblock.tiddlywiki5 meta.variable.macro.parameters.tiddlywiki5 meta.variable.macro.parameter.tw-.tiddlywiki5 string.quoted.double.html.tiddlywiki5
#                ^ text.html.tiddlywiki5 meta.variable.macrocallblock.tiddlywiki5 meta.variable.macro.parameters.tiddlywiki5 meta.variable.macro.parameter.tw-.tiddlywiki5 string.quoted.double.html.tiddlywiki5 punctuation.definition.string.end.html.tiddlywiki5
#                 ^^ text.html.tiddlywiki5 meta.variable.macrocallblock.tiddlywiki5 punctuation.definition.macrocallblock.end.tiddlywiki5
>
>{{{ 
#^^^ text.html.tiddlywiki5 meta.transclusion.filteredtranscludeblock.tiddlywiki5 punctuation.definition.transclusion.filteredtranscludeblock.begin.tiddlywiki5
#   ^^ text.html.tiddlywiki5 meta.transclusion.filteredtranscludeblock.tiddlywiki5 meta.filter.tiddlywiki5
>
>  +[[Hi, I'm $(name)$ and I live in $(address)$]substitute[]] 
#^^^ text.html.tiddlywiki5 meta.paragraph.tiddlywiki5
#   ^ text.html.tiddlywiki5 meta.paragraph.tiddlywiki5 markup.link.tiddlywiki5 punctuation.definition.link.outer.begin.tiddlywiki5
#    ^ text.html.tiddlywiki5 meta.paragraph.tiddlywiki5 markup.link.tiddlywiki5 punctuation.definition.link.inner.begin.tiddlywiki5
#     ^^^^^^^^^^^^^^^^^^^^^^^^^^^^^^^^^^^^^^^^^^^ text.html.tiddlywiki5 meta.paragraph.tiddlywiki5 markup.link.tiddlywiki5
#                                                ^^^^^^^^^^^ text.html.tiddlywiki5 meta.paragraph.tiddlywiki5 markup.link.tiddlywiki5 markup.underline.link.tiddlywiki5
#                                                           ^ text.html.tiddlywiki5 meta.paragraph.tiddlywiki5 markup.link.tiddlywiki5 punctuation.definition.link.inner.end.tiddlywiki5
#                                                            ^ text.html.tiddlywiki5 meta.paragraph.tiddlywiki5 markup.link.tiddlywiki5 punctuation.definition.link.outer.end.tiddlywiki5
#                                                             ^^ text.html.tiddlywiki5 meta.paragraph.tiddlywiki5
>  -[[Hi, I'm $(name)$ and I live in $(address)$]substitute[]]
#^^^ text.html.tiddlywiki5 meta.paragraph.tiddlywiki5
#   ^ text.html.tiddlywiki5 meta.paragraph.tiddlywiki5 markup.link.tiddlywiki5 punctuation.definition.link.outer.begin.tiddlywiki5
#    ^ text.html.tiddlywiki5 meta.paragraph.tiddlywiki5 markup.link.tiddlywiki5 punctuation.definition.link.inner.begin.tiddlywiki5
#     ^^^^^^^^^^^^^^^^^^^^^^^^^^^^^^^^^^^^^^^^^^^ text.html.tiddlywiki5 meta.paragraph.tiddlywiki5 markup.link.tiddlywiki5
#                                                ^^^^^^^^^^^ text.html.tiddlywiki5 meta.paragraph.tiddlywiki5 markup.link.tiddlywiki5 markup.underline.link.tiddlywiki5
#                                                           ^ text.html.tiddlywiki5 meta.paragraph.tiddlywiki5 markup.link.tiddlywiki5 punctuation.definition.link.inner.end.tiddlywiki5
#                                                            ^ text.html.tiddlywiki5 meta.paragraph.tiddlywiki5 markup.link.tiddlywiki5 punctuation.definition.link.outer.end.tiddlywiki5
>  ~[[Hi, I'm $(name)$ and I live in $(address)$]substitute[]]
#^^^ text.html.tiddlywiki5 meta.paragraph.tiddlywiki5
#   ^ text.html.tiddlywiki5 meta.paragraph.tiddlywiki5 markup.link.tiddlywiki5 punctuation.definition.link.outer.begin.tiddlywiki5
#    ^ text.html.tiddlywiki5 meta.paragraph.tiddlywiki5 markup.link.tiddlywiki5 punctuation.definition.link.inner.begin.tiddlywiki5
#     ^^^^^^^^^^^^^^^^^^^^^^^^^^^^^^^^^^^^^^^^^^^ text.html.tiddlywiki5 meta.paragraph.tiddlywiki5 markup.link.tiddlywiki5
#                                                ^^^^^^^^^^^ text.html.tiddlywiki5 meta.paragraph.tiddlywiki5 markup.link.tiddlywiki5 markup.underline.link.tiddlywiki5
#                                                           ^ text.html.tiddlywiki5 meta.paragraph.tiddlywiki5 markup.link.tiddlywiki5 punctuation.definition.link.inner.end.tiddlywiki5
#                                                            ^ text.html.tiddlywiki5 meta.paragraph.tiddlywiki5 markup.link.tiddlywiki5 punctuation.definition.link.outer.end.tiddlywiki5
>  =[[Hi, I'm $(name)$ and I live in $(address)$]substitute[]]
#^^^ text.html.tiddlywiki5 meta.paragraph.tiddlywiki5
#   ^ text.html.tiddlywiki5 meta.paragraph.tiddlywiki5 markup.link.tiddlywiki5 punctuation.definition.link.outer.begin.tiddlywiki5
#    ^ text.html.tiddlywiki5 meta.paragraph.tiddlywiki5 markup.link.tiddlywiki5 punctuation.definition.link.inner.begin.tiddlywiki5
#     ^^^^^^^^^^^^^^^^^^^^^^^^^^^^^^^^^^^^^^^^^^^ text.html.tiddlywiki5 meta.paragraph.tiddlywiki5 markup.link.tiddlywiki5
#                                                ^^^^^^^^^^^ text.html.tiddlywiki5 meta.paragraph.tiddlywiki5 markup.link.tiddlywiki5 markup.underline.link.tiddlywiki5
#                                                           ^ text.html.tiddlywiki5 meta.paragraph.tiddlywiki5 markup.link.tiddlywiki5 punctuation.definition.link.inner.end.tiddlywiki5
#                                                            ^ text.html.tiddlywiki5 meta.paragraph.tiddlywiki5 markup.link.tiddlywiki5 punctuation.definition.link.outer.end.tiddlywiki5
>  +"Test"
#^^^^^^^^^^ text.html.tiddlywiki5 meta.paragraph.tiddlywiki5
>  -"Test"
#^^^^^^^^^^ text.html.tiddlywiki5 meta.paragraph.tiddlywiki5
>  ~"Test"
#^^^^^^^^^^ text.html.tiddlywiki5 meta.paragraph.tiddlywiki5
>  ="Test"
#^^^^^^^^^^ text.html.tiddlywiki5 meta.paragraph.tiddlywiki5
>  :anything"Test"
#^^^^^^^^^^^^^^^^^^ text.html.tiddlywiki5 meta.paragraph.tiddlywiki5
>  +'Tes'
#^^^^^^^^^ text.html.tiddlywiki5 meta.paragraph.tiddlywiki5
>  -'Test'
#^^^^^^^^^^ text.html.tiddlywiki5 meta.paragraph.tiddlywiki5
>  ~'Test'
#^^^^^^^^^^ text.html.tiddlywiki5 meta.paragraph.tiddlywiki5
>  ='Test'
#^^^^^^^^^^ text.html.tiddlywiki5 meta.paragraph.tiddlywiki5
>  :anything'Test'
#^^^^^^^^^^^^^^^^^^ text.html.tiddlywiki5 meta.paragraph.tiddlywiki5
>
>}}}
#^^^^ text.html.tiddlywiki5 meta.paragraph.tiddlywiki5
>
>{{{ [[Something in the $(time)$ at $2$ about $1$ ]substitute[Maths],[the Library]]  :anything[[test]]  :test["Not Legal"] "test" }}}
#^^^ text.html.tiddlywiki5 meta.transclusion.filteredtranscludeblock.tiddlywiki5 punctuation.definition.transclusion.filteredtranscludeblock.begin.tiddlywiki5
#   ^ text.html.tiddlywiki5 meta.transclusion.filteredtranscludeblock.tiddlywiki5 meta.filter.tiddlywiki5
#    ^ text.html.tiddlywiki5 meta.transclusion.filteredtranscludeblock.tiddlywiki5 meta.filter.tiddlywiki5 meta.filter.run.tiddlywiki5 punctuation.definition.filter.run.begin.tiddlywiki5
#     ^ text.html.tiddlywiki5 meta.transclusion.filteredtranscludeblock.tiddlywiki5 meta.filter.tiddlywiki5 meta.filter.run.tiddlywiki5 entity.filter.operator.title.tiddlywiki5 meta.filter.operator.step.tiddlywiki5 meta.string.entity.filter.operand.tiddlywiki5 string.punctuation.definition.operand.begin.tiddlywiki5
#      ^^^^^^^^^^^^^^^^^^^^^^^^^^^^^^^^^^^^^^^^^^^ text.html.tiddlywiki5 meta.transclusion.filteredtranscludeblock.tiddlywiki5 meta.filter.tiddlywiki5 meta.filter.run.tiddlywiki5 entity.filter.operator.title.tiddlywiki5 meta.filter.operator.step.tiddlywiki5 string.entity.filter.operand.tiddlywiki5
#                                                 ^ text.html.tiddlywiki5 meta.transclusion.filteredtranscludeblock.tiddlywiki5 meta.filter.tiddlywiki5 meta.filter.run.tiddlywiki5 entity.filter.operator.title.tiddlywiki5 meta.filter.operator.step.tiddlywiki5 meta.string.entity.filter.operand.tiddlywiki5 string.punctuation.definition.operand.end.tiddlywiki5
#                                                  ^^^^^^^^^^ text.html.tiddlywiki5 meta.transclusion.filteredtranscludeblock.tiddlywiki5 meta.filter.tiddlywiki5 meta.filter.run.tiddlywiki5 entity.filter.operator.title.tiddlywiki5 meta.filter.operator.step.tiddlywiki5 keyword.operator.filter.tiddlywiki5
#                                                            ^ text.html.tiddlywiki5 meta.transclusion.filteredtranscludeblock.tiddlywiki5 meta.filter.tiddlywiki5 meta.filter.run.tiddlywiki5 entity.filter.operator.title.tiddlywiki5 meta.filter.operator.step.tiddlywiki5 meta.string.entity.filter.operand.tiddlywiki5 string.punctuation.definition.operand.begin.tiddlywiki5
#                                                             ^^^^^ text.html.tiddlywiki5 meta.transclusion.filteredtranscludeblock.tiddlywiki5 meta.filter.tiddlywiki5 meta.filter.run.tiddlywiki5 entity.filter.operator.title.tiddlywiki5 meta.filter.operator.step.tiddlywiki5 string.entity.filter.operand.tiddlywiki5
#                                                                  ^ text.html.tiddlywiki5 meta.transclusion.filteredtranscludeblock.tiddlywiki5 meta.filter.tiddlywiki5 meta.filter.run.tiddlywiki5 entity.filter.operator.title.tiddlywiki5 meta.filter.operator.step.tiddlywiki5 meta.string.entity.filter.operand.tiddlywiki5 string.punctuation.definition.operand.end.tiddlywiki5
#                                                                   ^ text.html.tiddlywiki5 meta.transclusion.filteredtranscludeblock.tiddlywiki5 meta.filter.tiddlywiki5 meta.filter.run.tiddlywiki5 entity.filter.operator.title.tiddlywiki5 meta.filter.operator.step.tiddlywiki5 keyword.operator.filter.tiddlywiki5
#                                                                    ^ text.html.tiddlywiki5 meta.transclusion.filteredtranscludeblock.tiddlywiki5 meta.filter.tiddlywiki5 meta.filter.run.tiddlywiki5 entity.filter.operator.title.tiddlywiki5 meta.filter.operator.step.tiddlywiki5 meta.string.entity.filter.operand.tiddlywiki5 string.punctuation.definition.operand.begin.tiddlywiki5
#                                                                     ^^^^^^^^^^^ text.html.tiddlywiki5 meta.transclusion.filteredtranscludeblock.tiddlywiki5 meta.filter.tiddlywiki5 meta.filter.run.tiddlywiki5 entity.filter.operator.title.tiddlywiki5 meta.filter.operator.step.tiddlywiki5 string.entity.filter.operand.tiddlywiki5
#                                                                                ^ text.html.tiddlywiki5 meta.transclusion.filteredtranscludeblock.tiddlywiki5 meta.filter.tiddlywiki5 meta.filter.run.tiddlywiki5 entity.filter.operator.title.tiddlywiki5 meta.filter.operator.step.tiddlywiki5 meta.string.entity.filter.operand.tiddlywiki5 string.punctuation.definition.operand.end.tiddlywiki5
#                                                                                 ^ text.html.tiddlywiki5 meta.transclusion.filteredtranscludeblock.tiddlywiki5 meta.filter.tiddlywiki5 meta.filter.run.tiddlywiki5 punctuation.definition.filter.run.end.tiddlywiki5
#                                                                                  ^^ text.html.tiddlywiki5 meta.transclusion.filteredtranscludeblock.tiddlywiki5 meta.filter.tiddlywiki5
#                                                                                    ^^^^^^^^^ text.html.tiddlywiki5 meta.transclusion.filteredtranscludeblock.tiddlywiki5 meta.filter.tiddlywiki5 meta.filter.run.tiddlywiki5 punctuation.definition.filter.run.begin.tiddlywiki5 meta.filter.run.prefix.tiddlywiki5 keyword.operator.prefix.colon.named.anything.tiddlywiki5
#                                                                                             ^ text.html.tiddlywiki5 meta.transclusion.filteredtranscludeblock.tiddlywiki5 meta.filter.tiddlywiki5 meta.filter.run.tiddlywiki5 punctuation.definition.filter.run.begin.tiddlywiki5
#                                                                                              ^ text.html.tiddlywiki5 meta.transclusion.filteredtranscludeblock.tiddlywiki5 meta.filter.tiddlywiki5 meta.filter.run.tiddlywiki5 entity.filter.operator.title.tiddlywiki5 meta.filter.operator.step.tiddlywiki5 meta.string.entity.filter.operand.tiddlywiki5 string.punctuation.definition.operand.begin.tiddlywiki5
#                                                                                               ^^^^ text.html.tiddlywiki5 meta.transclusion.filteredtranscludeblock.tiddlywiki5 meta.filter.tiddlywiki5 meta.filter.run.tiddlywiki5 entity.filter.operator.title.tiddlywiki5 meta.filter.operator.step.tiddlywiki5 string.entity.filter.operand.tiddlywiki5
#                                                                                                   ^ text.html.tiddlywiki5 meta.transclusion.filteredtranscludeblock.tiddlywiki5 meta.filter.tiddlywiki5 meta.filter.run.tiddlywiki5 entity.filter.operator.title.tiddlywiki5 meta.filter.operator.step.tiddlywiki5 meta.string.entity.filter.operand.tiddlywiki5 string.punctuation.definition.operand.end.tiddlywiki5
#                                                                                                    ^ text.html.tiddlywiki5 meta.transclusion.filteredtranscludeblock.tiddlywiki5 meta.filter.tiddlywiki5 meta.filter.run.tiddlywiki5 punctuation.definition.filter.run.end.tiddlywiki5
#                                                                                                     ^^ text.html.tiddlywiki5 meta.transclusion.filteredtranscludeblock.tiddlywiki5 meta.filter.tiddlywiki5
#                                                                                                       ^^^^^ text.html.tiddlywiki5 meta.transclusion.filteredtranscludeblock.tiddlywiki5 meta.filter.tiddlywiki5 meta.filter.run.tiddlywiki5 punctuation.definition.filter.run.begin.tiddlywiki5 meta.filter.run.prefix.tiddlywiki5 keyword.operator.prefix.colon.named.test.tiddlywiki5
#                                                                                                            ^ text.html.tiddlywiki5 meta.transclusion.filteredtranscludeblock.tiddlywiki5 meta.filter.tiddlywiki5 meta.filter.run.tiddlywiki5 punctuation.definition.filter.run.begin.tiddlywiki5
#                                                                                                             ^^^^^^^^^^^ text.html.tiddlywiki5 meta.transclusion.filteredtranscludeblock.tiddlywiki5 meta.filter.tiddlywiki5 meta.filter.run.tiddlywiki5 entity.filter.operator.title.tiddlywiki5
#                                                                                                                        ^ text.html.tiddlywiki5 meta.transclusion.filteredtranscludeblock.tiddlywiki5 meta.filter.tiddlywiki5 meta.filter.run.tiddlywiki5 punctuation.definition.filter.run.end.tiddlywiki5
#                                                                                                                         ^ text.html.tiddlywiki5 meta.transclusion.filteredtranscludeblock.tiddlywiki5 meta.filter.tiddlywiki5
#                                                                                                                          ^ text.html.tiddlywiki5 meta.transclusion.filteredtranscludeblock.tiddlywiki5 meta.filter.tiddlywiki5 meta.filter.run.tiddlywiki5 entity.filter.operator.title.tiddlywiki5 string.quoted.double.html.tiddlywiki5 punctuation.definition.string.begin.html.tiddlywiki5
#                                                                                                                           ^^^^ text.html.tiddlywiki5 meta.transclusion.filteredtranscludeblock.tiddlywiki5 meta.filter.tiddlywiki5 meta.filter.run.tiddlywiki5 entity.filter.operator.title.tiddlywiki5 string.quoted.double.html.tiddlywiki5
#                                                                                                                               ^ text.html.tiddlywiki5 meta.transclusion.filteredtranscludeblock.tiddlywiki5 meta.filter.tiddlywiki5 meta.filter.run.tiddlywiki5 entity.filter.operator.title.tiddlywiki5 string.quoted.double.html.tiddlywiki5 punctuation.definition.string.end.html.tiddlywiki5
#                                                                                                                                ^ text.html.tiddlywiki5 meta.transclusion.filteredtranscludeblock.tiddlywiki5 meta.filter.tiddlywiki5
#                                                                                                                                 ^^^ text.html.tiddlywiki5 meta.transclusion.filteredtranscludeblock.tiddlywiki5 punctuation.definition.transclusion.filteredtranscludeblock.end.tiddlywiki5
>
>{{{ [[$mode]is[variable]then<$mode>!is[blank]] :else[[mode]is[variable]then<mode>!is[blank]] :else[<@parseMode>] }}}
#^^^ text.html.tiddlywiki5 meta.transclusion.filteredtranscludeblock.tiddlywiki5 punctuation.definition.transclusion.filteredtranscludeblock.begin.tiddlywiki5
#   ^ text.html.tiddlywiki5 meta.transclusion.filteredtranscludeblock.tiddlywiki5 meta.filter.tiddlywiki5
#    ^ text.html.tiddlywiki5 meta.transclusion.filteredtranscludeblock.tiddlywiki5 meta.filter.tiddlywiki5 meta.filter.run.tiddlywiki5 punctuation.definition.filter.run.begin.tiddlywiki5
#     ^ text.html.tiddlywiki5 meta.transclusion.filteredtranscludeblock.tiddlywiki5 meta.filter.tiddlywiki5 meta.filter.run.tiddlywiki5 entity.filter.operator.title.tiddlywiki5 meta.filter.operator.step.tiddlywiki5 meta.string.entity.filter.operand.tiddlywiki5 string.punctuation.definition.operand.begin.tiddlywiki5
#      ^^^^^ text.html.tiddlywiki5 meta.transclusion.filteredtranscludeblock.tiddlywiki5 meta.filter.tiddlywiki5 meta.filter.run.tiddlywiki5 entity.filter.operator.title.tiddlywiki5 meta.filter.operator.step.tiddlywiki5 string.entity.filter.operand.tiddlywiki5
#           ^ text.html.tiddlywiki5 meta.transclusion.filteredtranscludeblock.tiddlywiki5 meta.filter.tiddlywiki5 meta.filter.run.tiddlywiki5 entity.filter.operator.title.tiddlywiki5 meta.filter.operator.step.tiddlywiki5 meta.string.entity.filter.operand.tiddlywiki5 string.punctuation.definition.operand.end.tiddlywiki5
#            ^^ text.html.tiddlywiki5 meta.transclusion.filteredtranscludeblock.tiddlywiki5 meta.filter.tiddlywiki5 meta.filter.run.tiddlywiki5 entity.filter.operator.title.tiddlywiki5 meta.filter.operator.step.tiddlywiki5 keyword.operator.filter.tiddlywiki5
#              ^ text.html.tiddlywiki5 meta.transclusion.filteredtranscludeblock.tiddlywiki5 meta.filter.tiddlywiki5 meta.filter.run.tiddlywiki5 entity.filter.operator.title.tiddlywiki5 meta.filter.operator.step.tiddlywiki5 meta.string.entity.filter.operand.tiddlywiki5 string.punctuation.definition.operand.begin.tiddlywiki5
#               ^^^^^^^^ text.html.tiddlywiki5 meta.transclusion.filteredtranscludeblock.tiddlywiki5 meta.filter.tiddlywiki5 meta.filter.run.tiddlywiki5 entity.filter.operator.title.tiddlywiki5 meta.filter.operator.step.tiddlywiki5 string.entity.filter.operand.tiddlywiki5
#                       ^ text.html.tiddlywiki5 meta.transclusion.filteredtranscludeblock.tiddlywiki5 meta.filter.tiddlywiki5 meta.filter.run.tiddlywiki5 entity.filter.operator.title.tiddlywiki5 meta.filter.operator.step.tiddlywiki5 meta.string.entity.filter.operand.tiddlywiki5 string.punctuation.definition.operand.end.tiddlywiki5
#                        ^^^^ text.html.tiddlywiki5 meta.transclusion.filteredtranscludeblock.tiddlywiki5 meta.filter.tiddlywiki5 meta.filter.run.tiddlywiki5 entity.filter.operator.title.tiddlywiki5 meta.filter.operator.step.tiddlywiki5 keyword.operator.operator.filter.tiddlywiki5
#                            ^ text.html.tiddlywiki5 meta.transclusion.filteredtranscludeblock.tiddlywiki5 meta.filter.tiddlywiki5 meta.filter.run.tiddlywiki5 entity.filter.operator.title.tiddlywiki5 meta.filter.operator.step.tiddlywiki5 meta.variable.entity.filter.operand.tiddlywiki5 variable.punctuation.definition.operand.begin.tiddlywiki5
#                             ^^^^^ text.html.tiddlywiki5 meta.transclusion.filteredtranscludeblock.tiddlywiki5 meta.filter.tiddlywiki5 meta.filter.run.tiddlywiki5 entity.filter.operator.title.tiddlywiki5 meta.filter.operator.step.tiddlywiki5 meta.variable.entity.filter.operand.tiddlywiki5 variable.entity.filter.operand.tiddlywiki5
#                                  ^ text.html.tiddlywiki5 meta.transclusion.filteredtranscludeblock.tiddlywiki5 meta.filter.tiddlywiki5 meta.filter.run.tiddlywiki5 entity.filter.operator.title.tiddlywiki5 meta.filter.operator.step.tiddlywiki5 meta.variable.entity.filter.operand.tiddlywiki5 variable.punctuation.definition.operand.end.tiddlywiki5
#                                   ^ text.html.tiddlywiki5 meta.transclusion.filteredtranscludeblock.tiddlywiki5 meta.filter.tiddlywiki5 meta.filter.run.tiddlywiki5 entity.filter.operator.title.tiddlywiki5 meta.filter.operator.step.tiddlywiki5 keyword.control.operator.prefix.negation.tiddlywiki5
#                                    ^^ text.html.tiddlywiki5 meta.transclusion.filteredtranscludeblock.tiddlywiki5 meta.filter.tiddlywiki5 meta.filter.run.tiddlywiki5 entity.filter.operator.title.tiddlywiki5 meta.filter.operator.step.tiddlywiki5 keyword.operator.filter.tiddlywiki5
#                                      ^ text.html.tiddlywiki5 meta.transclusion.filteredtranscludeblock.tiddlywiki5 meta.filter.tiddlywiki5 meta.filter.run.tiddlywiki5 entity.filter.operator.title.tiddlywiki5 meta.filter.operator.step.tiddlywiki5 meta.string.entity.filter.operand.tiddlywiki5 string.punctuation.definition.operand.begin.tiddlywiki5
#                                       ^^^^^ text.html.tiddlywiki5 meta.transclusion.filteredtranscludeblock.tiddlywiki5 meta.filter.tiddlywiki5 meta.filter.run.tiddlywiki5 entity.filter.operator.title.tiddlywiki5 meta.filter.operator.step.tiddlywiki5 string.entity.filter.operand.tiddlywiki5
#                                            ^ text.html.tiddlywiki5 meta.transclusion.filteredtranscludeblock.tiddlywiki5 meta.filter.tiddlywiki5 meta.filter.run.tiddlywiki5 entity.filter.operator.title.tiddlywiki5 meta.filter.operator.step.tiddlywiki5 meta.string.entity.filter.operand.tiddlywiki5 string.punctuation.definition.operand.end.tiddlywiki5
#                                             ^ text.html.tiddlywiki5 meta.transclusion.filteredtranscludeblock.tiddlywiki5 meta.filter.tiddlywiki5 meta.filter.run.tiddlywiki5 punctuation.definition.filter.run.end.tiddlywiki5
#                                              ^ text.html.tiddlywiki5 meta.transclusion.filteredtranscludeblock.tiddlywiki5 meta.filter.tiddlywiki5
#                                               ^^^^^ text.html.tiddlywiki5 meta.transclusion.filteredtranscludeblock.tiddlywiki5 meta.filter.tiddlywiki5 meta.filter.run.tiddlywiki5 punctuation.definition.filter.run.begin.tiddlywiki5 meta.filter.run.prefix.tiddlywiki5 keyword.operator.prefix.colon.named.else.tiddlywiki5
#                                                    ^ text.html.tiddlywiki5 meta.transclusion.filteredtranscludeblock.tiddlywiki5 meta.filter.tiddlywiki5 meta.filter.run.tiddlywiki5 punctuation.definition.filter.run.begin.tiddlywiki5
#                                                     ^ text.html.tiddlywiki5 meta.transclusion.filteredtranscludeblock.tiddlywiki5 meta.filter.tiddlywiki5 meta.filter.run.tiddlywiki5 entity.filter.operator.title.tiddlywiki5 meta.filter.operator.step.tiddlywiki5 meta.string.entity.filter.operand.tiddlywiki5 string.punctuation.definition.operand.begin.tiddlywiki5
#                                                      ^^^^ text.html.tiddlywiki5 meta.transclusion.filteredtranscludeblock.tiddlywiki5 meta.filter.tiddlywiki5 meta.filter.run.tiddlywiki5 entity.filter.operator.title.tiddlywiki5 meta.filter.operator.step.tiddlywiki5 string.entity.filter.operand.tiddlywiki5
#                                                          ^ text.html.tiddlywiki5 meta.transclusion.filteredtranscludeblock.tiddlywiki5 meta.filter.tiddlywiki5 meta.filter.run.tiddlywiki5 entity.filter.operator.title.tiddlywiki5 meta.filter.operator.step.tiddlywiki5 meta.string.entity.filter.operand.tiddlywiki5 string.punctuation.definition.operand.end.tiddlywiki5
#                                                           ^^ text.html.tiddlywiki5 meta.transclusion.filteredtranscludeblock.tiddlywiki5 meta.filter.tiddlywiki5 meta.filter.run.tiddlywiki5 entity.filter.operator.title.tiddlywiki5 meta.filter.operator.step.tiddlywiki5 keyword.operator.filter.tiddlywiki5
#                                                             ^ text.html.tiddlywiki5 meta.transclusion.filteredtranscludeblock.tiddlywiki5 meta.filter.tiddlywiki5 meta.filter.run.tiddlywiki5 entity.filter.operator.title.tiddlywiki5 meta.filter.operator.step.tiddlywiki5 meta.string.entity.filter.operand.tiddlywiki5 string.punctuation.definition.operand.begin.tiddlywiki5
#                                                              ^^^^^^^^ text.html.tiddlywiki5 meta.transclusion.filteredtranscludeblock.tiddlywiki5 meta.filter.tiddlywiki5 meta.filter.run.tiddlywiki5 entity.filter.operator.title.tiddlywiki5 meta.filter.operator.step.tiddlywiki5 string.entity.filter.operand.tiddlywiki5
#                                                                      ^ text.html.tiddlywiki5 meta.transclusion.filteredtranscludeblock.tiddlywiki5 meta.filter.tiddlywiki5 meta.filter.run.tiddlywiki5 entity.filter.operator.title.tiddlywiki5 meta.filter.operator.step.tiddlywiki5 meta.string.entity.filter.operand.tiddlywiki5 string.punctuation.definition.operand.end.tiddlywiki5
#                                                                       ^^^^ text.html.tiddlywiki5 meta.transclusion.filteredtranscludeblock.tiddlywiki5 meta.filter.tiddlywiki5 meta.filter.run.tiddlywiki5 entity.filter.operator.title.tiddlywiki5 meta.filter.operator.step.tiddlywiki5 keyword.operator.operator.filter.tiddlywiki5
#                                                                           ^ text.html.tiddlywiki5 meta.transclusion.filteredtranscludeblock.tiddlywiki5 meta.filter.tiddlywiki5 meta.filter.run.tiddlywiki5 entity.filter.operator.title.tiddlywiki5 meta.filter.operator.step.tiddlywiki5 meta.variable.entity.filter.operand.tiddlywiki5 variable.punctuation.definition.operand.begin.tiddlywiki5
#                                                                            ^^^^ text.html.tiddlywiki5 meta.transclusion.filteredtranscludeblock.tiddlywiki5 meta.filter.tiddlywiki5 meta.filter.run.tiddlywiki5 entity.filter.operator.title.tiddlywiki5 meta.filter.operator.step.tiddlywiki5 meta.variable.entity.filter.operand.tiddlywiki5 variable.entity.filter.operand.tiddlywiki5
#                                                                                ^ text.html.tiddlywiki5 meta.transclusion.filteredtranscludeblock.tiddlywiki5 meta.filter.tiddlywiki5 meta.filter.run.tiddlywiki5 entity.filter.operator.title.tiddlywiki5 meta.filter.operator.step.tiddlywiki5 meta.variable.entity.filter.operand.tiddlywiki5 variable.punctuation.definition.operand.end.tiddlywiki5
#                                                                                 ^ text.html.tiddlywiki5 meta.transclusion.filteredtranscludeblock.tiddlywiki5 meta.filter.tiddlywiki5 meta.filter.run.tiddlywiki5 entity.filter.operator.title.tiddlywiki5 meta.filter.operator.step.tiddlywiki5 keyword.control.operator.prefix.negation.tiddlywiki5
#                                                                                  ^^ text.html.tiddlywiki5 meta.transclusion.filteredtranscludeblock.tiddlywiki5 meta.filter.tiddlywiki5 meta.filter.run.tiddlywiki5 entity.filter.operator.title.tiddlywiki5 meta.filter.operator.step.tiddlywiki5 keyword.operator.filter.tiddlywiki5
#                                                                                    ^ text.html.tiddlywiki5 meta.transclusion.filteredtranscludeblock.tiddlywiki5 meta.filter.tiddlywiki5 meta.filter.run.tiddlywiki5 entity.filter.operator.title.tiddlywiki5 meta.filter.operator.step.tiddlywiki5 meta.string.entity.filter.operand.tiddlywiki5 string.punctuation.definition.operand.begin.tiddlywiki5
#                                                                                     ^^^^^ text.html.tiddlywiki5 meta.transclusion.filteredtranscludeblock.tiddlywiki5 meta.filter.tiddlywiki5 meta.filter.run.tiddlywiki5 entity.filter.operator.title.tiddlywiki5 meta.filter.operator.step.tiddlywiki5 string.entity.filter.operand.tiddlywiki5
#                                                                                          ^ text.html.tiddlywiki5 meta.transclusion.filteredtranscludeblock.tiddlywiki5 meta.filter.tiddlywiki5 meta.filter.run.tiddlywiki5 entity.filter.operator.title.tiddlywiki5 meta.filter.operator.step.tiddlywiki5 meta.string.entity.filter.operand.tiddlywiki5 string.punctuation.definition.operand.end.tiddlywiki5
#                                                                                           ^ text.html.tiddlywiki5 meta.transclusion.filteredtranscludeblock.tiddlywiki5 meta.filter.tiddlywiki5 meta.filter.run.tiddlywiki5 punctuation.definition.filter.run.end.tiddlywiki5
#                                                                                            ^ text.html.tiddlywiki5 meta.transclusion.filteredtranscludeblock.tiddlywiki5 meta.filter.tiddlywiki5
#                                                                                             ^^^^^ text.html.tiddlywiki5 meta.transclusion.filteredtranscludeblock.tiddlywiki5 meta.filter.tiddlywiki5 meta.filter.run.tiddlywiki5 punctuation.definition.filter.run.begin.tiddlywiki5 meta.filter.run.prefix.tiddlywiki5 keyword.operator.prefix.colon.named.else.tiddlywiki5
#                                                                                                  ^ text.html.tiddlywiki5 meta.transclusion.filteredtranscludeblock.tiddlywiki5 meta.filter.tiddlywiki5 meta.filter.run.tiddlywiki5 punctuation.definition.filter.run.begin.tiddlywiki5
#                                                                                                   ^ text.html.tiddlywiki5 meta.transclusion.filteredtranscludeblock.tiddlywiki5 meta.filter.tiddlywiki5 meta.filter.run.tiddlywiki5 entity.filter.operator.title.tiddlywiki5 meta.filter.operator.step.tiddlywiki5 meta.variable.entity.filter.operand.tiddlywiki5 variable.punctuation.definition.operand.begin.tiddlywiki5
#                                                                                                    ^^^^^^^^^^ text.html.tiddlywiki5 meta.transclusion.filteredtranscludeblock.tiddlywiki5 meta.filter.tiddlywiki5 meta.filter.run.tiddlywiki5 entity.filter.operator.title.tiddlywiki5 meta.filter.operator.step.tiddlywiki5 meta.variable.entity.filter.operand.tiddlywiki5 variable.entity.filter.operand.tiddlywiki5
#                                                                                                              ^ text.html.tiddlywiki5 meta.transclusion.filteredtranscludeblock.tiddlywiki5 meta.filter.tiddlywiki5 meta.filter.run.tiddlywiki5 entity.filter.operator.title.tiddlywiki5 meta.filter.operator.step.tiddlywiki5 meta.variable.entity.filter.operand.tiddlywiki5 variable.punctuation.definition.operand.end.tiddlywiki5
#                                                                                                               ^ text.html.tiddlywiki5 meta.transclusion.filteredtranscludeblock.tiddlywiki5 meta.filter.tiddlywiki5 meta.filter.run.tiddlywiki5 punctuation.definition.filter.run.end.tiddlywiki5
#                                                                                                                ^ text.html.tiddlywiki5 meta.transclusion.filteredtranscludeblock.tiddlywiki5 meta.filter.tiddlywiki5
#                                                                                                                 ^^^ text.html.tiddlywiki5 meta.transclusion.filteredtranscludeblock.tiddlywiki5 punctuation.definition.transclusion.filteredtranscludeblock.end.tiddlywiki5
>