><!--#region Inline Filtered Transclusion Wikitext -->
#^^^^ text.html.tiddlywiki5 comment.block.html.tiddlywiki5 punctuation.definition.comment.html.tiddlywiki5
#    ^^^^^^^^^^^^^^^^^^^^^^^^^^^^^^^^^^^^^^^^^^^^^^ text.html.tiddlywiki5 comment.block.html.tiddlywiki5
#                                                  ^^^ text.html.tiddlywiki5 comment.block.html.tiddlywiki5 punctuation.definition.comment.html.tiddlywiki5
>* {{{}}}
#^ text.html.tiddlywiki5 markup.list.unnumbered.unordered.ul.li.tiddlywiki5 punctuation.definition.list.begin.tiddlywiki5 punctuation.definition.unnumbered.unordered.ul.li.list.markup.tiddlywiki5
# ^ text.html.tiddlywiki5 markup.list.unnumbered.unordered.ul.li.tiddlywiki5
#  ^^^ text.html.tiddlywiki5 markup.list.unnumbered.unordered.ul.li.tiddlywiki5 meta.transclusion.filteredtranscludeinline.tiddlywiki5 punctuation.definition.transclusion.filteredtranscludeinline.begin.tiddlywiki5
#     ^^^ text.html.tiddlywiki5 markup.list.unnumbered.unordered.ul.li.tiddlywiki5 meta.transclusion.filteredtranscludeinline.tiddlywiki5 punctuation.definition.transclusion.filteredtranscludeinline.end.tiddlywiki5
>* {{{ }}}
#^ text.html.tiddlywiki5 markup.list.unnumbered.unordered.ul.li.tiddlywiki5 punctuation.definition.list.begin.tiddlywiki5 punctuation.definition.unnumbered.unordered.ul.li.list.markup.tiddlywiki5
# ^ text.html.tiddlywiki5 markup.list.unnumbered.unordered.ul.li.tiddlywiki5
#  ^^^ text.html.tiddlywiki5 markup.list.unnumbered.unordered.ul.li.tiddlywiki5 meta.transclusion.filteredtranscludeinline.tiddlywiki5 punctuation.definition.transclusion.filteredtranscludeinline.begin.tiddlywiki5
#     ^ text.html.tiddlywiki5 markup.list.unnumbered.unordered.ul.li.tiddlywiki5 meta.transclusion.filteredtranscludeinline.tiddlywiki5 meta.filter.tiddlywiki5
#      ^^^ text.html.tiddlywiki5 markup.list.unnumbered.unordered.ul.li.tiddlywiki5 meta.transclusion.filteredtranscludeinline.tiddlywiki5 punctuation.definition.transclusion.filteredtranscludeinline.end.tiddlywiki5
>* {{{||}}}
#^ text.html.tiddlywiki5 markup.list.unnumbered.unordered.ul.li.tiddlywiki5 punctuation.definition.list.begin.tiddlywiki5 punctuation.definition.unnumbered.unordered.ul.li.list.markup.tiddlywiki5
# ^ text.html.tiddlywiki5 markup.list.unnumbered.unordered.ul.li.tiddlywiki5
#  ^^^ text.html.tiddlywiki5 markup.list.unnumbered.unordered.ul.li.tiddlywiki5 meta.transclusion.filteredtranscludeinline.tiddlywiki5 punctuation.definition.transclusion.filteredtranscludeinline.begin.tiddlywiki5
#     ^^ text.html.tiddlywiki5 markup.list.unnumbered.unordered.ul.li.tiddlywiki5 meta.transclusion.filteredtranscludeinline.tiddlywiki5 punctuation.definition.transclusion.filteredtranscludeinline.template.tiddlywiki5
#       ^^^ text.html.tiddlywiki5 markup.list.unnumbered.unordered.ul.li.tiddlywiki5 meta.transclusion.filteredtranscludeinline.tiddlywiki5 punctuation.definition.transclusion.filteredtranscludeinline.end.tiddlywiki5
>* {{{|| }}}
#^ text.html.tiddlywiki5 markup.list.unnumbered.unordered.ul.li.tiddlywiki5 punctuation.definition.list.begin.tiddlywiki5 punctuation.definition.unnumbered.unordered.ul.li.list.markup.tiddlywiki5
# ^ text.html.tiddlywiki5 markup.list.unnumbered.unordered.ul.li.tiddlywiki5
#  ^^^ text.html.tiddlywiki5 markup.list.unnumbered.unordered.ul.li.tiddlywiki5 meta.transclusion.filteredtranscludeinline.tiddlywiki5 punctuation.definition.transclusion.filteredtranscludeinline.begin.tiddlywiki5
#     ^^ text.html.tiddlywiki5 markup.list.unnumbered.unordered.ul.li.tiddlywiki5 meta.transclusion.filteredtranscludeinline.tiddlywiki5 punctuation.definition.transclusion.filteredtranscludeinline.template.tiddlywiki5
#       ^ text.html.tiddlywiki5 markup.list.unnumbered.unordered.ul.li.tiddlywiki5 meta.transclusion.filteredtranscludeinline.tiddlywiki5
#        ^^^ text.html.tiddlywiki5 markup.list.unnumbered.unordered.ul.li.tiddlywiki5 meta.transclusion.filteredtranscludeinline.tiddlywiki5 punctuation.definition.transclusion.filteredtranscludeinline.end.tiddlywiki5
>* {{{ || }}}
#^ text.html.tiddlywiki5 markup.list.unnumbered.unordered.ul.li.tiddlywiki5 punctuation.definition.list.begin.tiddlywiki5 punctuation.definition.unnumbered.unordered.ul.li.list.markup.tiddlywiki5
# ^ text.html.tiddlywiki5 markup.list.unnumbered.unordered.ul.li.tiddlywiki5
#  ^^^ text.html.tiddlywiki5 markup.list.unnumbered.unordered.ul.li.tiddlywiki5 meta.transclusion.filteredtranscludeinline.tiddlywiki5 punctuation.definition.transclusion.filteredtranscludeinline.begin.tiddlywiki5
#     ^ text.html.tiddlywiki5 markup.list.unnumbered.unordered.ul.li.tiddlywiki5 meta.transclusion.filteredtranscludeinline.tiddlywiki5 meta.filter.tiddlywiki5
#      ^^ text.html.tiddlywiki5 markup.list.unnumbered.unordered.ul.li.tiddlywiki5 meta.transclusion.filteredtranscludeinline.tiddlywiki5 punctuation.definition.transclusion.filteredtranscludeinline.template.tiddlywiki5
#        ^ text.html.tiddlywiki5 markup.list.unnumbered.unordered.ul.li.tiddlywiki5 meta.transclusion.filteredtranscludeinline.tiddlywiki5
#         ^^^ text.html.tiddlywiki5 markup.list.unnumbered.unordered.ul.li.tiddlywiki5 meta.transclusion.filteredtranscludeinline.tiddlywiki5 punctuation.definition.transclusion.filteredtranscludeinline.end.tiddlywiki5
>* {{{||templateTitle}}}
#^ text.html.tiddlywiki5 markup.list.unnumbered.unordered.ul.li.tiddlywiki5 punctuation.definition.list.begin.tiddlywiki5 punctuation.definition.unnumbered.unordered.ul.li.list.markup.tiddlywiki5
# ^ text.html.tiddlywiki5 markup.list.unnumbered.unordered.ul.li.tiddlywiki5
#  ^^^ text.html.tiddlywiki5 markup.list.unnumbered.unordered.ul.li.tiddlywiki5 meta.transclusion.filteredtranscludeinline.tiddlywiki5 punctuation.definition.transclusion.filteredtranscludeinline.begin.tiddlywiki5
#     ^^ text.html.tiddlywiki5 markup.list.unnumbered.unordered.ul.li.tiddlywiki5 meta.transclusion.filteredtranscludeinline.tiddlywiki5 punctuation.definition.transclusion.filteredtranscludeinline.template.tiddlywiki5
#       ^^^^^^^^^^^^^ text.html.tiddlywiki5 markup.list.unnumbered.unordered.ul.li.tiddlywiki5 meta.transclusion.filteredtranscludeinline.tiddlywiki5 entity.name.other.tiddler.title.template.tiddlywiki5
#                    ^^^ text.html.tiddlywiki5 markup.list.unnumbered.unordered.ul.li.tiddlywiki5 meta.transclusion.filteredtranscludeinline.tiddlywiki5 punctuation.definition.transclusion.filteredtranscludeinline.end.tiddlywiki5
>* {{{ || templateTitle }}}
#^ text.html.tiddlywiki5 markup.list.unnumbered.unordered.ul.li.tiddlywiki5 punctuation.definition.list.begin.tiddlywiki5 punctuation.definition.unnumbered.unordered.ul.li.list.markup.tiddlywiki5
# ^ text.html.tiddlywiki5 markup.list.unnumbered.unordered.ul.li.tiddlywiki5
#  ^^^ text.html.tiddlywiki5 markup.list.unnumbered.unordered.ul.li.tiddlywiki5 meta.transclusion.filteredtranscludeinline.tiddlywiki5 punctuation.definition.transclusion.filteredtranscludeinline.begin.tiddlywiki5
#     ^ text.html.tiddlywiki5 markup.list.unnumbered.unordered.ul.li.tiddlywiki5 meta.transclusion.filteredtranscludeinline.tiddlywiki5 meta.filter.tiddlywiki5
#      ^^ text.html.tiddlywiki5 markup.list.unnumbered.unordered.ul.li.tiddlywiki5 meta.transclusion.filteredtranscludeinline.tiddlywiki5 punctuation.definition.transclusion.filteredtranscludeinline.template.tiddlywiki5
#        ^ text.html.tiddlywiki5 markup.list.unnumbered.unordered.ul.li.tiddlywiki5 meta.transclusion.filteredtranscludeinline.tiddlywiki5
#         ^^^^^^^^^^^^^ text.html.tiddlywiki5 markup.list.unnumbered.unordered.ul.li.tiddlywiki5 meta.transclusion.filteredtranscludeinline.tiddlywiki5 entity.name.other.tiddler.title.template.tiddlywiki5
#                      ^ text.html.tiddlywiki5 markup.list.unnumbered.unordered.ul.li.tiddlywiki5 meta.transclusion.filteredtranscludeinline.tiddlywiki5
#                       ^^^ text.html.tiddlywiki5 markup.list.unnumbered.unordered.ul.li.tiddlywiki5 meta.transclusion.filteredtranscludeinline.tiddlywiki5 punctuation.definition.transclusion.filteredtranscludeinline.end.tiddlywiki5
>* {{{filter }}}
#^ text.html.tiddlywiki5 markup.list.unnumbered.unordered.ul.li.tiddlywiki5 punctuation.definition.list.begin.tiddlywiki5 punctuation.definition.unnumbered.unordered.ul.li.list.markup.tiddlywiki5
# ^ text.html.tiddlywiki5 markup.list.unnumbered.unordered.ul.li.tiddlywiki5
#  ^^^ text.html.tiddlywiki5 markup.list.unnumbered.unordered.ul.li.tiddlywiki5 meta.transclusion.filteredtranscludeinline.tiddlywiki5 punctuation.definition.transclusion.filteredtranscludeinline.begin.tiddlywiki5
#     ^^^^^^ text.html.tiddlywiki5 markup.list.unnumbered.unordered.ul.li.tiddlywiki5 meta.transclusion.filteredtranscludeinline.tiddlywiki5 meta.filter.tiddlywiki5 meta.filter.run.tiddlywiki5 entity.filter.operator.title.tiddlywiki5 string.unquoted.html.tiddlywiki5
#           ^ text.html.tiddlywiki5 markup.list.unnumbered.unordered.ul.li.tiddlywiki5 meta.transclusion.filteredtranscludeinline.tiddlywiki5 meta.filter.tiddlywiki5
#            ^^^ text.html.tiddlywiki5 markup.list.unnumbered.unordered.ul.li.tiddlywiki5 meta.transclusion.filteredtranscludeinline.tiddlywiki5 punctuation.definition.transclusion.filteredtranscludeinline.end.tiddlywiki5
>* {{{ filter }}}
#^ text.html.tiddlywiki5 markup.list.unnumbered.unordered.ul.li.tiddlywiki5 punctuation.definition.list.begin.tiddlywiki5 punctuation.definition.unnumbered.unordered.ul.li.list.markup.tiddlywiki5
# ^ text.html.tiddlywiki5 markup.list.unnumbered.unordered.ul.li.tiddlywiki5
#  ^^^ text.html.tiddlywiki5 markup.list.unnumbered.unordered.ul.li.tiddlywiki5 meta.transclusion.filteredtranscludeinline.tiddlywiki5 punctuation.definition.transclusion.filteredtranscludeinline.begin.tiddlywiki5
#     ^ text.html.tiddlywiki5 markup.list.unnumbered.unordered.ul.li.tiddlywiki5 meta.transclusion.filteredtranscludeinline.tiddlywiki5 meta.filter.tiddlywiki5
#      ^^^^^^ text.html.tiddlywiki5 markup.list.unnumbered.unordered.ul.li.tiddlywiki5 meta.transclusion.filteredtranscludeinline.tiddlywiki5 meta.filter.tiddlywiki5 meta.filter.run.tiddlywiki5 entity.filter.operator.title.tiddlywiki5 string.unquoted.html.tiddlywiki5
#            ^ text.html.tiddlywiki5 markup.list.unnumbered.unordered.ul.li.tiddlywiki5 meta.transclusion.filteredtranscludeinline.tiddlywiki5 meta.filter.tiddlywiki5
#             ^^^ text.html.tiddlywiki5 markup.list.unnumbered.unordered.ul.li.tiddlywiki5 meta.transclusion.filteredtranscludeinline.tiddlywiki5 punctuation.definition.transclusion.filteredtranscludeinline.end.tiddlywiki5
>* {{{filter ||}}}
#^ text.html.tiddlywiki5 markup.list.unnumbered.unordered.ul.li.tiddlywiki5 punctuation.definition.list.begin.tiddlywiki5 punctuation.definition.unnumbered.unordered.ul.li.list.markup.tiddlywiki5
# ^ text.html.tiddlywiki5 markup.list.unnumbered.unordered.ul.li.tiddlywiki5
#  ^^^ text.html.tiddlywiki5 markup.list.unnumbered.unordered.ul.li.tiddlywiki5 meta.transclusion.filteredtranscludeinline.tiddlywiki5 punctuation.definition.transclusion.filteredtranscludeinline.begin.tiddlywiki5
#     ^^^^^^ text.html.tiddlywiki5 markup.list.unnumbered.unordered.ul.li.tiddlywiki5 meta.transclusion.filteredtranscludeinline.tiddlywiki5 meta.filter.tiddlywiki5 meta.filter.run.tiddlywiki5 entity.filter.operator.title.tiddlywiki5 string.unquoted.html.tiddlywiki5
#           ^ text.html.tiddlywiki5 markup.list.unnumbered.unordered.ul.li.tiddlywiki5 meta.transclusion.filteredtranscludeinline.tiddlywiki5 meta.filter.tiddlywiki5
#            ^^ text.html.tiddlywiki5 markup.list.unnumbered.unordered.ul.li.tiddlywiki5 meta.transclusion.filteredtranscludeinline.tiddlywiki5 punctuation.definition.transclusion.filteredtranscludeinline.template.tiddlywiki5
#              ^^^ text.html.tiddlywiki5 markup.list.unnumbered.unordered.ul.li.tiddlywiki5 meta.transclusion.filteredtranscludeinline.tiddlywiki5 punctuation.definition.transclusion.filteredtranscludeinline.end.tiddlywiki5
>* {{{ filter || templateTitle }}}
#^ text.html.tiddlywiki5 markup.list.unnumbered.unordered.ul.li.tiddlywiki5 punctuation.definition.list.begin.tiddlywiki5 punctuation.definition.unnumbered.unordered.ul.li.list.markup.tiddlywiki5
# ^ text.html.tiddlywiki5 markup.list.unnumbered.unordered.ul.li.tiddlywiki5
#  ^^^ text.html.tiddlywiki5 markup.list.unnumbered.unordered.ul.li.tiddlywiki5 meta.transclusion.filteredtranscludeinline.tiddlywiki5 punctuation.definition.transclusion.filteredtranscludeinline.begin.tiddlywiki5
#     ^ text.html.tiddlywiki5 markup.list.unnumbered.unordered.ul.li.tiddlywiki5 meta.transclusion.filteredtranscludeinline.tiddlywiki5 meta.filter.tiddlywiki5
#      ^^^^^^ text.html.tiddlywiki5 markup.list.unnumbered.unordered.ul.li.tiddlywiki5 meta.transclusion.filteredtranscludeinline.tiddlywiki5 meta.filter.tiddlywiki5 meta.filter.run.tiddlywiki5 entity.filter.operator.title.tiddlywiki5 string.unquoted.html.tiddlywiki5
#            ^ text.html.tiddlywiki5 markup.list.unnumbered.unordered.ul.li.tiddlywiki5 meta.transclusion.filteredtranscludeinline.tiddlywiki5 meta.filter.tiddlywiki5
#             ^^ text.html.tiddlywiki5 markup.list.unnumbered.unordered.ul.li.tiddlywiki5 meta.transclusion.filteredtranscludeinline.tiddlywiki5 punctuation.definition.transclusion.filteredtranscludeinline.template.tiddlywiki5
#               ^ text.html.tiddlywiki5 markup.list.unnumbered.unordered.ul.li.tiddlywiki5 meta.transclusion.filteredtranscludeinline.tiddlywiki5
#                ^^^^^^^^^^^^^ text.html.tiddlywiki5 markup.list.unnumbered.unordered.ul.li.tiddlywiki5 meta.transclusion.filteredtranscludeinline.tiddlywiki5 entity.name.other.tiddler.title.template.tiddlywiki5
#                             ^ text.html.tiddlywiki5 markup.list.unnumbered.unordered.ul.li.tiddlywiki5 meta.transclusion.filteredtranscludeinline.tiddlywiki5
#                              ^^^ text.html.tiddlywiki5 markup.list.unnumbered.unordered.ul.li.tiddlywiki5 meta.transclusion.filteredtranscludeinline.tiddlywiki5 punctuation.definition.transclusion.filteredtranscludeinline.end.tiddlywiki5
>* {{{ [filter[this is a string with $(substituted)$ text $n$ ${text}$ etc]step<var>step{transclude!!field}] || templateTitle }}}
#^ text.html.tiddlywiki5 markup.list.unnumbered.unordered.ul.li.tiddlywiki5 punctuation.definition.list.begin.tiddlywiki5 punctuation.definition.unnumbered.unordered.ul.li.list.markup.tiddlywiki5
# ^ text.html.tiddlywiki5 markup.list.unnumbered.unordered.ul.li.tiddlywiki5
#  ^^^ text.html.tiddlywiki5 markup.list.unnumbered.unordered.ul.li.tiddlywiki5 meta.transclusion.filteredtranscludeinline.tiddlywiki5 punctuation.definition.transclusion.filteredtranscludeinline.begin.tiddlywiki5
#     ^ text.html.tiddlywiki5 markup.list.unnumbered.unordered.ul.li.tiddlywiki5 meta.transclusion.filteredtranscludeinline.tiddlywiki5 meta.filter.tiddlywiki5
#      ^ text.html.tiddlywiki5 markup.list.unnumbered.unordered.ul.li.tiddlywiki5 meta.transclusion.filteredtranscludeinline.tiddlywiki5 meta.filter.tiddlywiki5 meta.filter.run.tiddlywiki5 punctuation.definition.filter.run.begin.tiddlywiki5
#       ^^^^^^ text.html.tiddlywiki5 markup.list.unnumbered.unordered.ul.li.tiddlywiki5 meta.transclusion.filteredtranscludeinline.tiddlywiki5 meta.filter.tiddlywiki5 meta.filter.run.tiddlywiki5 entity.filter.operator.title.tiddlywiki5 meta.filter.operator.step.tiddlywiki5 keyword.operator.filter.tiddlywiki5
#             ^ text.html.tiddlywiki5 markup.list.unnumbered.unordered.ul.li.tiddlywiki5 meta.transclusion.filteredtranscludeinline.tiddlywiki5 meta.filter.tiddlywiki5 meta.filter.run.tiddlywiki5 entity.filter.operator.title.tiddlywiki5 meta.filter.operator.step.tiddlywiki5 meta.string.entity.filter.operand.tiddlywiki5 string.punctuation.definition.operand.begin.tiddlywiki5
#              ^^^^^^^^^^^^^^^^^^^^^^^^^^^^^^^^^^^^^^^^^^^^^^^^^^^^^^^^^^^ text.html.tiddlywiki5 markup.list.unnumbered.unordered.ul.li.tiddlywiki5 meta.transclusion.filteredtranscludeinline.tiddlywiki5 meta.filter.tiddlywiki5 meta.filter.run.tiddlywiki5 entity.filter.operator.title.tiddlywiki5 meta.filter.operator.step.tiddlywiki5 string.entity.filter.operand.tiddlywiki5
#                                                                         ^ text.html.tiddlywiki5 markup.list.unnumbered.unordered.ul.li.tiddlywiki5 meta.transclusion.filteredtranscludeinline.tiddlywiki5 meta.filter.tiddlywiki5 meta.filter.run.tiddlywiki5 entity.filter.operator.title.tiddlywiki5 meta.filter.operator.step.tiddlywiki5 meta.string.entity.filter.operand.tiddlywiki5 string.punctuation.definition.operand.end.tiddlywiki5
#                                                                          ^^^^ text.html.tiddlywiki5 markup.list.unnumbered.unordered.ul.li.tiddlywiki5 meta.transclusion.filteredtranscludeinline.tiddlywiki5 meta.filter.tiddlywiki5 meta.filter.run.tiddlywiki5 entity.filter.operator.title.tiddlywiki5 meta.filter.operator.step.tiddlywiki5 keyword.operator.operator.filter.tiddlywiki5
#                                                                              ^ text.html.tiddlywiki5 markup.list.unnumbered.unordered.ul.li.tiddlywiki5 meta.transclusion.filteredtranscludeinline.tiddlywiki5 meta.filter.tiddlywiki5 meta.filter.run.tiddlywiki5 entity.filter.operator.title.tiddlywiki5 meta.filter.operator.step.tiddlywiki5 meta.variable.entity.filter.operand.tiddlywiki5 variable.punctuation.definition.operand.begin.tiddlywiki5
#                                                                               ^^^ text.html.tiddlywiki5 markup.list.unnumbered.unordered.ul.li.tiddlywiki5 meta.transclusion.filteredtranscludeinline.tiddlywiki5 meta.filter.tiddlywiki5 meta.filter.run.tiddlywiki5 entity.filter.operator.title.tiddlywiki5 meta.filter.operator.step.tiddlywiki5 meta.variable.entity.filter.operand.tiddlywiki5 variable.entity.filter.operand.tiddlywiki5
#                                                                                  ^ text.html.tiddlywiki5 markup.list.unnumbered.unordered.ul.li.tiddlywiki5 meta.transclusion.filteredtranscludeinline.tiddlywiki5 meta.filter.tiddlywiki5 meta.filter.run.tiddlywiki5 entity.filter.operator.title.tiddlywiki5 meta.filter.operator.step.tiddlywiki5 meta.variable.entity.filter.operand.tiddlywiki5 variable.punctuation.definition.operand.end.tiddlywiki5
#                                                                                   ^^^^ text.html.tiddlywiki5 markup.list.unnumbered.unordered.ul.li.tiddlywiki5 meta.transclusion.filteredtranscludeinline.tiddlywiki5 meta.filter.tiddlywiki5 meta.filter.run.tiddlywiki5 entity.filter.operator.title.tiddlywiki5 meta.filter.operator.step.tiddlywiki5 keyword.operator.filter.tiddlywiki5
#                                                                                       ^ text.html.tiddlywiki5 markup.list.unnumbered.unordered.ul.li.tiddlywiki5 meta.transclusion.filteredtranscludeinline.tiddlywiki5 meta.filter.tiddlywiki5 meta.filter.run.tiddlywiki5 entity.filter.operator.title.tiddlywiki5 meta.filter.operator.step.tiddlywiki5 meta.entity.indirect.operand.tiddlywiki5 entity.name.punctuation.definition.operand.begin.tiddlywiki5
#                                                                                        ^^^^^^^^^^ text.html.tiddlywiki5 markup.list.unnumbered.unordered.ul.li.tiddlywiki5 meta.transclusion.filteredtranscludeinline.tiddlywiki5 meta.filter.tiddlywiki5 meta.filter.run.tiddlywiki5 entity.filter.operator.title.tiddlywiki5 meta.filter.operator.step.tiddlywiki5 entity.name.indirect.operand.tiddlywiki5 meta.support.text-reference.tiddlywiki5 string.text-reference.tiddlywiki5 entity.name.tiddler.field.title.tiddlywiki5
#                                                                                                  ^^ text.html.tiddlywiki5 markup.list.unnumbered.unordered.ul.li.tiddlywiki5 meta.transclusion.filteredtranscludeinline.tiddlywiki5 meta.filter.tiddlywiki5 meta.filter.run.tiddlywiki5 entity.filter.operator.title.tiddlywiki5 meta.filter.operator.step.tiddlywiki5 entity.name.indirect.operand.tiddlywiki5 meta.support.text-reference.tiddlywiki5 string.text-reference.tiddlywiki5 punctuation.definition.text-reference.field.tiddlywiki5
#                                                                                                    ^^^^^ text.html.tiddlywiki5 markup.list.unnumbered.unordered.ul.li.tiddlywiki5 meta.transclusion.filteredtranscludeinline.tiddlywiki5 meta.filter.tiddlywiki5 meta.filter.run.tiddlywiki5 entity.filter.operator.title.tiddlywiki5 meta.filter.operator.step.tiddlywiki5 entity.name.indirect.operand.tiddlywiki5 meta.support.text-reference.tiddlywiki5 string.text-reference.tiddlywiki5 entity.name.tiddler.field.tiddlywiki5
#                                                                                                         ^ text.html.tiddlywiki5 markup.list.unnumbered.unordered.ul.li.tiddlywiki5 meta.transclusion.filteredtranscludeinline.tiddlywiki5 meta.filter.tiddlywiki5 meta.filter.run.tiddlywiki5 entity.filter.operator.title.tiddlywiki5 meta.filter.operator.step.tiddlywiki5 meta.entity.indirect.operand.tiddlywiki5 entity.name.punctuation.definition.operand.end.tiddlywiki5
#                                                                                                          ^ text.html.tiddlywiki5 markup.list.unnumbered.unordered.ul.li.tiddlywiki5 meta.transclusion.filteredtranscludeinline.tiddlywiki5 meta.filter.tiddlywiki5 meta.filter.run.tiddlywiki5 punctuation.definition.filter.run.end.tiddlywiki5
#                                                                                                           ^ text.html.tiddlywiki5 markup.list.unnumbered.unordered.ul.li.tiddlywiki5 meta.transclusion.filteredtranscludeinline.tiddlywiki5 meta.filter.tiddlywiki5
#                                                                                                            ^^ text.html.tiddlywiki5 markup.list.unnumbered.unordered.ul.li.tiddlywiki5 meta.transclusion.filteredtranscludeinline.tiddlywiki5 punctuation.definition.transclusion.filteredtranscludeinline.template.tiddlywiki5
#                                                                                                              ^ text.html.tiddlywiki5 markup.list.unnumbered.unordered.ul.li.tiddlywiki5 meta.transclusion.filteredtranscludeinline.tiddlywiki5
#                                                                                                               ^^^^^^^^^^^^^ text.html.tiddlywiki5 markup.list.unnumbered.unordered.ul.li.tiddlywiki5 meta.transclusion.filteredtranscludeinline.tiddlywiki5 entity.name.other.tiddler.title.template.tiddlywiki5
#                                                                                                                            ^ text.html.tiddlywiki5 markup.list.unnumbered.unordered.ul.li.tiddlywiki5 meta.transclusion.filteredtranscludeinline.tiddlywiki5
#                                                                                                                             ^^^ text.html.tiddlywiki5 markup.list.unnumbered.unordered.ul.li.tiddlywiki5 meta.transclusion.filteredtranscludeinline.tiddlywiki5 punctuation.definition.transclusion.filteredtranscludeinline.end.tiddlywiki5
>* {{{
#^ text.html.tiddlywiki5 markup.list.unnumbered.unordered.ul.li.tiddlywiki5 punctuation.definition.list.begin.tiddlywiki5 punctuation.definition.unnumbered.unordered.ul.li.list.markup.tiddlywiki5
# ^ text.html.tiddlywiki5 markup.list.unnumbered.unordered.ul.li.tiddlywiki5
#  ^^^ text.html.tiddlywiki5 markup.list.unnumbered.unordered.ul.li.tiddlywiki5 meta.transclusion.filteredtranscludeinline.tiddlywiki5 punctuation.definition.transclusion.filteredtranscludeinline.begin.tiddlywiki5
>}}}
#^^^ text.html.tiddlywiki5 markup.list.unnumbered.unordered.ul.li.tiddlywiki5 meta.transclusion.filteredtranscludeinline.tiddlywiki5 punctuation.definition.transclusion.filteredtranscludeinline.end.tiddlywiki5
>* {{{
#^ text.html.tiddlywiki5 markup.list.unnumbered.unordered.ul.li.tiddlywiki5 punctuation.definition.list.begin.tiddlywiki5 punctuation.definition.unnumbered.unordered.ul.li.list.markup.tiddlywiki5
# ^ text.html.tiddlywiki5 markup.list.unnumbered.unordered.ul.li.tiddlywiki5
#  ^^^ text.html.tiddlywiki5 markup.list.unnumbered.unordered.ul.li.tiddlywiki5 meta.transclusion.filteredtranscludeinline.tiddlywiki5 punctuation.definition.transclusion.filteredtranscludeinline.begin.tiddlywiki5
>  filter
#^^ text.html.tiddlywiki5 markup.list.unnumbered.unordered.ul.li.tiddlywiki5 meta.transclusion.filteredtranscludeinline.tiddlywiki5 meta.filter.tiddlywiki5
#  ^^^^^^ text.html.tiddlywiki5 markup.list.unnumbered.unordered.ul.li.tiddlywiki5 meta.transclusion.filteredtranscludeinline.tiddlywiki5 meta.filter.tiddlywiki5 meta.filter.run.tiddlywiki5 entity.filter.operator.title.tiddlywiki5 string.unquoted.html.tiddlywiki5
>}}}
#^^^ text.html.tiddlywiki5 markup.list.unnumbered.unordered.ul.li.tiddlywiki5 meta.transclusion.filteredtranscludeinline.tiddlywiki5 punctuation.definition.transclusion.filteredtranscludeinline.end.tiddlywiki5
>* {{{
#^ text.html.tiddlywiki5 markup.list.unnumbered.unordered.ul.li.tiddlywiki5 punctuation.definition.list.begin.tiddlywiki5 punctuation.definition.unnumbered.unordered.ul.li.list.markup.tiddlywiki5
# ^ text.html.tiddlywiki5 markup.list.unnumbered.unordered.ul.li.tiddlywiki5
#  ^^^ text.html.tiddlywiki5 markup.list.unnumbered.unordered.ul.li.tiddlywiki5 meta.transclusion.filteredtranscludeinline.tiddlywiki5 punctuation.definition.transclusion.filteredtranscludeinline.begin.tiddlywiki5
>  ||
#^^ text.html.tiddlywiki5 markup.list.unnumbered.unordered.ul.li.tiddlywiki5 meta.transclusion.filteredtranscludeinline.tiddlywiki5 meta.filter.tiddlywiki5
#  ^^ text.html.tiddlywiki5 markup.list.unnumbered.unordered.ul.li.tiddlywiki5 meta.transclusion.filteredtranscludeinline.tiddlywiki5 punctuation.definition.transclusion.filteredtranscludeinline.template.tiddlywiki5
>}}}
#^^^ text.html.tiddlywiki5 markup.list.unnumbered.unordered.ul.li.tiddlywiki5 meta.transclusion.filteredtranscludeinline.tiddlywiki5 punctuation.definition.transclusion.filteredtranscludeinline.end.tiddlywiki5
>* {{{
#^ text.html.tiddlywiki5 markup.list.unnumbered.unordered.ul.li.tiddlywiki5 punctuation.definition.list.begin.tiddlywiki5 punctuation.definition.unnumbered.unordered.ul.li.list.markup.tiddlywiki5
# ^ text.html.tiddlywiki5 markup.list.unnumbered.unordered.ul.li.tiddlywiki5
#  ^^^ text.html.tiddlywiki5 markup.list.unnumbered.unordered.ul.li.tiddlywiki5 meta.transclusion.filteredtranscludeinline.tiddlywiki5 punctuation.definition.transclusion.filteredtranscludeinline.begin.tiddlywiki5
>  || templateTitle
#^^ text.html.tiddlywiki5 markup.list.unnumbered.unordered.ul.li.tiddlywiki5 meta.transclusion.filteredtranscludeinline.tiddlywiki5 meta.filter.tiddlywiki5
#  ^^ text.html.tiddlywiki5 markup.list.unnumbered.unordered.ul.li.tiddlywiki5 meta.transclusion.filteredtranscludeinline.tiddlywiki5 punctuation.definition.transclusion.filteredtranscludeinline.template.tiddlywiki5
#    ^ text.html.tiddlywiki5 markup.list.unnumbered.unordered.ul.li.tiddlywiki5 meta.transclusion.filteredtranscludeinline.tiddlywiki5
#     ^^^^^^^^^^^^^ text.html.tiddlywiki5 markup.list.unnumbered.unordered.ul.li.tiddlywiki5 meta.transclusion.filteredtranscludeinline.tiddlywiki5 entity.name.other.tiddler.title.template.tiddlywiki5
>}}}
#^^^ text.html.tiddlywiki5 markup.list.unnumbered.unordered.ul.li.tiddlywiki5 meta.transclusion.filteredtranscludeinline.tiddlywiki5 punctuation.definition.transclusion.filteredtranscludeinline.end.tiddlywiki5
>* {{{
#^ text.html.tiddlywiki5 markup.list.unnumbered.unordered.ul.li.tiddlywiki5 punctuation.definition.list.begin.tiddlywiki5 punctuation.definition.unnumbered.unordered.ul.li.list.markup.tiddlywiki5
# ^ text.html.tiddlywiki5 markup.list.unnumbered.unordered.ul.li.tiddlywiki5
#  ^^^ text.html.tiddlywiki5 markup.list.unnumbered.unordered.ul.li.tiddlywiki5 meta.transclusion.filteredtranscludeinline.tiddlywiki5 punctuation.definition.transclusion.filteredtranscludeinline.begin.tiddlywiki5
>  filter
#^^ text.html.tiddlywiki5 markup.list.unnumbered.unordered.ul.li.tiddlywiki5 meta.transclusion.filteredtranscludeinline.tiddlywiki5 meta.filter.tiddlywiki5
#  ^^^^^^ text.html.tiddlywiki5 markup.list.unnumbered.unordered.ul.li.tiddlywiki5 meta.transclusion.filteredtranscludeinline.tiddlywiki5 meta.filter.tiddlywiki5 meta.filter.run.tiddlywiki5 entity.filter.operator.title.tiddlywiki5 string.unquoted.html.tiddlywiki5
>  ||
#^^ text.html.tiddlywiki5 markup.list.unnumbered.unordered.ul.li.tiddlywiki5 meta.transclusion.filteredtranscludeinline.tiddlywiki5 meta.filter.tiddlywiki5
#  ^^ text.html.tiddlywiki5 markup.list.unnumbered.unordered.ul.li.tiddlywiki5 meta.transclusion.filteredtranscludeinline.tiddlywiki5 punctuation.definition.transclusion.filteredtranscludeinline.template.tiddlywiki5
>  templateTitle
#^^ text.html.tiddlywiki5 markup.list.unnumbered.unordered.ul.li.tiddlywiki5 meta.transclusion.filteredtranscludeinline.tiddlywiki5
#  ^^^^^^^^^^^^^ text.html.tiddlywiki5 markup.list.unnumbered.unordered.ul.li.tiddlywiki5 meta.transclusion.filteredtranscludeinline.tiddlywiki5 entity.name.other.tiddler.title.template.tiddlywiki5
>}}}
#^^^ text.html.tiddlywiki5 markup.list.unnumbered.unordered.ul.li.tiddlywiki5 meta.transclusion.filteredtranscludeinline.tiddlywiki5 punctuation.definition.transclusion.filteredtranscludeinline.end.tiddlywiki5
>* {{{
#^ text.html.tiddlywiki5 markup.list.unnumbered.unordered.ul.li.tiddlywiki5 punctuation.definition.list.begin.tiddlywiki5 punctuation.definition.unnumbered.unordered.ul.li.list.markup.tiddlywiki5
# ^ text.html.tiddlywiki5 markup.list.unnumbered.unordered.ul.li.tiddlywiki5
#  ^^^ text.html.tiddlywiki5 markup.list.unnumbered.unordered.ul.li.tiddlywiki5 meta.transclusion.filteredtranscludeinline.tiddlywiki5 punctuation.definition.transclusion.filteredtranscludeinline.begin.tiddlywiki5
>
>  multiline filter strings
#^^ text.html.tiddlywiki5 markup.list.unnumbered.unordered.ul.li.tiddlywiki5 meta.transclusion.filteredtranscludeinline.tiddlywiki5 meta.filter.tiddlywiki5
#  ^^^^^^^^^ text.html.tiddlywiki5 markup.list.unnumbered.unordered.ul.li.tiddlywiki5 meta.transclusion.filteredtranscludeinline.tiddlywiki5 meta.filter.tiddlywiki5 meta.filter.run.tiddlywiki5 entity.filter.operator.title.tiddlywiki5 string.unquoted.html.tiddlywiki5
#           ^ text.html.tiddlywiki5 markup.list.unnumbered.unordered.ul.li.tiddlywiki5 meta.transclusion.filteredtranscludeinline.tiddlywiki5 meta.filter.tiddlywiki5
#            ^^^^^^ text.html.tiddlywiki5 markup.list.unnumbered.unordered.ul.li.tiddlywiki5 meta.transclusion.filteredtranscludeinline.tiddlywiki5 meta.filter.tiddlywiki5 meta.filter.run.tiddlywiki5 entity.filter.operator.title.tiddlywiki5 string.unquoted.html.tiddlywiki5
#                  ^ text.html.tiddlywiki5 markup.list.unnumbered.unordered.ul.li.tiddlywiki5 meta.transclusion.filteredtranscludeinline.tiddlywiki5 meta.filter.tiddlywiki5
#                   ^^^^^^^ text.html.tiddlywiki5 markup.list.unnumbered.unordered.ul.li.tiddlywiki5 meta.transclusion.filteredtranscludeinline.tiddlywiki5 meta.filter.tiddlywiki5 meta.filter.run.tiddlywiki5 entity.filter.operator.title.tiddlywiki5 string.unquoted.html.tiddlywiki5
>
>  are legal
#^^ text.html.tiddlywiki5 markup.list.unnumbered.unordered.ul.li.tiddlywiki5 meta.transclusion.filteredtranscludeinline.tiddlywiki5 meta.filter.tiddlywiki5
#  ^^^ text.html.tiddlywiki5 markup.list.unnumbered.unordered.ul.li.tiddlywiki5 meta.transclusion.filteredtranscludeinline.tiddlywiki5 meta.filter.tiddlywiki5 meta.filter.run.tiddlywiki5 entity.filter.operator.title.tiddlywiki5 string.unquoted.html.tiddlywiki5
#     ^ text.html.tiddlywiki5 markup.list.unnumbered.unordered.ul.li.tiddlywiki5 meta.transclusion.filteredtranscludeinline.tiddlywiki5 meta.filter.tiddlywiki5
#      ^^^^^ text.html.tiddlywiki5 markup.list.unnumbered.unordered.ul.li.tiddlywiki5 meta.transclusion.filteredtranscludeinline.tiddlywiki5 meta.filter.tiddlywiki5 meta.filter.run.tiddlywiki5 entity.filter.operator.title.tiddlywiki5 string.unquoted.html.tiddlywiki5
>
>  ||
#^^ text.html.tiddlywiki5 markup.list.unnumbered.unordered.ul.li.tiddlywiki5 meta.transclusion.filteredtranscludeinline.tiddlywiki5 meta.filter.tiddlywiki5
#  ^^ text.html.tiddlywiki5 markup.list.unnumbered.unordered.ul.li.tiddlywiki5 meta.transclusion.filteredtranscludeinline.tiddlywiki5 punctuation.definition.transclusion.filteredtranscludeinline.template.tiddlywiki5
>
>  multiline template titles too,
#^^ text.html.tiddlywiki5 markup.list.unnumbered.unordered.ul.li.tiddlywiki5 meta.transclusion.filteredtranscludeinline.tiddlywiki5
#  ^^^^^^^^^^^^^^^^^^^^^^^^^^^^^^ text.html.tiddlywiki5 markup.list.unnumbered.unordered.ul.li.tiddlywiki5 meta.transclusion.filteredtranscludeinline.tiddlywiki5 entity.name.other.tiddler.title.template.tiddlywiki5
>
>  but don't use it here anyway
#^^ text.html.tiddlywiki5 markup.list.unnumbered.unordered.ul.li.tiddlywiki5 meta.transclusion.filteredtranscludeinline.tiddlywiki5
#  ^^^^^^^^^^^^^^^^^^^^^^^^^^^^^ text.html.tiddlywiki5 markup.list.unnumbered.unordered.ul.li.tiddlywiki5 meta.transclusion.filteredtranscludeinline.tiddlywiki5 entity.name.tiddler.title.template.tiddlywiki5
>
>}}}
#^^^ text.html.tiddlywiki5 markup.list.unnumbered.unordered.ul.li.tiddlywiki5 meta.transclusion.filteredtranscludeinline.tiddlywiki5 punctuation.definition.transclusion.filteredtranscludeinline.end.tiddlywiki5
>
><!--#endregion -->
#^^^^ text.html.tiddlywiki5 comment.block.html.tiddlywiki5 punctuation.definition.comment.html.tiddlywiki5
#    ^^^^^^^^^^^ text.html.tiddlywiki5 comment.block.html.tiddlywiki5
#               ^^^ text.html.tiddlywiki5 comment.block.html.tiddlywiki5 punctuation.definition.comment.html.tiddlywiki5
>