><!--#region Inline Styling Wikitext -->
#^^^^ text.html.tiddlywiki5 comment.block.html.tiddlywiki5 punctuation.definition.comment.html.tiddlywiki5
#    ^^^^^^^^^^^^^^^^^^^^^^^^^^^^^^^^ text.html.tiddlywiki5 comment.block.html.tiddlywiki5
#                                    ^^^ text.html.tiddlywiki5 comment.block.html.tiddlywiki5 punctuation.definition.comment.html.tiddlywiki5
>
>* @@@@
#^ text.html.tiddlywiki5 markup.list.unnumbered.unordered.ul.li.tiddlywiki5 punctuation.definition.unnumbered.unordered.ul.li.list.markup.tiddlywiki5
# ^ text.html.tiddlywiki5 markup.list.unnumbered.unordered.ul.li.tiddlywiki5
#  ^^ text.html.tiddlywiki5 markup.list.unnumbered.unordered.ul.li.tiddlywiki5 markup.other.style.tiddlywiki5 punctuation.definition.style.markup.begin.tiddlywiki5
#    ^^ text.html.tiddlywiki5 markup.list.unnumbered.unordered.ul.li.tiddlywiki5 markup.other.style.tiddlywiki5 punctuation.definition.style.markup.end.tiddlywiki5
>* @@''Inline styling''@@
#^ text.html.tiddlywiki5 markup.list.unnumbered.unordered.ul.li.tiddlywiki5 punctuation.definition.unnumbered.unordered.ul.li.list.markup.tiddlywiki5
# ^ text.html.tiddlywiki5 markup.list.unnumbered.unordered.ul.li.tiddlywiki5
#  ^^ text.html.tiddlywiki5 markup.list.unnumbered.unordered.ul.li.tiddlywiki5 markup.other.style.tiddlywiki5 punctuation.definition.style.markup.begin.tiddlywiki5
#    ^^ text.html.tiddlywiki5 markup.list.unnumbered.unordered.ul.li.tiddlywiki5 markup.other.style.tiddlywiki5 punctuation.definition.markup.begin.bold.tiddlywiki5
#      ^^^^^^^^^^^^^^ text.html.tiddlywiki5 markup.list.unnumbered.unordered.ul.li.tiddlywiki5 markup.other.style.tiddlywiki5 markup.bold.tiddlywiki5
#                    ^^ text.html.tiddlywiki5 markup.list.unnumbered.unordered.ul.li.tiddlywiki5 markup.other.style.tiddlywiki5 punctuation.definition.markup.end.bold.tiddlywiki5
#                      ^^ text.html.tiddlywiki5 markup.list.unnumbered.unordered.ul.li.tiddlywiki5 markup.other.style.tiddlywiki5 punctuation.definition.style.markup.end.tiddlywiki5
>* @@.class1.class2 ''Inline styling''@@
#^ text.html.tiddlywiki5 markup.list.unnumbered.unordered.ul.li.tiddlywiki5 punctuation.definition.unnumbered.unordered.ul.li.list.markup.tiddlywiki5
# ^ text.html.tiddlywiki5 markup.list.unnumbered.unordered.ul.li.tiddlywiki5
#  ^^ text.html.tiddlywiki5 markup.list.unnumbered.unordered.ul.li.tiddlywiki5 markup.other.style.tiddlywiki5 punctuation.definition.style.markup.begin.tiddlywiki5
#    ^ text.html.tiddlywiki5 markup.list.unnumbered.unordered.ul.li.tiddlywiki5 markup.other.style.tiddlywiki5 meta.support.classes.tiddlywiki5 entity.other.attribute-name.class.css punctuation.definition.entity.css
#     ^^^^^^ text.html.tiddlywiki5 markup.list.unnumbered.unordered.ul.li.tiddlywiki5 markup.other.style.tiddlywiki5 meta.support.classes.tiddlywiki5 entity.other.attribute-name.class.css punctuation.definition.entity.css entity.other.attribute-name.class.css
#           ^ text.html.tiddlywiki5 markup.list.unnumbered.unordered.ul.li.tiddlywiki5 markup.other.style.tiddlywiki5 meta.support.classes.tiddlywiki5 entity.other.attribute-name.class.css punctuation.definition.entity.css
#            ^^^^^^ text.html.tiddlywiki5 markup.list.unnumbered.unordered.ul.li.tiddlywiki5 markup.other.style.tiddlywiki5 meta.support.classes.tiddlywiki5 entity.other.attribute-name.class.css punctuation.definition.entity.css entity.other.attribute-name.class.css
#                  ^ text.html.tiddlywiki5 markup.list.unnumbered.unordered.ul.li.tiddlywiki5 markup.other.style.tiddlywiki5
#                   ^^ text.html.tiddlywiki5 markup.list.unnumbered.unordered.ul.li.tiddlywiki5 markup.other.style.tiddlywiki5 punctuation.definition.markup.begin.bold.tiddlywiki5
#                     ^^^^^^^^^^^^^^ text.html.tiddlywiki5 markup.list.unnumbered.unordered.ul.li.tiddlywiki5 markup.other.style.tiddlywiki5 markup.bold.tiddlywiki5
#                                   ^^ text.html.tiddlywiki5 markup.list.unnumbered.unordered.ul.li.tiddlywiki5 markup.other.style.tiddlywiki5 punctuation.definition.markup.end.bold.tiddlywiki5
#                                     ^^ text.html.tiddlywiki5 markup.list.unnumbered.unordered.ul.li.tiddlywiki5 markup.other.style.tiddlywiki5 punctuation.definition.style.markup.end.tiddlywiki5
>* @@color:blue;background-color:red; ''Inline styling''@@
#^ text.html.tiddlywiki5 markup.list.unnumbered.unordered.ul.li.tiddlywiki5 punctuation.definition.unnumbered.unordered.ul.li.list.markup.tiddlywiki5
# ^ text.html.tiddlywiki5 markup.list.unnumbered.unordered.ul.li.tiddlywiki5
#  ^^ text.html.tiddlywiki5 markup.list.unnumbered.unordered.ul.li.tiddlywiki5 markup.other.style.tiddlywiki5 punctuation.definition.style.markup.begin.tiddlywiki5
#    ^^^^^ text.html.tiddlywiki5 markup.list.unnumbered.unordered.ul.li.tiddlywiki5 markup.other.style.tiddlywiki5 meta.support.styles.tiddlywiki5 meta.property-value.css support.type.property-name.css
#         ^ text.html.tiddlywiki5 markup.list.unnumbered.unordered.ul.li.tiddlywiki5 markup.other.style.tiddlywiki5 meta.support.styles.tiddlywiki5 meta.property-value.css punctuation.separator.key-value.css
#          ^^^^ text.html.tiddlywiki5 markup.list.unnumbered.unordered.ul.li.tiddlywiki5 markup.other.style.tiddlywiki5 meta.support.styles.tiddlywiki5 meta.property-value.css support.constant.color.w3c-standard-color-name.css
#              ^ text.html.tiddlywiki5 markup.list.unnumbered.unordered.ul.li.tiddlywiki5 markup.other.style.tiddlywiki5 meta.support.styles.tiddlywiki5 meta.property-value.css punctuation.terminator.rule.css
#               ^^^^^^^^^^^^^^^^ text.html.tiddlywiki5 markup.list.unnumbered.unordered.ul.li.tiddlywiki5 markup.other.style.tiddlywiki5 meta.support.styles.tiddlywiki5 meta.property-value.css support.type.property-name.css
#                               ^ text.html.tiddlywiki5 markup.list.unnumbered.unordered.ul.li.tiddlywiki5 markup.other.style.tiddlywiki5 meta.support.styles.tiddlywiki5 meta.property-value.css punctuation.separator.key-value.css
#                                ^^^ text.html.tiddlywiki5 markup.list.unnumbered.unordered.ul.li.tiddlywiki5 markup.other.style.tiddlywiki5 meta.support.styles.tiddlywiki5 meta.property-value.css support.constant.color.w3c-standard-color-name.css
#                                   ^ text.html.tiddlywiki5 markup.list.unnumbered.unordered.ul.li.tiddlywiki5 markup.other.style.tiddlywiki5 meta.support.styles.tiddlywiki5 meta.property-value.css punctuation.terminator.rule.css
#                                    ^ text.html.tiddlywiki5 markup.list.unnumbered.unordered.ul.li.tiddlywiki5 markup.other.style.tiddlywiki5
#                                     ^^ text.html.tiddlywiki5 markup.list.unnumbered.unordered.ul.li.tiddlywiki5 markup.other.style.tiddlywiki5 punctuation.definition.markup.begin.bold.tiddlywiki5
#                                       ^^^^^^^^^^^^^^ text.html.tiddlywiki5 markup.list.unnumbered.unordered.ul.li.tiddlywiki5 markup.other.style.tiddlywiki5 markup.bold.tiddlywiki5
#                                                     ^^ text.html.tiddlywiki5 markup.list.unnumbered.unordered.ul.li.tiddlywiki5 markup.other.style.tiddlywiki5 punctuation.definition.markup.end.bold.tiddlywiki5
#                                                       ^^ text.html.tiddlywiki5 markup.list.unnumbered.unordered.ul.li.tiddlywiki5 markup.other.style.tiddlywiki5 punctuation.definition.style.markup.end.tiddlywiki5
>* @@color:blue;background-color:red;''Inline styling''@@
#^ text.html.tiddlywiki5 markup.list.unnumbered.unordered.ul.li.tiddlywiki5 punctuation.definition.unnumbered.unordered.ul.li.list.markup.tiddlywiki5
# ^ text.html.tiddlywiki5 markup.list.unnumbered.unordered.ul.li.tiddlywiki5
#  ^^ text.html.tiddlywiki5 markup.list.unnumbered.unordered.ul.li.tiddlywiki5 markup.other.style.tiddlywiki5 punctuation.definition.style.markup.begin.tiddlywiki5
#    ^^^^^ text.html.tiddlywiki5 markup.list.unnumbered.unordered.ul.li.tiddlywiki5 markup.other.style.tiddlywiki5 meta.support.styles.tiddlywiki5 meta.property-value.css support.type.property-name.css
#         ^ text.html.tiddlywiki5 markup.list.unnumbered.unordered.ul.li.tiddlywiki5 markup.other.style.tiddlywiki5 meta.support.styles.tiddlywiki5 meta.property-value.css punctuation.separator.key-value.css
#          ^^^^ text.html.tiddlywiki5 markup.list.unnumbered.unordered.ul.li.tiddlywiki5 markup.other.style.tiddlywiki5 meta.support.styles.tiddlywiki5 meta.property-value.css support.constant.color.w3c-standard-color-name.css
#              ^ text.html.tiddlywiki5 markup.list.unnumbered.unordered.ul.li.tiddlywiki5 markup.other.style.tiddlywiki5 meta.support.styles.tiddlywiki5 meta.property-value.css punctuation.terminator.rule.css
#               ^^^^^^^^^^^^^^^^ text.html.tiddlywiki5 markup.list.unnumbered.unordered.ul.li.tiddlywiki5 markup.other.style.tiddlywiki5 meta.support.styles.tiddlywiki5 meta.property-value.css support.type.property-name.css
#                               ^ text.html.tiddlywiki5 markup.list.unnumbered.unordered.ul.li.tiddlywiki5 markup.other.style.tiddlywiki5 meta.support.styles.tiddlywiki5 meta.property-value.css punctuation.separator.key-value.css
#                                ^^^ text.html.tiddlywiki5 markup.list.unnumbered.unordered.ul.li.tiddlywiki5 markup.other.style.tiddlywiki5 meta.support.styles.tiddlywiki5 meta.property-value.css support.constant.color.w3c-standard-color-name.css
#                                   ^ text.html.tiddlywiki5 markup.list.unnumbered.unordered.ul.li.tiddlywiki5 markup.other.style.tiddlywiki5 meta.support.styles.tiddlywiki5 meta.property-value.css punctuation.terminator.rule.css
#                                    ^^ text.html.tiddlywiki5 markup.list.unnumbered.unordered.ul.li.tiddlywiki5 markup.other.style.tiddlywiki5 punctuation.definition.markup.begin.bold.tiddlywiki5
#                                      ^^^^^^^^^^^^^^ text.html.tiddlywiki5 markup.list.unnumbered.unordered.ul.li.tiddlywiki5 markup.other.style.tiddlywiki5 markup.bold.tiddlywiki5
#                                                    ^^ text.html.tiddlywiki5 markup.list.unnumbered.unordered.ul.li.tiddlywiki5 markup.other.style.tiddlywiki5 punctuation.definition.markup.end.bold.tiddlywiki5
#                                                      ^^ text.html.tiddlywiki5 markup.list.unnumbered.unordered.ul.li.tiddlywiki5 markup.other.style.tiddlywiki5 punctuation.definition.style.markup.end.tiddlywiki5
>* @@color:blue;background-color:red;.class1.class2 ''Inline styling''@@
#^ text.html.tiddlywiki5 markup.list.unnumbered.unordered.ul.li.tiddlywiki5 punctuation.definition.unnumbered.unordered.ul.li.list.markup.tiddlywiki5
# ^ text.html.tiddlywiki5 markup.list.unnumbered.unordered.ul.li.tiddlywiki5
#  ^^ text.html.tiddlywiki5 markup.list.unnumbered.unordered.ul.li.tiddlywiki5 markup.other.style.tiddlywiki5 punctuation.definition.style.markup.begin.tiddlywiki5
#    ^^^^^ text.html.tiddlywiki5 markup.list.unnumbered.unordered.ul.li.tiddlywiki5 markup.other.style.tiddlywiki5 meta.support.styles.tiddlywiki5 meta.property-value.css support.type.property-name.css
#         ^ text.html.tiddlywiki5 markup.list.unnumbered.unordered.ul.li.tiddlywiki5 markup.other.style.tiddlywiki5 meta.support.styles.tiddlywiki5 meta.property-value.css punctuation.separator.key-value.css
#          ^^^^ text.html.tiddlywiki5 markup.list.unnumbered.unordered.ul.li.tiddlywiki5 markup.other.style.tiddlywiki5 meta.support.styles.tiddlywiki5 meta.property-value.css support.constant.color.w3c-standard-color-name.css
#              ^ text.html.tiddlywiki5 markup.list.unnumbered.unordered.ul.li.tiddlywiki5 markup.other.style.tiddlywiki5 meta.support.styles.tiddlywiki5 meta.property-value.css punctuation.terminator.rule.css
#               ^^^^^^^^^^^^^^^^ text.html.tiddlywiki5 markup.list.unnumbered.unordered.ul.li.tiddlywiki5 markup.other.style.tiddlywiki5 meta.support.styles.tiddlywiki5 meta.property-value.css support.type.property-name.css
#                               ^ text.html.tiddlywiki5 markup.list.unnumbered.unordered.ul.li.tiddlywiki5 markup.other.style.tiddlywiki5 meta.support.styles.tiddlywiki5 meta.property-value.css punctuation.separator.key-value.css
#                                ^^^ text.html.tiddlywiki5 markup.list.unnumbered.unordered.ul.li.tiddlywiki5 markup.other.style.tiddlywiki5 meta.support.styles.tiddlywiki5 meta.property-value.css support.constant.color.w3c-standard-color-name.css
#                                   ^ text.html.tiddlywiki5 markup.list.unnumbered.unordered.ul.li.tiddlywiki5 markup.other.style.tiddlywiki5 meta.support.styles.tiddlywiki5 meta.property-value.css punctuation.terminator.rule.css
#                                    ^ text.html.tiddlywiki5 markup.list.unnumbered.unordered.ul.li.tiddlywiki5 markup.other.style.tiddlywiki5 meta.support.classes.tiddlywiki5 entity.other.attribute-name.class.css punctuation.definition.entity.css
#                                     ^^^^^^ text.html.tiddlywiki5 markup.list.unnumbered.unordered.ul.li.tiddlywiki5 markup.other.style.tiddlywiki5 meta.support.classes.tiddlywiki5 entity.other.attribute-name.class.css punctuation.definition.entity.css entity.other.attribute-name.class.css
#                                           ^ text.html.tiddlywiki5 markup.list.unnumbered.unordered.ul.li.tiddlywiki5 markup.other.style.tiddlywiki5 meta.support.classes.tiddlywiki5 entity.other.attribute-name.class.css punctuation.definition.entity.css
#                                            ^^^^^^ text.html.tiddlywiki5 markup.list.unnumbered.unordered.ul.li.tiddlywiki5 markup.other.style.tiddlywiki5 meta.support.classes.tiddlywiki5 entity.other.attribute-name.class.css punctuation.definition.entity.css entity.other.attribute-name.class.css
#                                                  ^ text.html.tiddlywiki5 markup.list.unnumbered.unordered.ul.li.tiddlywiki5 markup.other.style.tiddlywiki5
#                                                   ^^ text.html.tiddlywiki5 markup.list.unnumbered.unordered.ul.li.tiddlywiki5 markup.other.style.tiddlywiki5 punctuation.definition.markup.begin.bold.tiddlywiki5
#                                                     ^^^^^^^^^^^^^^ text.html.tiddlywiki5 markup.list.unnumbered.unordered.ul.li.tiddlywiki5 markup.other.style.tiddlywiki5 markup.bold.tiddlywiki5
#                                                                   ^^ text.html.tiddlywiki5 markup.list.unnumbered.unordered.ul.li.tiddlywiki5 markup.other.style.tiddlywiki5 punctuation.definition.markup.end.bold.tiddlywiki5
#                                                                     ^^ text.html.tiddlywiki5 markup.list.unnumbered.unordered.ul.li.tiddlywiki5 markup.other.style.tiddlywiki5 punctuation.definition.style.markup.end.tiddlywiki5
>* @@color:blue;background-color:red;.class1.class2 """
#^ text.html.tiddlywiki5 markup.list.unnumbered.unordered.ul.li.tiddlywiki5 punctuation.definition.unnumbered.unordered.ul.li.list.markup.tiddlywiki5
# ^ text.html.tiddlywiki5 markup.list.unnumbered.unordered.ul.li.tiddlywiki5
#  ^^ text.html.tiddlywiki5 markup.list.unnumbered.unordered.ul.li.tiddlywiki5 markup.other.style.tiddlywiki5 punctuation.definition.style.markup.begin.tiddlywiki5
#    ^^^^^ text.html.tiddlywiki5 markup.list.unnumbered.unordered.ul.li.tiddlywiki5 markup.other.style.tiddlywiki5 meta.support.styles.tiddlywiki5 meta.property-value.css support.type.property-name.css
#         ^ text.html.tiddlywiki5 markup.list.unnumbered.unordered.ul.li.tiddlywiki5 markup.other.style.tiddlywiki5 meta.support.styles.tiddlywiki5 meta.property-value.css punctuation.separator.key-value.css
#          ^^^^ text.html.tiddlywiki5 markup.list.unnumbered.unordered.ul.li.tiddlywiki5 markup.other.style.tiddlywiki5 meta.support.styles.tiddlywiki5 meta.property-value.css support.constant.color.w3c-standard-color-name.css
#              ^ text.html.tiddlywiki5 markup.list.unnumbered.unordered.ul.li.tiddlywiki5 markup.other.style.tiddlywiki5 meta.support.styles.tiddlywiki5 meta.property-value.css punctuation.terminator.rule.css
#               ^^^^^^^^^^^^^^^^ text.html.tiddlywiki5 markup.list.unnumbered.unordered.ul.li.tiddlywiki5 markup.other.style.tiddlywiki5 meta.support.styles.tiddlywiki5 meta.property-value.css support.type.property-name.css
#                               ^ text.html.tiddlywiki5 markup.list.unnumbered.unordered.ul.li.tiddlywiki5 markup.other.style.tiddlywiki5 meta.support.styles.tiddlywiki5 meta.property-value.css punctuation.separator.key-value.css
#                                ^^^ text.html.tiddlywiki5 markup.list.unnumbered.unordered.ul.li.tiddlywiki5 markup.other.style.tiddlywiki5 meta.support.styles.tiddlywiki5 meta.property-value.css support.constant.color.w3c-standard-color-name.css
#                                   ^ text.html.tiddlywiki5 markup.list.unnumbered.unordered.ul.li.tiddlywiki5 markup.other.style.tiddlywiki5 meta.support.styles.tiddlywiki5 meta.property-value.css punctuation.terminator.rule.css
#                                    ^ text.html.tiddlywiki5 markup.list.unnumbered.unordered.ul.li.tiddlywiki5 markup.other.style.tiddlywiki5 meta.support.classes.tiddlywiki5 entity.other.attribute-name.class.css punctuation.definition.entity.css
#                                     ^^^^^^ text.html.tiddlywiki5 markup.list.unnumbered.unordered.ul.li.tiddlywiki5 markup.other.style.tiddlywiki5 meta.support.classes.tiddlywiki5 entity.other.attribute-name.class.css punctuation.definition.entity.css entity.other.attribute-name.class.css
#                                           ^ text.html.tiddlywiki5 markup.list.unnumbered.unordered.ul.li.tiddlywiki5 markup.other.style.tiddlywiki5 meta.support.classes.tiddlywiki5 entity.other.attribute-name.class.css punctuation.definition.entity.css
#                                            ^^^^^^ text.html.tiddlywiki5 markup.list.unnumbered.unordered.ul.li.tiddlywiki5 markup.other.style.tiddlywiki5 meta.support.classes.tiddlywiki5 entity.other.attribute-name.class.css punctuation.definition.entity.css entity.other.attribute-name.class.css
#                                                  ^ text.html.tiddlywiki5 markup.list.unnumbered.unordered.ul.li.tiddlywiki5 markup.other.style.tiddlywiki5
#                                                   ^^^ text.html.tiddlywiki5 markup.list.unnumbered.unordered.ul.li.tiddlywiki5 markup.other.style.tiddlywiki5 punctuation.definition.hardlinebreaks.begin.tiddlywiki5
>''Inline styling''
#^^ text.html.tiddlywiki5 markup.list.unnumbered.unordered.ul.li.tiddlywiki5 markup.other.style.tiddlywiki5 markup.other.preformatted.hardlinebreaks.tiddlywiki5 punctuation.definition.markup.begin.bold.tiddlywiki5
#  ^^^^^^^^^^^^^^ text.html.tiddlywiki5 markup.list.unnumbered.unordered.ul.li.tiddlywiki5 markup.other.style.tiddlywiki5 markup.other.preformatted.hardlinebreaks.tiddlywiki5 markup.bold.tiddlywiki5
#                ^^ text.html.tiddlywiki5 markup.list.unnumbered.unordered.ul.li.tiddlywiki5 markup.other.style.tiddlywiki5 markup.other.preformatted.hardlinebreaks.tiddlywiki5 punctuation.definition.markup.end.bold.tiddlywiki5
>wraps inline run""" into `HTMLSpanElement` @@
#^^^^^^^^^^^^^^^^ text.html.tiddlywiki5 markup.list.unnumbered.unordered.ul.li.tiddlywiki5 markup.other.style.tiddlywiki5 markup.other.preformatted.hardlinebreaks.tiddlywiki5
#                ^^^ text.html.tiddlywiki5 markup.list.unnumbered.unordered.ul.li.tiddlywiki5 markup.other.style.tiddlywiki5 punctuation.definition.hardlinebreaks.end.tiddlywiki5
#                   ^^^^^^ text.html.tiddlywiki5 markup.list.unnumbered.unordered.ul.li.tiddlywiki5 markup.other.style.tiddlywiki5
#                         ^ text.html.tiddlywiki5 markup.list.unnumbered.unordered.ul.li.tiddlywiki5 markup.other.style.tiddlywiki5 keyword.control.raw.tick.tiddlywiki5 punctuation.definition.raw.markup.single.begin.tiddlywiki5
#                          ^^^^^^^^^^^^^^^ text.html.tiddlywiki5 markup.list.unnumbered.unordered.ul.li.tiddlywiki5 markup.other.style.tiddlywiki5 markup.inline.raw.single.tiddlywiki5
#                                         ^ text.html.tiddlywiki5 markup.list.unnumbered.unordered.ul.li.tiddlywiki5 markup.other.style.tiddlywiki5 keyword.control.raw.tick.tiddlywiki5 punctuation.definition.raw.markup.single.end.tiddlywiki5
#                                          ^ text.html.tiddlywiki5 markup.list.unnumbered.unordered.ul.li.tiddlywiki5 markup.other.style.tiddlywiki5
#                                           ^^ text.html.tiddlywiki5 markup.list.unnumbered.unordered.ul.li.tiddlywiki5 markup.other.style.tiddlywiki5 punctuation.definition.style.markup.end.tiddlywiki5
>
><!--#endregion -->
#^^^^ text.html.tiddlywiki5 comment.block.html.tiddlywiki5 punctuation.definition.comment.html.tiddlywiki5
#    ^^^^^^^^^^^ text.html.tiddlywiki5 comment.block.html.tiddlywiki5
#               ^^^ text.html.tiddlywiki5 comment.block.html.tiddlywiki5 punctuation.definition.comment.html.tiddlywiki5
>
>