>field:value
#^^^^^ source.tiddlywiki5.tid-file meta.text.tiddler.fields.tiddlywiki5.tid-file meta.tiddler.field.tiddlywiki5.fields entity.other.attribute-name.field.wikitext.tiddlywiki5.fields
#     ^ source.tiddlywiki5.tid-file meta.text.tiddler.fields.tiddlywiki5.tid-file meta.tiddler.field.tiddlywiki5.fields punctuation.separator.key-value.field.tiddlywiki5.fields
#      ^^^^^ source.tiddlywiki5.tid-file meta.text.tiddler.fields.tiddlywiki5.tid-file meta.tiddler.field.tiddlywiki5.fields meta.tiddler.field.value.wikitext.tiddlywiki5.fields text.html.tiddlywiki5 meta.paragraph.tiddlywiki5
> field   :  value <$test> {{test}} <<test>>
#^^^^^^^^^ source.tiddlywiki5.tid-file meta.text.tiddler.fields.tiddlywiki5.tid-file meta.tiddler.field.tiddlywiki5.fields entity.other.attribute-name.field.wikitext.tiddlywiki5.fields
#         ^ source.tiddlywiki5.tid-file meta.text.tiddler.fields.tiddlywiki5.tid-file meta.tiddler.field.tiddlywiki5.fields punctuation.separator.key-value.field.tiddlywiki5.fields
#          ^^^^^^^^ source.tiddlywiki5.tid-file meta.text.tiddler.fields.tiddlywiki5.tid-file meta.tiddler.field.tiddlywiki5.fields meta.tiddler.field.value.wikitext.tiddlywiki5.fields text.html.tiddlywiki5 meta.paragraph.tiddlywiki5
#                  ^ source.tiddlywiki5.tid-file meta.text.tiddler.fields.tiddlywiki5.tid-file meta.tiddler.field.tiddlywiki5.fields meta.tiddler.field.value.wikitext.tiddlywiki5.fields text.html.tiddlywiki5 meta.paragraph.tiddlywiki5 meta.tag.widget.test.html.tiddlywiki5 punctuation.definition.tag.begin.html.tiddlywiki5
#                   ^ source.tiddlywiki5.tid-file meta.text.tiddler.fields.tiddlywiki5.tid-file meta.tiddler.field.tiddlywiki5.fields meta.tiddler.field.value.wikitext.tiddlywiki5.fields text.html.tiddlywiki5 meta.paragraph.tiddlywiki5 meta.tag.widget.test.html.tiddlywiki5 entity.name.tag.html.tiddlywiki5 entity.name.function.widget.tiddlywiki5 punctuation.definition.tag.widget.tiddlywiki5
#                    ^^^^ source.tiddlywiki5.tid-file meta.text.tiddler.fields.tiddlywiki5.tid-file meta.tiddler.field.tiddlywiki5.fields meta.tiddler.field.value.wikitext.tiddlywiki5.fields text.html.tiddlywiki5 meta.paragraph.tiddlywiki5 meta.tag.widget.test.html.tiddlywiki5 entity.name.tag.html.tiddlywiki5 entity.name.function.widget.tiddlywiki5
#                        ^ source.tiddlywiki5.tid-file meta.text.tiddler.fields.tiddlywiki5.tid-file meta.tiddler.field.tiddlywiki5.fields meta.tiddler.field.value.wikitext.tiddlywiki5.fields text.html.tiddlywiki5 meta.paragraph.tiddlywiki5 meta.tag.widget.test.html.tiddlywiki5 punctuation.definition.tag.end.html.tiddlywiki5
#                         ^ source.tiddlywiki5.tid-file meta.text.tiddler.fields.tiddlywiki5.tid-file meta.tiddler.field.tiddlywiki5.fields meta.tiddler.field.value.wikitext.tiddlywiki5.fields text.html.tiddlywiki5 meta.paragraph.tiddlywiki5
#                          ^^ source.tiddlywiki5.tid-file meta.text.tiddler.fields.tiddlywiki5.tid-file meta.tiddler.field.tiddlywiki5.fields meta.tiddler.field.value.wikitext.tiddlywiki5.fields text.html.tiddlywiki5 meta.paragraph.tiddlywiki5 meta.transclusion.transcludeinline.tiddlywiki5 punctuation.definition.transclusion.transcludeinline.begin.tiddlywiki5 punctuation.definition.tag.transclusion.tiddlywiki5
#                            ^^^^ source.tiddlywiki5.tid-file meta.text.tiddler.fields.tiddlywiki5.tid-file meta.tiddler.field.tiddlywiki5.fields meta.tiddler.field.value.wikitext.tiddlywiki5.fields text.html.tiddlywiki5 meta.paragraph.tiddlywiki5 meta.transclusion.transcludeinline.tiddlywiki5 meta.transclusion.tokenize.tiddlywiki5 meta.transclusion.text-reference.tiddlywiki5 meta.support.text-reference.tiddlywiki5 variable.other.reference.tiddlywiki5 string.text-reference.tiddlywiki5 entity.name.tiddler.field.title.tiddlywiki5
#                                ^^ source.tiddlywiki5.tid-file meta.text.tiddler.fields.tiddlywiki5.tid-file meta.tiddler.field.tiddlywiki5.fields meta.tiddler.field.value.wikitext.tiddlywiki5.fields text.html.tiddlywiki5 meta.paragraph.tiddlywiki5 meta.transclusion.transcludeinline.tiddlywiki5 punctuation.definition.transclusion.transcludeinline.end.tiddlywiki5 punctuation.definition.tag.transclusion.tiddlywiki5
#                                  ^ source.tiddlywiki5.tid-file meta.text.tiddler.fields.tiddlywiki5.tid-file meta.tiddler.field.tiddlywiki5.fields meta.tiddler.field.value.wikitext.tiddlywiki5.fields text.html.tiddlywiki5 meta.paragraph.tiddlywiki5
#                                   ^^ source.tiddlywiki5.tid-file meta.text.tiddler.fields.tiddlywiki5.tid-file meta.tiddler.field.tiddlywiki5.fields meta.tiddler.field.value.wikitext.tiddlywiki5.fields text.html.tiddlywiki5 meta.paragraph.tiddlywiki5 meta.variable.call.inline.tiddlywiki5 meta.variable.procedurecallinline.tiddlywiki5 punctuation.definition.call.inline.begin.tiddlywiki5 punctuation.definition.procedurecallinline.begin.tiddlywiki5 punctuation.definition.tag.procedurecall.tiddlywiki5
#                                     ^^^^ source.tiddlywiki5.tid-file meta.text.tiddler.fields.tiddlywiki5.tid-file meta.tiddler.field.tiddlywiki5.fields meta.tiddler.field.value.wikitext.tiddlywiki5.fields text.html.tiddlywiki5 meta.paragraph.tiddlywiki5 meta.variable.call.inline.tiddlywiki5 meta.variable.procedurecallinline.tiddlywiki5 variable.name.call.tiddlywiki5 variable.name.procedure.tiddlywiki5 support.function.procedure.tiddlywiki5 entity.name.function.procedure.tiddlywiki5
#                                         ^^ source.tiddlywiki5.tid-file meta.text.tiddler.fields.tiddlywiki5.tid-file meta.tiddler.field.tiddlywiki5.fields meta.tiddler.field.value.wikitext.tiddlywiki5.fields text.html.tiddlywiki5 meta.paragraph.tiddlywiki5 meta.variable.call.inline.tiddlywiki5 meta.variable.procedurecallinline.tiddlywiki5 punctuation.definition.call.inline.end.tiddlywiki5 punctuation.definition.procedurecallinline.end.tiddlywiki5 punctuation.definition.tag.procedurecall.tiddlywiki5
>  i||egal field name   : :field value: @@.class test@@
#^^^^^^^^^^^^^^^^^^^^^^^ source.tiddlywiki5.tid-file meta.text.tiddler.fields.tiddlywiki5.tid-file meta.tiddler.field.tiddlywiki5.fields entity.other.attribute-name.field.wikitext.tiddlywiki5.fields
#                       ^ source.tiddlywiki5.tid-file meta.text.tiddler.fields.tiddlywiki5.tid-file meta.tiddler.field.tiddlywiki5.fields punctuation.separator.key-value.field.tiddlywiki5.fields
#                        ^ source.tiddlywiki5.tid-file meta.text.tiddler.fields.tiddlywiki5.tid-file meta.tiddler.field.tiddlywiki5.fields meta.tiddler.field.value.wikitext.tiddlywiki5.fields text.html.tiddlywiki5 markup.list.unnumbered.description.dl.dd.tiddlywiki5
#                         ^ source.tiddlywiki5.tid-file meta.text.tiddler.fields.tiddlywiki5.tid-file meta.tiddler.field.tiddlywiki5.fields meta.tiddler.field.value.wikitext.tiddlywiki5.fields text.html.tiddlywiki5 markup.list.unnumbered.description.dl.dd.tiddlywiki5 punctuation.definition.list.begin.tiddlywiki5 punctuation.definition.unnumbered.description.dl.dd.list.markup.tiddlywiki5
#                          ^^^^^^^^^^^^^ source.tiddlywiki5.tid-file meta.text.tiddler.fields.tiddlywiki5.tid-file meta.tiddler.field.tiddlywiki5.fields meta.tiddler.field.value.wikitext.tiddlywiki5.fields text.html.tiddlywiki5 markup.list.unnumbered.description.dl.dd.tiddlywiki5
#                                       ^^ source.tiddlywiki5.tid-file meta.text.tiddler.fields.tiddlywiki5.tid-file meta.tiddler.field.tiddlywiki5.fields meta.tiddler.field.value.wikitext.tiddlywiki5.fields text.html.tiddlywiki5 markup.list.unnumbered.description.dl.dd.tiddlywiki5 markup.other.style.tiddlywiki5 punctuation.definition.style.markup.begin.tiddlywiki5
#                                         ^ source.tiddlywiki5.tid-file meta.text.tiddler.fields.tiddlywiki5.tid-file meta.tiddler.field.tiddlywiki5.fields meta.tiddler.field.value.wikitext.tiddlywiki5.fields text.html.tiddlywiki5 markup.list.unnumbered.description.dl.dd.tiddlywiki5 markup.other.style.tiddlywiki5 meta.support.classes.tiddlywiki5 entity.other.attribute-name.class.css punctuation.definition.entity.css
#                                          ^^^^^ source.tiddlywiki5.tid-file meta.text.tiddler.fields.tiddlywiki5.tid-file meta.tiddler.field.tiddlywiki5.fields meta.tiddler.field.value.wikitext.tiddlywiki5.fields text.html.tiddlywiki5 markup.list.unnumbered.description.dl.dd.tiddlywiki5 markup.other.style.tiddlywiki5 meta.support.classes.tiddlywiki5 entity.other.attribute-name.class.css punctuation.definition.entity.css entity.other.attribute-name.class.css
#                                               ^^^^^ source.tiddlywiki5.tid-file meta.text.tiddler.fields.tiddlywiki5.tid-file meta.tiddler.field.tiddlywiki5.fields meta.tiddler.field.value.wikitext.tiddlywiki5.fields text.html.tiddlywiki5 markup.list.unnumbered.description.dl.dd.tiddlywiki5 markup.other.style.tiddlywiki5
#                                                    ^^ source.tiddlywiki5.tid-file meta.text.tiddler.fields.tiddlywiki5.tid-file meta.tiddler.field.tiddlywiki5.fields meta.tiddler.field.value.wikitext.tiddlywiki5.fields text.html.tiddlywiki5 markup.list.unnumbered.description.dl.dd.tiddlywiki5 markup.other.style.tiddlywiki5 punctuation.definition.style.markup.end.tiddlywiki5
>  no:  {{{ [[test]prefix[test]] +[<test>] }}}
#^^^^ source.tiddlywiki5.tid-file meta.text.tiddler.fields.tiddlywiki5.tid-file meta.tiddler.field.tiddlywiki5.fields entity.other.attribute-name.field.wikitext.tiddlywiki5.fields
#    ^ source.tiddlywiki5.tid-file meta.text.tiddler.fields.tiddlywiki5.tid-file meta.tiddler.field.tiddlywiki5.fields punctuation.separator.key-value.field.tiddlywiki5.fields
#     ^^ source.tiddlywiki5.tid-file meta.text.tiddler.fields.tiddlywiki5.tid-file meta.tiddler.field.tiddlywiki5.fields meta.tiddler.field.value.wikitext.tiddlywiki5.fields text.html.tiddlywiki5 meta.transclusion.filteredtranscludeblock.tiddlywiki5
#       ^^^ source.tiddlywiki5.tid-file meta.text.tiddler.fields.tiddlywiki5.tid-file meta.tiddler.field.tiddlywiki5.fields meta.tiddler.field.value.wikitext.tiddlywiki5.fields text.html.tiddlywiki5 meta.transclusion.filteredtranscludeblock.tiddlywiki5 punctuation.definition.transclusion.filteredtranscludeblock.begin.tiddlywiki5 keyword.operator.filter.tiddlywiki5 punctuation.definition.tag.transclusion.tiddlywiki5
#          ^ source.tiddlywiki5.tid-file meta.text.tiddler.fields.tiddlywiki5.tid-file meta.tiddler.field.tiddlywiki5.fields meta.tiddler.field.value.wikitext.tiddlywiki5.fields text.html.tiddlywiki5 meta.transclusion.filteredtranscludeblock.tiddlywiki5 meta.filter.tiddlywiki5
#           ^ source.tiddlywiki5.tid-file meta.text.tiddler.fields.tiddlywiki5.tid-file meta.tiddler.field.tiddlywiki5.fields meta.tiddler.field.value.wikitext.tiddlywiki5.fields text.html.tiddlywiki5 meta.transclusion.filteredtranscludeblock.tiddlywiki5 meta.filter.tiddlywiki5 meta.filter.run.tiddlywiki5 punctuation.definition.filter.run.begin.tiddlywiki5
#            ^ source.tiddlywiki5.tid-file meta.text.tiddler.fields.tiddlywiki5.tid-file meta.tiddler.field.tiddlywiki5.fields meta.tiddler.field.value.wikitext.tiddlywiki5.fields text.html.tiddlywiki5 meta.transclusion.filteredtranscludeblock.tiddlywiki5 meta.filter.tiddlywiki5 meta.filter.run.tiddlywiki5 entity.filter.operator.title.tiddlywiki5 meta.filter.operator.step.tiddlywiki5 meta.string.entity.filter.operand.tiddlywiki5 punctuation.definition.operand.string.begin.tiddlywiki5
#             ^^^^ source.tiddlywiki5.tid-file meta.text.tiddler.fields.tiddlywiki5.tid-file meta.tiddler.field.tiddlywiki5.fields meta.tiddler.field.value.wikitext.tiddlywiki5.fields text.html.tiddlywiki5 meta.transclusion.filteredtranscludeblock.tiddlywiki5 meta.filter.tiddlywiki5 meta.filter.run.tiddlywiki5 entity.filter.operator.title.tiddlywiki5 meta.filter.operator.step.tiddlywiki5 string.entity.filter.operand.tiddlywiki5
#                 ^ source.tiddlywiki5.tid-file meta.text.tiddler.fields.tiddlywiki5.tid-file meta.tiddler.field.tiddlywiki5.fields meta.tiddler.field.value.wikitext.tiddlywiki5.fields text.html.tiddlywiki5 meta.transclusion.filteredtranscludeblock.tiddlywiki5 meta.filter.tiddlywiki5 meta.filter.run.tiddlywiki5 entity.filter.operator.title.tiddlywiki5 meta.filter.operator.step.tiddlywiki5 meta.string.entity.filter.operand.tiddlywiki5 punctuation.definition.operand.string.end.tiddlywiki5
#                  ^^^^^^ source.tiddlywiki5.tid-file meta.text.tiddler.fields.tiddlywiki5.tid-file meta.tiddler.field.tiddlywiki5.fields meta.tiddler.field.value.wikitext.tiddlywiki5.fields text.html.tiddlywiki5 meta.transclusion.filteredtranscludeblock.tiddlywiki5 meta.filter.tiddlywiki5 meta.filter.run.tiddlywiki5 entity.filter.operator.title.tiddlywiki5 meta.filter.operator.step.tiddlywiki5 keyword.operator.operator.filter.tiddlywiki5
#                        ^ source.tiddlywiki5.tid-file meta.text.tiddler.fields.tiddlywiki5.tid-file meta.tiddler.field.tiddlywiki5.fields meta.tiddler.field.value.wikitext.tiddlywiki5.fields text.html.tiddlywiki5 meta.transclusion.filteredtranscludeblock.tiddlywiki5 meta.filter.tiddlywiki5 meta.filter.run.tiddlywiki5 entity.filter.operator.title.tiddlywiki5 meta.filter.operator.step.tiddlywiki5 meta.string.entity.filter.operand.tiddlywiki5 punctuation.definition.operand.string.begin.tiddlywiki5
#                         ^^^^ source.tiddlywiki5.tid-file meta.text.tiddler.fields.tiddlywiki5.tid-file meta.tiddler.field.tiddlywiki5.fields meta.tiddler.field.value.wikitext.tiddlywiki5.fields text.html.tiddlywiki5 meta.transclusion.filteredtranscludeblock.tiddlywiki5 meta.filter.tiddlywiki5 meta.filter.run.tiddlywiki5 entity.filter.operator.title.tiddlywiki5 meta.filter.operator.step.tiddlywiki5 string.entity.filter.operand.tiddlywiki5
#                             ^ source.tiddlywiki5.tid-file meta.text.tiddler.fields.tiddlywiki5.tid-file meta.tiddler.field.tiddlywiki5.fields meta.tiddler.field.value.wikitext.tiddlywiki5.fields text.html.tiddlywiki5 meta.transclusion.filteredtranscludeblock.tiddlywiki5 meta.filter.tiddlywiki5 meta.filter.run.tiddlywiki5 entity.filter.operator.title.tiddlywiki5 meta.filter.operator.step.tiddlywiki5 meta.string.entity.filter.operand.tiddlywiki5 punctuation.definition.operand.string.end.tiddlywiki5
#                              ^ source.tiddlywiki5.tid-file meta.text.tiddler.fields.tiddlywiki5.tid-file meta.tiddler.field.tiddlywiki5.fields meta.tiddler.field.value.wikitext.tiddlywiki5.fields text.html.tiddlywiki5 meta.transclusion.filteredtranscludeblock.tiddlywiki5 meta.filter.tiddlywiki5 meta.filter.run.tiddlywiki5 punctuation.definition.filter.run.end.tiddlywiki5
#                               ^ source.tiddlywiki5.tid-file meta.text.tiddler.fields.tiddlywiki5.tid-file meta.tiddler.field.tiddlywiki5.fields meta.tiddler.field.value.wikitext.tiddlywiki5.fields text.html.tiddlywiki5 meta.transclusion.filteredtranscludeblock.tiddlywiki5 meta.filter.tiddlywiki5
#                                ^ source.tiddlywiki5.tid-file meta.text.tiddler.fields.tiddlywiki5.tid-file meta.tiddler.field.tiddlywiki5.fields meta.tiddler.field.value.wikitext.tiddlywiki5.fields text.html.tiddlywiki5 meta.transclusion.filteredtranscludeblock.tiddlywiki5 meta.filter.tiddlywiki5 meta.filter.run.tiddlywiki5 punctuation.definition.filter.run.begin.tiddlywiki5 meta.filter.run.prefix.tiddlywiki5 storage.modifier.prefix.plus.and.accumulate.tiddlywiki5
#                                 ^ source.tiddlywiki5.tid-file meta.text.tiddler.fields.tiddlywiki5.tid-file meta.tiddler.field.tiddlywiki5.fields meta.tiddler.field.value.wikitext.tiddlywiki5.fields text.html.tiddlywiki5 meta.transclusion.filteredtranscludeblock.tiddlywiki5 meta.filter.tiddlywiki5 meta.filter.run.tiddlywiki5 punctuation.definition.filter.run.begin.tiddlywiki5
#                                  ^ source.tiddlywiki5.tid-file meta.text.tiddler.fields.tiddlywiki5.tid-file meta.tiddler.field.tiddlywiki5.fields meta.tiddler.field.value.wikitext.tiddlywiki5.fields text.html.tiddlywiki5 meta.transclusion.filteredtranscludeblock.tiddlywiki5 meta.filter.tiddlywiki5 meta.filter.run.tiddlywiki5 entity.filter.operator.title.tiddlywiki5 meta.filter.operator.step.tiddlywiki5 meta.variable.entity.filter.operand.tiddlywiki5 entity.name.variable.filter.operand.tiddlywiki5 punctuation.definition.operand.variable.begin.tiddlywiki5
#                                   ^^^^ source.tiddlywiki5.tid-file meta.text.tiddler.fields.tiddlywiki5.tid-file meta.tiddler.field.tiddlywiki5.fields meta.tiddler.field.value.wikitext.tiddlywiki5.fields text.html.tiddlywiki5 meta.transclusion.filteredtranscludeblock.tiddlywiki5 meta.filter.tiddlywiki5 meta.filter.run.tiddlywiki5 entity.filter.operator.title.tiddlywiki5 meta.filter.operator.step.tiddlywiki5 meta.variable.entity.filter.operand.tiddlywiki5 entity.name.variable.filter.operand.tiddlywiki5 variable.entity.filter.operand.tiddlywiki5 entity.name.variable.filter.operand.tiddlywiki5
#                                       ^ source.tiddlywiki5.tid-file meta.text.tiddler.fields.tiddlywiki5.tid-file meta.tiddler.field.tiddlywiki5.fields meta.tiddler.field.value.wikitext.tiddlywiki5.fields text.html.tiddlywiki5 meta.transclusion.filteredtranscludeblock.tiddlywiki5 meta.filter.tiddlywiki5 meta.filter.run.tiddlywiki5 entity.filter.operator.title.tiddlywiki5 meta.filter.operator.step.tiddlywiki5 meta.variable.entity.filter.operand.tiddlywiki5 entity.name.variable.filter.operand.tiddlywiki5 punctuation.definition.operand.variable.end.tiddlywiki5
#                                        ^ source.tiddlywiki5.tid-file meta.text.tiddler.fields.tiddlywiki5.tid-file meta.tiddler.field.tiddlywiki5.fields meta.tiddler.field.value.wikitext.tiddlywiki5.fields text.html.tiddlywiki5 meta.transclusion.filteredtranscludeblock.tiddlywiki5 meta.filter.tiddlywiki5 meta.filter.run.tiddlywiki5 punctuation.definition.filter.run.end.tiddlywiki5
#                                         ^ source.tiddlywiki5.tid-file meta.text.tiddler.fields.tiddlywiki5.tid-file meta.tiddler.field.tiddlywiki5.fields meta.tiddler.field.value.wikitext.tiddlywiki5.fields text.html.tiddlywiki5 meta.transclusion.filteredtranscludeblock.tiddlywiki5 meta.filter.tiddlywiki5
#                                          ^^^ source.tiddlywiki5.tid-file meta.text.tiddler.fields.tiddlywiki5.tid-file meta.tiddler.field.tiddlywiki5.fields meta.tiddler.field.value.wikitext.tiddlywiki5.fields text.html.tiddlywiki5 meta.transclusion.filteredtranscludeblock.tiddlywiki5 punctuation.definition.transclusion.filteredtranscludeblock.end.tiddlywiki5 keyword.operator.filter.tiddlywiki5 punctuation.definition.tag.transclusion.tiddlywiki5
>i||egal field name:
#^^^^^^^^^^^^^^^^^^ source.tiddlywiki5.tid-file meta.text.tiddler.fields.tiddlywiki5.tid-file meta.tiddler.field.tiddlywiki5.fields entity.other.attribute-name.field.wikitext.tiddlywiki5.fields
#                  ^ source.tiddlywiki5.tid-file meta.text.tiddler.fields.tiddlywiki5.tid-file meta.tiddler.field.tiddlywiki5.fields punctuation.separator.key-value.field.tiddlywiki5.fields
>title: $:/wikitext.tw
#^^^^^ source.tiddlywiki5.tid-file meta.text.tiddler.fields.tiddlywiki5.tid-file meta.tiddler.field.tiddlywiki5.fields entity.other.attribute-name.field.wikitext.tiddlywiki5.fields
#     ^ source.tiddlywiki5.tid-file meta.text.tiddler.fields.tiddlywiki5.tid-file meta.tiddler.field.tiddlywiki5.fields punctuation.separator.key-value.field.tiddlywiki5.fields
#      ^ source.tiddlywiki5.tid-file meta.text.tiddler.fields.tiddlywiki5.tid-file meta.tiddler.field.tiddlywiki5.fields meta.tiddler.field.value.wikitext.tiddlywiki5.fields text.html.tiddlywiki5 meta.paragraph.tiddlywiki5
#       ^^^ source.tiddlywiki5.tid-file meta.text.tiddler.fields.tiddlywiki5.tid-file meta.tiddler.field.tiddlywiki5.fields meta.tiddler.field.value.wikitext.tiddlywiki5.fields text.html.tiddlywiki5 meta.paragraph.tiddlywiki5 markup.underline.link.syslink.tiddlywiki5 punctuation.definition.link.syslink.tiddlywiki5
#          ^^^^^^^^^^^ source.tiddlywiki5.tid-file meta.text.tiddler.fields.tiddlywiki5.tid-file meta.tiddler.field.tiddlywiki5.fields meta.tiddler.field.value.wikitext.tiddlywiki5.fields text.html.tiddlywiki5 meta.paragraph.tiddlywiki5 markup.underline.link.syslink.tiddlywiki5
> # No valid key-value pair in this line, just ignore it
#^^^^^^^^^^^^^^^^^^^^^^^^^^^^^^^^^^^^^^^^^^^^^^^^^^^^^^^^ source.tiddlywiki5.tid-file meta.text.tiddler.fields.tiddlywiki5.tid-file